== gate-p3: packing + blocking -> full Sgemm ==
        rev 25007d848f1a765bee3e8c44ef3eff08c565917a tree=clean toolchain=go1.27.1 goexperiment=none

  [32mPASS[0m  no stray git worktrees (this repo is the only registered checkout)
-- builds --
  [32mPASS[0m  make build (GOEXPERIMENT=simd)
  [32mPASS[0m  make stock (scalar path, no experiment)
  [32mPASS[0m  go vet (GOEXPERIMENT=simd)
  [32mPASS[0m  go vet (GOEXPERIMENT=simd, linux/amd64)

-- Sgemm vs the float64 oracle: size sweep x transpose x alpha x beta --
        the local run exercises this host's NEON path (go1.27 ships arm64 archsimd);
        the sweep's extent is audited below from a host that ran it with avx512 live
  [32mPASS[0m  [local darwin/arm64] all tests pass
  [32mPASS[0m  [local, stock toolchain] all tests pass without GOEXPERIMENT=simd
        assumed, unverifiable: the configured host set is the fleet this gate is meant to measure: .keel-hosts (or $KEEL_REMOTE_HOSTS) is the only statement of that intent, so there is no second source to check it against
        assumed, unverifiable: each name reaches the machine it is meant to reach: every witness of a host's identity — cpuinfo, the CPU model that enters the record, the hostname itself — is reported BY the host under test, so a name pointed at the wrong machine reports consistently about the wrong machine
        disk headroom: 69902 MiB free on /System/Volumes/Data (scratch (mktemp -d)), floor 512 MiB
        [keel-gvt4] no cpufreq interface at all, so §5 rule 5's governor instrument does not exist on this host rather than having failed on it — the usual reason is a virtualized guest, which does not own the knob. Stability is established here by its ruled substitute instead: BenchmarkPeak at the head, middle and tail of the sweep, judged after the sweep runs
          [keel-gvt4] separate from 'present and unreadable' by ruling: that is a defect on a host that has the knob, this is a host that has none
        [keel-gvt4] admission class: evidentiary (instance=c8g.48xlarge, virt=?, spawn=i-0d3133875e761e8b9:c8g.48xlarge:ondemand) — c8g.48xlarge is admitted to the evidentiary class by KEEL_EVIDENTIARY_SIZES, whose members are full-size types added one justifying read-back at a time, and the launcher independently records this host as c8g.48xlarge on-demand (i-0d3133875e761e8b9)
        [keel-gvt3] no cpufreq interface at all, so §5 rule 5's governor instrument does not exist on this host rather than having failed on it — the usual reason is a virtualized guest, which does not own the knob. Stability is established here by its ruled substitute instead: BenchmarkPeak at the head, middle and tail of the sweep, judged after the sweep runs
          [keel-gvt3] separate from 'present and unreadable' by ruling: that is a defect on a host that has the knob, this is a host that has none
        [keel-gvt3] admission class: evidentiary (instance=c7g.16xlarge, virt=?, spawn=i-0dcb1e7944ad6b0dc:c7g.16xlarge:ondemand) — c7g.16xlarge is admitted to the evidentiary class by KEEL_EVIDENTIARY_SIZES, whose members are full-size types added one justifying read-back at a time, and the launcher independently records this host as c7g.16xlarge on-demand (i-0dcb1e7944ad6b0dc)
  [32mPASS[0m  cross-compiled linux/amd64 test binary (root package: Sgemm vs oracle)
        builder toolchain go1.27.1-X:simd flags=[-buildmode=exe -compiler=gc -trimpath=true], read off keel.test and not off this shell's go
        [keel-gvt4] Neoverse-V2 | instance=c8g.48xlarge | virt=? | 192 cpus | 192 cores | smt=1 | 2 sockets | governor=absent | load1=0.05 load5=0.23 load15=0.56 runnable=1/2052 | tmux=yes | Linux 7.0.0-1013-aws | L2=2048K L1d=64K L3=36864K | spawn=i-0d3133875e761e8b9:c8g.48xlarge:ondemand
  [32mPASS[0m  [keel-gvt4] Sgemm sweep passes
        [keel-gvt4] backends exercised: neon scalar
  [32mPASS[0m  [keel-gvt4] KEEL_FORCE=scalar: the sweep passes with dispatch overridden
        [keel-gvt3] Neoverse-V1 | instance=c7g.16xlarge | virt=? | 64 cpus | 64 cores | smt=1 | 1 sockets | governor=absent | load1=0.12 load5=0.69 load15=0.96 runnable=1/777 | tmux=yes | Linux 7.0.0-1013-aws | L2=1024K L1d=64K L3=32768K | spawn=i-0dcb1e7944ad6b0dc:c7g.16xlarge:ondemand
  [32mPASS[0m  [keel-gvt3] Sgemm sweep passes
        [keel-gvt3] backends exercised: neon scalar
  [32mPASS[0m  [keel-gvt3] KEEL_FORCE=scalar: the sweep passes with dispatch overridden
        avx512 Sgemm sweep: N/A on arm64 (NEON is the dispatched kernel; sweep coverage is 5b's NEON frontier, #156) — not unmeasured (#155)
  [32mPASS[0m  every host that attempted it proved the scalar fallback under KEEL_FORCE=scalar (2/2)

-- sweep extent (criteria 1 and 2: coverage is enforced, not trusted) --
        avx512 sweep extent (criteria 1 and 2): N/A on arm64 (no avx512 sweep; NEON coverage is 5b, #156) — not unmeasured (#155)

-- carried from P2 (criterion 4): the K-loop after packing and blocking --
        compile-time property, audited against the linux/amd64 object code the hosts run
        github.com/scttfrdmn/keel/internal/vec.Kernel8x8: steady-state loop [128,492] 92 insns for 16 arith (5.75 per arith): 0 vector stack refs, 16 reg copies, 8 broadcasts, 32 anchor nops, 0 calls, 0 bounds-check exits, 0 other mem refs
        github.com/scttfrdmn/keel/internal/vec.Kernel4x16: steady-state loop [132,448] 80 insns for 16 arith (5.00 per arith): 0 vector stack refs, 8 reg copies, 4 broadcasts, 30 anchor nops, 0 calls, 0 bounds-check exits, 0 other mem refs
  [32mPASS[0m  0 accumulator spills in the steady-state K-loop (P2 property held)
  [32mPASS[0m  0 calls in the steady-state K-loop (P2 property held)
  [32mPASS[0m  0 surviving bounds checks in the steady-state K-loop (P2 property held)
  [32mPASS[0m  every peak kernel's steady-state loop is still register-only (the denominator is still a ceiling)

-- peak kernels: insns/FMA at or under its recorded ceiling (#145) --
        the denominator's OWN instruction count. Inflating it lowers measured peak and so RAISES every percent-of-peak figure; the chain-independence and no-memory checks cannot see that
  [32mPASS[0m  neonPeak audits 2.187500 insns/FMA, at or under its recorded ceiling 2.1875
  [32mPASS[0m  scalarPeak audits 1.300000 insns/FMA, at or under its recorded ceiling 1.30
        check_bce: 254 bounds check(s) across vec+kern+pack+block, all outside the K-loop (provenance; the criterion is the loop-body audit above)
  [32mPASS[0m  check_bce output recorded as provenance
  [32mPASS[0m  SWEEP_BEST_IPF=4.111 reconciles against shapegen -frontier: 4.111 from 3x24 u=2 broadcast, best of 107 emittable zero-spill shapes

-- throughput sentinel (criteria 5 and 5b): P2's floor re-run on the dispatched shape --
  [32mPASS[0m  roofline verdict controls (76 fixtures)
        insns/FMA sentinel: N/A on arm64 (audits amd64 avx512 tiles; its OpenBLAS-denominator consumer is REPORTED-not-judged here, #155/#162) — not unmeasured
        sentinel declaration: every fleet host and nothing else ($KEEL_SENTINEL_OUT_OF_FLEET unset)
        note: .keel-sentinel exists (mtime 2026-08-11T19:50:40Z) and is NOT read — retired as a selection input (#146)
        judged as sentinels: keel-gvt4 keel-gvt3 
  [32mPASS[0m  every shipped shape's recorded insns/FMA matches the audited object code (8x8/neon=5.750 4x16/neon=5.000)
  [32mPASS[0m  [keel-gvt4] 4x16/neon/kc=128 reaches 56.8% of this host's measured NEON peak, net of CI (>= 52.7%, this host's registered baseline 55.3% (era pinned8) less the same 2.6 points of margin the fleet bar uses (estimator: median of N=3 archived judged runs in era pinned8 at the shipped 4x16/neon shape: ca4b952 20260926T033319Z (55.3), ca4b952 20260926T052544Z (55.2) and 49165ca 20261001T030533Z (55.3, the v0.2.0 certifying run). Across-run spread 0.1 points. Each value is the criterion-5b net-of-CI attainment as printed, so the bar below is derived from the same statistic it judges. Admissible under §5 rule 19: the microkernel attainment per-run CI is NOT printed by the BASELINE branch (only its net-of-CI bound is), and the adjacent rate CIs in the same invocation are <= 0.04% (Sgemm 2048^3 and peak, benchci), so the interval is far under the 2.6-point cap; recomputable from archive/pinned8/gate-p3-under-p4-ca4b952-20260926T033319Z.log + archive/pinned8/gate-p3-under-p4-ca4b952-20260926T052544Z.log + archive/pinned8/gate-p3-under-p4-49165ca-20261001T030533Z.log; registered 2026-10-01))
  [32mPASS[0m  [keel-gvt3] 4x16/neon/kc=128 reaches 78.8% of this host's measured NEON peak, net of CI (>= 76.2%, this host's registered baseline 78.8% (era pinned8) less the same 2.6 points of margin the fleet bar uses (estimator: median of N=3 archived judged runs in era pinned8 at the shipped 4x16/neon shape: ca4b952 20260926T033319Z (78.8), ca4b952 20260926T052544Z (78.8) and 49165ca 20261001T030533Z (78.8, the v0.2.0 certifying run). Across-run spread 0.0 points. Each value is the criterion-5b net-of-CI attainment as printed, so the bar below is derived from the same statistic it judges. Admissible under §5 rule 19: the microkernel attainment per-run CI is NOT printed by the BASELINE branch (only its net-of-CI bound is), and the adjacent rate CIs in the same invocation are <= 0.04% (Sgemm 2048^3 and peak, benchci), so the interval is far under the 2.6-point cap; recomputable from archive/pinned8/gate-p3-under-p4-ca4b952-20260926T033319Z.log + archive/pinned8/gate-p3-under-p4-ca4b952-20260926T052544Z.log + archive/pinned8/gate-p3-under-p4-49165ca-20261001T030533Z.log; registered 2026-10-01))

-- Sgemm at 2048^3: percent of measured peak, and >= 60% of single-thread OpenBLAS --
        -count=10 -benchtime=1s; the bar counts as cleared only net of both confidence intervals
        each host is also run once more with KEEL_KERN_CLASS pinned to the other class (criterion 5b), which is where the extra Sgemm time goes
  [32mPASS[0m  cross-compiled linux/amd64 bench binary (Sgemm + peak)
        [keel-gvt4] Sgemm 2048^3 34.19 GFLOP/s +/- 0.6% [33.98, 34.26] D=1.12 (span 0.82% / interval 0.7313%), peak 61.29 GFLOP/s +/- 0.6% [60.68, 61.56] D=1.76 (span 1.44% / interval 0.8158%)
        [keel-gvt4] = 55.8% of measured peak (55.3% net of CI) — reported, not a P3 criterion
        [keel-gvt4] KEEL_KERN_CLASS=issue selects 4x16/neon too, so both classes agree here and there is nothing to compare
        [keel-gvt3] Sgemm 2048^3 32.36 GFLOP/s +/- 0.0% [32.17, 32.37] D=10 (span 0.62% / interval 0.0618%), peak 41.42 GFLOP/s +/- 0.0% [41.38, 41.43] D=inf (span 0.12% / interval 0.0000%)
        [keel-gvt3] = 78.1% of measured peak (78.1% net of CI) — reported, not a P3 criterion
        [keel-gvt3] KEEL_KERN_CLASS=issue selects 4x16/neon too, so both classes agree here and there is nothing to compare
        [keel-gvt4] governor=none (no cpufreq interface — a virtualized guest does not own the knob)
        [keel-gvt4] distro=ubuntu go=go1.27.0 libopenblas=/usr/local/lib/libopenblas.so
        [keel-gvt4] building the openblas-tagged harness natively from git archive HEAD (25007d8)
        [keel-gvt4] coretype sweep, best of 10 at -benchtime=1s:
          [keel-gvt4] OPENBLAS_CORETYPE=default -> corename=neoversev1, 63.10 GFLOP/s
          [keel-gvt4] OPENBLAS_CORETYPE=ARMV8 -> corename=armv8, 71.38 GFLOP/s
          [keel-gvt4] OPENBLAS_CORETYPE=NEOVERSEN1 -> corename=neoversen1, 70.90 GFLOP/s
          [keel-gvt4] OPENBLAS_CORETYPE=NEOVERSEV1 -> corename=neoversev1, 63.09 GFLOP/s
          [keel-gvt4] OPENBLAS_CORETYPE=NEOVERSEV2 -> corename=neoversev1, 63.10 GFLOP/s
        [keel-gvt4] reference pinned to OPENBLAS_CORETYPE=ARMV8 (corename=armv8, 71.38 GFLOP/s), +13.1% against DYNAMIC_ARCH's own choice (corename=neoversev1, 63.10 GFLOP/s): a cross-family win of 8.28 GFLOP/s against this sweep's own measured same-family drift of 0.01
        [keel-gvt4] openblas: OpenBLAS 0.3.29 DYNAMIC_ARCH NO_AFFINITY armv8 MAX_THREADS=192 corename=armv8 threads=1 procs=192 | gomaxprocs: 1
        [keel-gvt4] reference kernel family: armv8 (on the AVX2-or-better allowlist, and the sweep's winner as pinned)
        [keel-gvt4] peak series GFLOP/s: head 61.305, middle 61.495000000000005, tail 61.394999999999996 (three invocations either side of the sweep; §5 rule 5's substitute instrument, no governor on this host)
  [32mPASS[0m  [keel-gvt4] the peak series is bounded in every window and not ordered: neither of 2 adjacent steps resolves a decline above the resolution-plus-jitter floor its own intervals set (sec/op head->middle -0.3172% against a 1.0990% floor, middle->tail +0.1609% against a 1.0620% floor), so the windows are ties and a tie is not an order (#6, 2026-08-20)
        [keel-gvt4] keel 34.28 GFLOP/s +/- 0.5% [33.99, 34.3] D=1.824 (span 0.90% / interval 0.4959%) vs OpenBLAS 71.27 GFLOP/s +/- 1.6% [69.99, 71.31] D=1.138 (span 1.85% / interval 1.6276%), one invocation
        [keel-gvt4] denominator: openblas 71.27 GFLOP/s (why=fma-bound, class=fma, Sgemm ran 4x16/neon at 5.000 insns/FMA, roofline n/a (why=fma-bound) against a 61.50 GFLOP/s peak)
        [keel-gvt4] plain OpenBLAS is the denominator (why=fma-bound), so the amended and unmodified ratios are the same number
  [35mREPORTED[0m  [keel-gvt4] Sgemm at 2048^3 reads 48.1% of its swept OpenBLAS reference, 47.8% net of CI — REPORTED, not judged against OPENBLAS_FLOOR=0.60: on arm64 that reference is an SVE kernel and keel is NEON (archsimd has no SVE, #162), so the >= 60% bar (amd64/AVX-512-derived) is a foreign-reference category error here (#155). The ratio is the finding, not a keel FAIL; a bar travels with its derivation set.
        [keel-gvt3] governor=none (no cpufreq interface — a virtualized guest does not own the knob)
        [keel-gvt3] distro=ubuntu go=go1.27.0 libopenblas=/usr/local/lib/libopenblas.so
        [keel-gvt3] building the openblas-tagged harness natively from git archive HEAD (25007d8)
        [keel-gvt3] coretype sweep, best of 10 at -benchtime=1s:
          [keel-gvt3] OPENBLAS_CORETYPE=default -> corename=neoversev1, 78.98 GFLOP/s
          [keel-gvt3] OPENBLAS_CORETYPE=ARMV8 -> corename=armv8, 63.37 GFLOP/s
          [keel-gvt3] OPENBLAS_CORETYPE=NEOVERSEN1 -> corename=neoversen1, 63.47 GFLOP/s
          [keel-gvt3] OPENBLAS_CORETYPE=NEOVERSEV1 -> corename=neoversev1, 78.68 GFLOP/s
          [keel-gvt3] OPENBLAS_CORETYPE=NEOVERSEV2 -> corename=neoversev1, 79.02 GFLOP/s
        [keel-gvt3] no cross-family winner beyond drift: the best family the library did not already choose is neoversen1 (OPENBLAS_CORETYPE=NEOVERSEN1) at 63.47 GFLOP/s against the default's 78.98, a difference of -15.51 GFLOP/s inside a measured same-family drift of 0.34
        [keel-gvt3] the reference therefore runs UNPINNED, the way the library runs itself (corename=neoversev1, 78.98 GFLOP/s) — the pin is an intervention justified by a measured effect, and there is none here (#35)
        [keel-gvt3] openblas: OpenBLAS 0.3.29 DYNAMIC_ARCH NO_AFFINITY neoversev1 MAX_THREADS=64 corename=neoversev1 threads=1 procs=64 | gomaxprocs: 1
        [keel-gvt3] reference kernel family: neoversev1 (on the AVX2-or-better allowlist, unpinned and matching the sweep's unpinned candidate)
        [keel-gvt3] peak series GFLOP/s: head 41.42, middle 41.43, tail 41.42 (three invocations either side of the sweep; §5 rule 5's substitute instrument, no governor on this host)
  [32mPASS[0m  [keel-gvt3] the peak series is bounded in every window and declines in one step but not across both: 1 of 2 adjacent steps resolves a decline above the resolution-plus-jitter floor its own intervals set (sec/op head->middle -0.0141% against a 0.0220% floor, middle->tail +0.0195% against a 0.0131% floor), so the series is a non-monotone excursion and not the monotone decline §5 rule 5 names as throttling -- the resolved step is stated above rather than called a tie (#6, 2026-08-20)
        [keel-gvt3] keel 32.35 GFLOP/s +/- 0.0% [32.31, 32.36] D=5 (span 0.15% / interval 0.0309%) vs OpenBLAS 78.74 GFLOP/s +/- 0.0% [78.71, 78.76] D=1.667 (span 0.06% / interval 0.0381%), one invocation
        [keel-gvt3] denominator: openblas 78.74 GFLOP/s (why=fma-bound, class=fma, Sgemm ran 4x16/neon at 5.000 insns/FMA, roofline n/a (why=fma-bound) against a 41.43 GFLOP/s peak)
        [keel-gvt3] plain OpenBLAS is the denominator (why=fma-bound), so the amended and unmodified ratios are the same number
  [35mREPORTED[0m  [keel-gvt3] Sgemm at 2048^3 reads 41.1% of its swept OpenBLAS reference, 41.0% net of CI — REPORTED, not judged against OPENBLAS_FLOOR=0.60: on arm64 that reference is an SVE kernel and keel is NEON (archsimd has no SVE, #162), so the >= 60% bar (amd64/AVX-512-derived) is a foreign-reference category error here (#155). The ratio is the finding, not a keel FAIL; a bar travels with its derivation set.
  [35mREPORTED[0m  the keel/OpenBLAS ratio is REPORTED on all 2 arm64 host(s), not judged against the 60% floor: NEON vs an SVE reference (#155/#162). The per-host ratios are printed above and carry to the certificate as the finding, not scored as a keel FAIL.

-- stated assumptions (trusted, not verified; not verdicts) --
        each line below is a precondition with no read-back mechanism, so it
        carries no verdict. What the certificate asserts, it asserts ON these.
          - the configured host set is the fleet this gate is meant to measure: .keel-hosts (or $KEEL_REMOTE_HOSTS) is the only statement of that intent, so there is no second source to check it against
          - each name reaches the machine it is meant to reach: every witness of a host's identity — cpuinfo, the CPU model that enters the record, the hostname itself — is reported BY the host under test, so a name pointed at the wrong machine reports consistently about the wrong machine

gate-p3 tally: 28 PASS / 0 FAIL / 0 UNMEASURED / 0 BASELINE / 3 REPORTED
gate-p3: GREEN
