host: castor  rev-under-test: a8f520e
binary sha256: 3937ec9cf71b6e630d26641d8866021a21928bbc5e6cde45df6d5b1bd7b4d16d
loadavg: 0.03 0.40 0.31 2/832 12860

=== core model (lscpu MIDR -> ARM core name) ===
CPU(s):                                  20
On-line CPU(s) list:                     0-19
Vendor ID:                               ARM
Model name:                              Cortex-X925
Thread(s) per core:                      1
Core(s) per socket:                      10
CPU(s) scaling MHz:                      100%
BogoMIPS:                                2000.00
Flags:                                   fp asimd evtstrm aes pmull sha1 sha2 crc32 atomics fphp asimdhp cpuid asimdrdm jscvt fcma lrcpc dcpop sha3 sm3 sm4 asimddp sha512 sve asimdfhm dit uscat ilrcpc flagm sb paca pacg dcpodp sve2 sveaes svepmull svebitperm svesha3 svesm4 flagm2 frint svei8mm svebf16 i8mm bf16 dgh bti ecv afp wfxt
Model name:                              Cortex-A725
Thread(s) per core:                      1
Core(s) per socket:                      10

########## cpu19  capacity=1024  part=0xd85  max_freq_khz=3900000 ##########
Cpus_allowed_list:	19
keel-bench-cpu: unknown (no model name in /proc/cpuinfo)
keel-bench-cores: 1 logical
keel-bench-governor: performance
keel-bench-clock-mhz: unknown (no cpu MHz field)
keel-bench-platform: linux/arm64
keel-bench-toolchain: go1.27.1-X:simd
keel-bench-backend: neon (available: neon scalar)
keel-bench-peak-method: measured on this host by BenchmarkPeak (register-only FMA saturation); the formula below is a cross-check, not the denominator (issue #11)
keel-bench-peak-formula: neon: 44.9 GFLOP/s (2.81 GHz cpuinfo_max_freq x 2 FMA ports x 4 lanes)
keel-bench-peak-formula: scalar: 5.6 GFLOP/s (2.81 GHz cpuinfo_max_freq x 2 FP ports, unfused: 1 flop/op x 1 lanes)
keel-bench-gomaxprocs: 1
keel-bench-kern: 4x16/neon (available: 8x8/neon 4x16/neon 8x8/scalar 4x16/scalar)
keel-bench-kern-class: fma insns-per-fma=5.000 (no vector backend in this build (class unused))
keel-bench-kern-audit: 8x8/neon=5.750 4x16/neon=5.000
keel-bench-openblas: not available (no cgo reference harness built; rebuild with -tags openblas on a host that has OpenBLAS)
goos: linux
goarch: arm64
pkg: github.com/scttfrdmn/keel/bench
BenchmarkPeak/neon         	   16946	     73449 ns/op	       114.2 GFLOP/s
BenchmarkPeak/neon         	   16294	     67548 ns/op	       124.2 GFLOP/s
BenchmarkPeak/neon         	   16544	     72667 ns/op	       115.4 GFLOP/s
BenchmarkPeak/neon         	   17744	     67506 ns/op	       124.3 GFLOP/s
BenchmarkPeak/neon         	   17748	     67482 ns/op	       124.3 GFLOP/s
BenchmarkPeak/neon         	   17745	     67550 ns/op	       124.2 GFLOP/s
BenchmarkPeak/neon         	   17758	     67504 ns/op	       124.3 GFLOP/s
BenchmarkPeak/neon         	   17773	     67575 ns/op	       124.1 GFLOP/s
BenchmarkPeak/neon         	   17766	     67550 ns/op	       124.2 GFLOP/s
BenchmarkPeak/neon         	   17745	     67543 ns/op	       124.2 GFLOP/s
BenchmarkPeak/scalar       	   18278	     65698 ns/op	        19.95 GFLOP/s
BenchmarkPeak/scalar       	   18282	     65687 ns/op	        19.95 GFLOP/s
BenchmarkPeak/scalar       	   18277	     65665 ns/op	        19.96 GFLOP/s
BenchmarkPeak/scalar       	   18282	     65665 ns/op	        19.96 GFLOP/s
BenchmarkPeak/scalar       	   18280	     65681 ns/op	        19.96 GFLOP/s
BenchmarkPeak/scalar       	   18273	     65642 ns/op	        19.97 GFLOP/s
BenchmarkPeak/scalar       	   18270	     65646 ns/op	        19.97 GFLOP/s
BenchmarkPeak/scalar       	   18262	     65633 ns/op	        19.97 GFLOP/s
BenchmarkPeak/scalar       	   18265	     65640 ns/op	        19.97 GFLOP/s
BenchmarkPeak/scalar       	   18260	     65617 ns/op	        19.98 GFLOP/s
PASS

########## cpu0  capacity=718  part=0xd87  max_freq_khz=2808000 ##########
Cpus_allowed_list:	0
keel-bench-cpu: unknown (no model name in /proc/cpuinfo)
keel-bench-cores: 1 logical
keel-bench-governor: performance
keel-bench-clock-mhz: unknown (no cpu MHz field)
keel-bench-platform: linux/arm64
keel-bench-toolchain: go1.27.1-X:simd
keel-bench-backend: neon (available: neon scalar)
keel-bench-peak-method: measured on this host by BenchmarkPeak (register-only FMA saturation); the formula below is a cross-check, not the denominator (issue #11)
keel-bench-peak-formula: neon: 44.9 GFLOP/s (2.81 GHz cpuinfo_max_freq x 2 FMA ports x 4 lanes)
keel-bench-peak-formula: scalar: 5.6 GFLOP/s (2.81 GHz cpuinfo_max_freq x 2 FP ports, unfused: 1 flop/op x 1 lanes)
keel-bench-gomaxprocs: 1
keel-bench-kern: 4x16/neon (available: 8x8/neon 4x16/neon 8x8/scalar 4x16/scalar)
keel-bench-kern-class: fma insns-per-fma=5.000 (no vector backend in this build (class unused))
keel-bench-kern-audit: 8x8/neon=5.750 4x16/neon=5.000
keel-bench-openblas: not available (no cgo reference harness built; rebuild with -tags openblas on a host that has OpenBLAS)
goos: linux
goarch: arm64
pkg: github.com/scttfrdmn/keel/bench
BenchmarkPeak/neon         	    6308	    187315 ns/op	        44.78 GFLOP/s
BenchmarkPeak/neon         	    6403	    187277 ns/op	        44.79 GFLOP/s
BenchmarkPeak/neon         	    6406	    187280 ns/op	        44.79 GFLOP/s
BenchmarkPeak/neon         	    6405	    187302 ns/op	        44.79 GFLOP/s
BenchmarkPeak/neon         	    6405	    187238 ns/op	        44.80 GFLOP/s
BenchmarkPeak/neon         	    6406	    187292 ns/op	        44.79 GFLOP/s
BenchmarkPeak/neon         	    6402	    187307 ns/op	        44.79 GFLOP/s
BenchmarkPeak/neon         	    6404	    187361 ns/op	        44.77 GFLOP/s
BenchmarkPeak/neon         	    6402	    187340 ns/op	        44.78 GFLOP/s
BenchmarkPeak/neon         	    6399	    187310 ns/op	        44.78 GFLOP/s
BenchmarkPeak/scalar       	   10000	    117090 ns/op	        11.19 GFLOP/s
BenchmarkPeak/scalar       	   10000	    117069 ns/op	        11.20 GFLOP/s
BenchmarkPeak/scalar       	   10000	    117101 ns/op	        11.19 GFLOP/s
BenchmarkPeak/scalar       	   10000	    117100 ns/op	        11.19 GFLOP/s
BenchmarkPeak/scalar       	   10000	    117078 ns/op	        11.20 GFLOP/s
BenchmarkPeak/scalar       	   10000	    117096 ns/op	        11.19 GFLOP/s
BenchmarkPeak/scalar       	   10000	    117081 ns/op	        11.19 GFLOP/s
BenchmarkPeak/scalar       	   10000	    117091 ns/op	        11.19 GFLOP/s
BenchmarkPeak/scalar       	   10000	    117090 ns/op	        11.19 GFLOP/s
BenchmarkPeak/scalar       	   10000	    117097 ns/op	        11.19 GFLOP/s
PASS

=== 4x16 and 3x24 on an A725, to test the core-type ratio on the SAME rows ===
keel-bench-cpu: unknown (no model name in /proc/cpuinfo)
keel-bench-cores: 1 logical
keel-bench-governor: performance
keel-bench-clock-mhz: unknown (no cpu MHz field)
keel-bench-platform: linux/arm64
keel-bench-toolchain: go1.27.1-X:simd
keel-bench-backend: neon (available: neon scalar)
keel-bench-peak-method: measured on this host by BenchmarkPeak (register-only FMA saturation); the formula below is a cross-check, not the denominator (issue #11)
keel-bench-peak-formula: neon: 44.9 GFLOP/s (2.81 GHz cpuinfo_max_freq x 2 FMA ports x 4 lanes)
keel-bench-peak-formula: scalar: 5.6 GFLOP/s (2.81 GHz cpuinfo_max_freq x 2 FP ports, unfused: 1 flop/op x 1 lanes)
keel-bench-gomaxprocs: 1
keel-bench-kern: 4x16/neon (available: 8x8/neon 4x16/neon 8x8/scalar 4x16/scalar)
keel-bench-kern-class: fma insns-per-fma=5.000 (no vector backend in this build (class unused))
keel-bench-kern-audit: 8x8/neon=5.750 4x16/neon=5.000
keel-bench-openblas: not available (no cgo reference harness built; rebuild with -tags openblas on a host that has OpenBLAS)
goos: linux
goarch: arm64
pkg: github.com/scttfrdmn/keel/bench
BenchmarkKernel/4x16/neon/kc=512         	  386618	      3067 ns/op	        21.37 GFLOP/s	     65536 flops/call
BenchmarkKernel/4x16/neon/kc=512         	  390991	      3067 ns/op	        21.37 GFLOP/s	     65536 flops/call
BenchmarkKernel/4x16/neon/kc=512         	  391118	      3067 ns/op	        21.37 GFLOP/s	     65536 flops/call
BenchmarkKernel/4x16/neon/kc=512         	  391212	      3067 ns/op	        21.37 GFLOP/s	     65536 flops/call
BenchmarkKernel/4x16/neon/kc=512         	  391144	      3067 ns/op	        21.37 GFLOP/s	     65536 flops/call
BenchmarkKernel/4x16/neon/kc=512         	  389542	      3067 ns/op	        21.37 GFLOP/s	     65536 flops/call
BenchmarkKernel/4x16/neon/kc=512         	  390741	      3067 ns/op	        21.37 GFLOP/s	     65536 flops/call
BenchmarkKernel/4x16/neon/kc=512         	  391183	      3067 ns/op	        21.37 GFLOP/s	     65536 flops/call
BenchmarkKernel/4x16/neon/kc=512         	  391029	      3067 ns/op	        21.37 GFLOP/s	     65536 flops/call
BenchmarkKernel/4x16/neon/kc=512         	  391267	      3067 ns/op	        21.37 GFLOP/s	     65536 flops/call
BenchmarkKernel/3x24/neon/kc=512         	  417520	      2855 ns/op	        25.82 GFLOP/s	     73728 flops/call
BenchmarkKernel/3x24/neon/kc=512         	  419443	      2857 ns/op	        25.80 GFLOP/s	     73728 flops/call
BenchmarkKernel/3x24/neon/kc=512         	  419589	      2855 ns/op	        25.82 GFLOP/s	     73728 flops/call
BenchmarkKernel/3x24/neon/kc=512         	  419652	      2857 ns/op	        25.80 GFLOP/s	     73728 flops/call
BenchmarkKernel/3x24/neon/kc=512         	  419902	      2855 ns/op	        25.83 GFLOP/s	     73728 flops/call
BenchmarkKernel/3x24/neon/kc=512         	  417496	      2857 ns/op	        25.80 GFLOP/s	     73728 flops/call
BenchmarkKernel/3x24/neon/kc=512         	  419305	      2855 ns/op	        25.82 GFLOP/s	     73728 flops/call
BenchmarkKernel/3x24/neon/kc=512         	  419846	      2857 ns/op	        25.81 GFLOP/s	     73728 flops/call
BenchmarkKernel/3x24/neon/kc=512         	  419912	      2855 ns/op	        25.82 GFLOP/s	     73728 flops/call
BenchmarkKernel/3x24/neon/kc=512         	  419852	      2857 ns/op	        25.80 GFLOP/s	     73728 flops/call
PASS
loadavg at end: 0.77 0.55 0.38 1/832 12885
