== gate-p5: parallelism, dispatch, polish ==

  [32mPASS[0m  no stray git worktrees (this repo is the only registered checkout)
-- builds, vet and lint --
  [32mPASS[0m  build (GOEXPERIMENT=simd)
  [32mPASS[0m  build (stock toolchain, scalar path, no experiment)
  [32mPASS[0m  go vet (GOEXPERIMENT=simd)
  [32mPASS[0m  go vet (GOEXPERIMENT=simd, linux/amd64)
  [32mPASS[0m  golangci-lint clean (golangci-lint has version 2.13.0 built with go1.26.6 from f838df1 on 2026-08-19T22:55:28Z)

-- the scalar path on a stock toolchain (a P5 criterion in its own right) --
        the fast paths are additive build tags, so the package must be usable the day
        somebody runs `go get` on a toolchain with no experiment enabled at all
  [32mPASS[0m  [local, stock toolchain] every test passes without GOEXPERIMENT=simd
  [32mPASS[0m  [local darwin/arm64] every test passes
        assumed, unverifiable: the configured host set is the fleet this gate is meant to measure: .keel-hosts (or $KEEL_REMOTE_HOSTS) is the only statement of that intent, so there is no second source to check it against
        assumed, unverifiable: each name reaches the machine it is meant to reach: every witness of a host's identity — cpuinfo, the CPU model that enters the record, the hostname itself — is reported BY the host under test, so a name pointed at the wrong machine reports consistently about the wrong machine
        disk headroom: 15648 MiB free on /System/Volumes/Data (scratch (mktemp -d)), floor 512 MiB

-- hosts, governors and topology --
        [keel-skx] Intel(R) Xeon(R) Platinum 8124M CPU @ 3.00GHz | instance=c5n.18xlarge | virt=guest | 72 cpus | 36 cores | smt=2 | 2 sockets | governor=absent | tmux=yes | Linux 6.17.0-1019-aws | L2=1024K L1d=32K L3=25344K | spawn=i-0fd70c544fa3b6761:c5n.18xlarge:ondemand
        [keel-skx] no cpufreq interface at all, so §5 rule 5's governor instrument does not exist on this host rather than having failed on it — the usual reason is a virtualized guest, which does not own the knob. Stability is established here by its ruled substitute instead: BenchmarkPeak at the head, middle and tail of the sweep, judged after the sweep runs
          [keel-skx] separate from 'present and unreadable' by ruling: that is a defect on a host that has the knob, this is a host that has none
        [keel-skx] admission class: evidentiary (instance=c5n.18xlarge, virt=guest, spawn=i-0fd70c544fa3b6761:c5n.18xlarge:ondemand) — c5n.18xlarge is admitted to the evidentiary class by KEEL_EVIDENTIARY_SIZES, whose members are full-size types added one justifying read-back at a time, and the launcher independently records this host as c5n.18xlarge on-demand (i-0fd70c544fa3b6761)
        [keel-skx] smt=2 threads/core, so UNMASKED the criterion's 8 goroutines could span as few as 8/2 physical cores — which is the hazard the mask removes: every benchmark below runs on 8 distinct physical cores, one per cache domain, inside one NUMA node — refused rather than run free, and read back per row for both width and shape (§5 rule 5; the pinning decision #15 asked for)
  [32mPASS[0m  [keel-skx] 72 CPUs, enough for the 8 the criterion names
        [keel-zen5] AMD EPYC 9R45 | instance=c8a.48xlarge | virt=guest | 192 cpus | 192 cores | smt=1 | 2 sockets | governor=absent | tmux=yes | Linux 6.17.0-1019-aws | L2=1024K L1d=48K L3=32768K | spawn=i-088131dc7cfaafc7b:c8a.48xlarge:ondemand
        [keel-zen5] no cpufreq interface at all, so §5 rule 5's governor instrument does not exist on this host rather than having failed on it — the usual reason is a virtualized guest, which does not own the knob. Stability is established here by its ruled substitute instead: BenchmarkPeak at the head, middle and tail of the sweep, judged after the sweep runs
          [keel-zen5] separate from 'present and unreadable' by ruling: that is a defect on a host that has the knob, this is a host that has none
        [keel-zen5] admission class: evidentiary (instance=c8a.48xlarge, virt=guest, spawn=i-088131dc7cfaafc7b:c8a.48xlarge:ondemand) — c8a.48xlarge is admitted to the evidentiary class by KEEL_EVIDENTIARY_SIZES, whose members are full-size types added one justifying read-back at a time, and the launcher independently records this host as c8a.48xlarge on-demand (i-088131dc7cfaafc7b)
        [keel-zen5] smt=1 threads/core, so UNMASKED the criterion's 8 goroutines could span as few as 8/1 physical cores — which is the hazard the mask removes: every benchmark below runs on 8 distinct physical cores, one per cache domain, inside one NUMA node — refused rather than run free, and read back per row for both width and shape (§5 rule 5; the pinning decision #15 asked for)
  [32mPASS[0m  [keel-zen5] 192 CPUs, enough for the 8 the criterion names
        [keel-zen4] AMD EPYC 9R14 | instance=c7a.48xlarge | virt=guest | 192 cpus | 192 cores | smt=1 | 2 sockets | governor=absent | tmux=yes | Linux 6.17.0-1019-aws | L2=1024K L1d=32K L3=32768K | spawn=i-0e84c49c41700d696:c7a.48xlarge:ondemand
        [keel-zen4] no cpufreq interface at all, so §5 rule 5's governor instrument does not exist on this host rather than having failed on it — the usual reason is a virtualized guest, which does not own the knob. Stability is established here by its ruled substitute instead: BenchmarkPeak at the head, middle and tail of the sweep, judged after the sweep runs
          [keel-zen4] separate from 'present and unreadable' by ruling: that is a defect on a host that has the knob, this is a host that has none
        [keel-zen4] admission class: evidentiary (instance=c7a.48xlarge, virt=guest, spawn=i-0e84c49c41700d696:c7a.48xlarge:ondemand) — c7a.48xlarge is admitted to the evidentiary class by KEEL_EVIDENTIARY_SIZES, whose members are full-size types added one justifying read-back at a time, and the launcher independently records this host as c7a.48xlarge on-demand (i-0e84c49c41700d696)
        [keel-zen4] smt=1 threads/core, so UNMASKED the criterion's 8 goroutines could span as few as 8/1 physical cores — which is the hazard the mask removes: every benchmark below runs on 8 distinct physical cores, one per cache domain, inside one NUMA node — refused rather than run free, and read back per row for both width and shape (§5 rule 5; the pinning decision #15 asked for)
  [32mPASS[0m  [keel-zen4] 192 CPUs, enough for the 8 the criterion names

-- parallelism as a correctness property (criteria 5, 6, 7) --
        bitwise identity against the serial nest, no goroutine left running, no state
        carried between calls. The local run is scalar-only, so all of this is audited
        from a host that ran it with the avx512 microkernel live (toolchain-notes T1).
  [32mPASS[0m  cross-compiled linux/amd64 test binary (root package: parallel correctness)
  [32mPASS[0m  [keel-skx] the full test suite passes with the vector backend live
  [32mPASS[0m  [keel-skx] KEEL_FORCE=scalar takes (l1=scalar, kern=4x32/scalar)
  [32mPASS[0m  [keel-skx] KEEL_FORCE=avx2 takes effect as a Level-1-only rung (l1=avx2, kern=4x32/scalar — the #40 ceiling, reported honestly)
  [32mPASS[0m  [keel-skx] KEEL_FORCE=avx512 takes (l1=avx512, kern=2x32/avx512)
  [32mPASS[0m  [keel-skx] KEEL_FORCE=nonsense refuses to run rather than falling back silently
  [32mPASS[0m  [keel-zen5] the full test suite passes with the vector backend live
  [32mPASS[0m  [keel-zen5] KEEL_FORCE=scalar takes (l1=scalar, kern=4x32/scalar)
  [32mPASS[0m  [keel-zen5] KEEL_FORCE=avx2 takes effect as a Level-1-only rung (l1=avx2, kern=4x32/scalar — the #40 ceiling, reported honestly)
  [32mPASS[0m  [keel-zen5] KEEL_FORCE=avx512 takes (l1=avx512, kern=4x32/avx512)
  [32mPASS[0m  [keel-zen5] KEEL_FORCE=nonsense refuses to run rather than falling back silently
  [32mPASS[0m  [keel-zen4] the full test suite passes with the vector backend live
  [32mPASS[0m  [keel-zen4] KEEL_FORCE=scalar takes (l1=scalar, kern=4x32/scalar)
  [32mPASS[0m  [keel-zen4] KEEL_FORCE=avx2 takes effect as a Level-1-only rung (l1=avx2, kern=4x32/scalar — the #40 ceiling, reported honestly)
  [32mPASS[0m  [keel-zen4] KEEL_FORCE=avx512 takes (l1=avx512, kern=4x32/avx512)
  [32mPASS[0m  [keel-zen4] KEEL_FORCE=nonsense refuses to run rather than falling back silently
  [32mPASS[0m  the suite ran green with the avx512 microkernel live (audited from keel-zen4)
  [32mPASS[0m  Sgemm: bit-identical to the serial nest at threads=1,3,8
  [32mPASS[0m  Sgemm: no background threads and no state between calls (goroutines-return-to-baseline,repeat-call-bit-identical)
  [32mPASS[0m  Ssyrk: bit-identical to the serial nest at threads=1,3,8
  [32mPASS[0m  Ssyrk: no background threads and no state between calls (goroutines-return-to-baseline,repeat-call-bit-identical)
  [32mPASS[0m  Ssymm: bit-identical to the serial nest at threads=1,3,8
  [32mPASS[0m  Ssymm: no background threads and no state between calls (goroutines-return-to-baseline,repeat-call-bit-identical)
  [32mPASS[0m  Strsm: bit-identical to the serial nest at threads=1,3,8
  [32mPASS[0m  Strsm: no background threads and no state between calls (goroutines-return-to-baseline,repeat-call-bit-identical)
  [32mPASS[0m  Level-1 chain declared as avx512,avx2,scalar, and this gate forced every element of it above
  [32mPASS[0m  Level-3 chain declared as avx512,scalar — two rungs by ruling (#40), and the avx2 ceiling asserted per host above

-- race detector (a named P5 criterion) --
        -race needs cgo and remote_build_test is CGO_ENABLED=0 by design, so the
        instrumented binary is built NATIVELY on each host from git archive HEAD — the
        same mechanism gate-p3 uses for its OpenBLAS harness. The dev host's own run is
        kept as well: it is arm64 and scalar-only, but the worker pool, the shared
        packed-B panel and the sync.Pool are backend-independent Go, so having two
        architectures' schedulers look at the same concurrency is worth the minute.
  [32mPASS[0m  [local darwin/arm64, scalar path] race detector clean
  [33mUNMEASURED[0m  [keel-skx, vector path live, go version go1.26.5 linux/amd64, GOMAXPROCS at the host default] the -race run died on archsimd's checkptr violation before it could measure anything, so the criterion is unmeasured (toolchain-notes T17, #42, upstream golang/go#80856, fixed by CL 761120 in go1.27 — the path here is #69's port behind #70's toolchain floor; the criterion is not amendable)
        fatal error: checkptr: converted pointer straddles multiple allocations
        
        goroutine 11594 gp=0xc00058f680 m=46 mp=0xc001780008 [running]:
        runtime.throw({0x6cbba3?, 0x6018f3?})
        	/usr/local/go/src/runtime/panic.go:1229 +0x48 fp=0xc001c5f820 sp=0xc001c5f7f0 pc=0x4bede8
        runtime.checkptrAlignment(0x6?, 0x52a187?, 0x4a1000?)
        	/usr/local/go/src/runtime/checkptr.go:26 +0x5b fp=0xc001c5f840 sp=0xc001c5f820 pc=0x44fafb
        simd/archsimd.paFloat32x16(...)
        	/usr/local/go/src/simd/archsimd/unsafe_helpers.go:209
        simd/archsimd.LoadFloat32x16SlicePart(...)
        	/usr/local/go/src/simd/archsimd/slice_gen_amd64.go:578
        github.com/scttfrdmn/keel/internal/vec.LoadPart512(...)
        	/tmp/keel-p5-src/internal/vec/vec_avx512.go:40
        github.com/scttfrdmn/keel/internal/l1.avx512Dot({0xc00022238c, 0x1, 0x1}, {0xc0002223ac, 0xc00058f680?, 0x1})
        	/tmp/keel-p5-src/internal/l1/l1_amd64.go:182 +0x2d5 fp=0xc001c5fa20 sp=0xc001c5f840 pc=0x5ed9f5
        github.com/scttfrdmn/keel.Sgemv(0x4e, 0x1, 0x1, 0x3f800000, {0xc00022238c, 0x1, 0x1}, 0x1, {0xc0002223ac, 0x1, ...}, ...)
        	/tmp/keel-p5-src/keel.go:438 +0x593 fp=0xc001c5fb80 sp=0xc001c5fa20 pc=0x6018f3
        github.com/scttfrdmn/keel.gemvCase(0xc0001a6908, 0xc000255340, 0x1, 0x1, {0x0, 0x3f800000, 0x0, 0x1, 0x1})
        	/tmp/keel-p5-src/gemv_test.go:115 +0x67c fp=0xc001c5fe58 sp=0xc001c5fb80 pc=0x61397c
        github.com/scttfrdmn/keel.TestSgemvSweep.func1.1.1(0xc0001a6908)
  [33mUNMEASURED[0m  [keel-zen5, vector path live, go version go1.26.5 linux/amd64, GOMAXPROCS at the host default] the -race run died on archsimd's checkptr violation before it could measure anything, so the criterion is unmeasured (toolchain-notes T17, #42, upstream golang/go#80856, fixed by CL 761120 in go1.27 — the path here is #69's port behind #70's toolchain floor; the criterion is not amendable)
        fatal error: checkptr: converted pointer straddles multiple allocations
        
        goroutine 11979 gp=0xc001023a40 m=112 mp=0xc006c23808 [running]:
        runtime.throw({0x6cbba3?, 0x6018f3?})
        	/usr/local/go/src/runtime/panic.go:1229 +0x48 fp=0xc000dda820 sp=0xc000dda7f0 pc=0x4bede8
        runtime.checkptrAlignment(0x6?, 0x52a187?, 0x4a1000?)
        	/usr/local/go/src/runtime/checkptr.go:26 +0x5b fp=0xc000dda840 sp=0xc000dda820 pc=0x44fafb
        simd/archsimd.paFloat32x16(...)
        	/usr/local/go/src/simd/archsimd/unsafe_helpers.go:209
        simd/archsimd.LoadFloat32x16SlicePart(...)
        	/usr/local/go/src/simd/archsimd/slice_gen_amd64.go:578
        github.com/scttfrdmn/keel/internal/vec.LoadPart512(...)
        	/tmp/keel-p5-src/internal/vec/vec_avx512.go:40
        github.com/scttfrdmn/keel/internal/l1.avx512Dot({0xc002918e3c, 0x1, 0x1}, {0xc002918e5c, 0xb50cca?, 0x1})
        	/tmp/keel-p5-src/internal/l1/l1_amd64.go:182 +0x2d5 fp=0xc000ddaa20 sp=0xc000dda840 pc=0x5ed9f5
        github.com/scttfrdmn/keel.Sgemv(0x4e, 0x1, 0x1, 0x3f800000, {0xc002918e3c, 0x1, 0x1}, 0x1, {0xc002918e5c, 0x1, ...}, ...)
        	/tmp/keel-p5-src/keel.go:438 +0x593 fp=0xc000ddab80 sp=0xc000ddaa20 pc=0x6018f3
        github.com/scttfrdmn/keel.gemvCase(0xc000b74d88, 0xc0026f48c0, 0x1, 0x1, {0x0, 0x3f800000, 0x0, 0x1, 0x1})
        	/tmp/keel-p5-src/gemv_test.go:115 +0x67c fp=0xc000ddae58 sp=0xc000ddab80 pc=0x61397c
        github.com/scttfrdmn/keel.TestSgemvSweep.func1.1.1(0xc000b74d88)
  [33mUNMEASURED[0m  [keel-zen4, vector path live, go version go1.26.5 linux/amd64, GOMAXPROCS at the host default] the -race run died on archsimd's checkptr violation before it could measure anything, so the criterion is unmeasured (toolchain-notes T17, #42, upstream golang/go#80856, fixed by CL 761120 in go1.27 — the path here is #69's port behind #70's toolchain floor; the criterion is not amendable)
        fatal error: checkptr: converted pointer straddles multiple allocations
        
        goroutine 12007 gp=0xc006180960 m=66 mp=0xc006400008 [running]:
        runtime.throw({0x6cbba3?, 0x6018f3?})
        	/usr/local/go/src/runtime/panic.go:1229 +0x48 fp=0xc000421820 sp=0xc0004217f0 pc=0x4bede8
        runtime.checkptrAlignment(0x6?, 0x52a187?, 0x4a1000?)
        	/usr/local/go/src/runtime/checkptr.go:26 +0x5b fp=0xc000421840 sp=0xc000421820 pc=0x44fafb
        simd/archsimd.paFloat32x16(...)
        	/usr/local/go/src/simd/archsimd/unsafe_helpers.go:209
        simd/archsimd.LoadFloat32x16SlicePart(...)
        	/usr/local/go/src/simd/archsimd/slice_gen_amd64.go:578
        github.com/scttfrdmn/keel/internal/vec.LoadPart512(...)
        	/tmp/keel-p5-src/internal/vec/vec_avx512.go:40
        github.com/scttfrdmn/keel/internal/l1.avx512Dot({0xc006112c8c, 0x1, 0x1}, {0xc006112cac, 0xaafc62?, 0x1})
        	/tmp/keel-p5-src/internal/l1/l1_amd64.go:182 +0x2d5 fp=0xc000421a20 sp=0xc000421840 pc=0x5ed9f5
        github.com/scttfrdmn/keel.Sgemv(0x4e, 0x1, 0x1, 0x3f800000, {0xc006112c8c, 0x1, 0x1}, 0x1, {0xc006112cac, 0x1, ...}, ...)
        	/tmp/keel-p5-src/keel.go:438 +0x593 fp=0xc000421b80 sp=0xc000421a20 pc=0x6018f3
        github.com/scttfrdmn/keel.gemvCase(0xc000923208, 0xc00659f420, 0x1, 0x1, {0x0, 0x3f800000, 0x0, 0x1, 0x1})
        	/tmp/keel-p5-src/gemv_test.go:115 +0x67c fp=0xc000421e58 sp=0xc000421b80 pc=0x61397c
        github.com/scttfrdmn/keel.TestSgemvSweep.func1.1.1(0xc000923208)
  [33mUNMEASURED[0m  no host produced a race-detector reading on the vector path, so that criterion is unmeasured rather than clean

-- scaling at 8 cores on 4096^3 (the headline criterion) --
        -test.count=10 -test.benchtime=1s; one invocation per host with both thread
        counts inside it, and the floor counts as cleared only net of both intervals
        measured and reported against each host's own 8-thread ceiling, fraction deferred to this measurement: Sgemm Ssyrk Ssymm — the 6.0x cross-host floor is RETIRED (#6, 2026-08-20) and this class has NO FRACTION IN FORCE. A bar cannot be pre-typed from the run whose own rows are its formula's inputs, so this run REPORTS, a reviewed commit types the value from these rows with its derivation, and the next run is the first judged (ruled 2026-08-21, #6; §5 rule 17(d)). This branch has fired THREE times: at the retirement of the 6.0x floor, at era pinned8's boundary, where 57.8 could not be inherited because a bar from another instrument's rows books the methodology delta as host drift, and now at the 2026-08-22 spread amendment, which retires 51.0 for the same reason one bar in: it was typed from rows whose eight cores were confined to one cache domain, so its denominator was measured by an instrument this run does not use
        measured and reported, floor deferred to this measurement plus a stated model: Strsm (#37). This is a SUSPENSION and not an absence: 7.0x WAS ratified 2026-08-16 and is retired here, made era-scoped by the 2026-08-22 ruling on #6 because its denominator is the 1-thread arm this fleet has measured bimodal and placement-sensitive, and rule 5's own controls are silent on that arm
  [32mPASS[0m  BASELINE-REGISTERED readers pass their controls (50 fixtures; 21 mutants driven 2026-08-21, all killed, and a 22nd found unkillable — an unnamed-era guard whose deletion changed nothing observable, so it was deleted rather than explained. §5 rule 12: the number is what it covers, and mutation is a session act with no standing harness)
        measurement era: pinned8 — PROVISIONAL, its both-arms transition archive not yet landed in scripts/measurement-eras.tsv. Provisional is a disclosure and not a permission: what bounds BASELINE is scripts/judged-runs.tsv, one row per (cpu_model, era), so each host still gets exactly one (#6)
  [32mPASS[0m  cross-compiled linux/amd64 bench binary (Scale + Peak)
        [keel-skx] governor=none (no cpufreq interface — a virtualized guest does not own the knob)
        [keel-skx] samples archived: build/bench-gate-p5-6ba6566-keel-skx-20260822T231901Z-1.txt
  [32mPASS[0m  [keel-skx] placement pinned to 8 cores over 1 of the node's 1 cache domains (mask 0,1,2,3,4,5,6,7), confirmed three ways: the harness applied it, Go reports GOMAXPROCS=8 off its own affinity, and the recorded domain list satisfies rule 5's spread invariant — so every row below carries -8 and the numerator and denominator of each share came from the identical mask (§5 rule 5)
  [32mPASS[0m  [keel-skx] benchci reproduces the pinned benchstat: 42 cell(s) agree with the pinned benchstat on every center, and on every CI after rounding to %.0f%%
        [keel-skx] peak series GFLOP/s: head 192.55, middle 192.6, tail 192.55 (three invocations either side of the sweep; §5 rule 5's substitute instrument, no governor on this host)
  [32mPASS[0m  [keel-skx] the peak series is bounded in every window and not ordered: neither of 2 adjacent steps resolves a decline above the resolution-plus-jitter floor its own intervals set (sec/op head->middle -0.0203% against a 0.2541% floor, middle->tail +0.0153% against a 0.2650% floor), so the windows are ties and a tie is not an order (#6, 2026-08-20)
        [keel-skx] ceiling: compute 1444 GFLOP/s +/- 0.07% measured at 8 threads, against 193.2 at 1 thread — 93.4% of 8x the 1-thread reading. That shortfall is what the retired 6.0x floor's denominator assumed away; this gate measures it and does not attribute it, since clock droop, core heterogeneity and shared-cache pressure are indistinguishable here
        [keel-skx] ceiling: stream/dot 87.38499999999999 GB/s at 8 threads, 13.555 at 1 — reported. NOT yet in the min(): converting GB/s to a FLOP/s bound needs a declared DRAM traffic count and no benchmark declares one, so the ceiling in force is the compute term alone, which can only UNDERSTATE how close this host is to its true ceiling
        [keel-skx] ceiling: stream/axpy 90.03 GB/s at 8 threads, 18.94 at 1 — reported. NOT yet in the min(): converting GB/s to a FLOP/s bound needs a declared DRAM traffic count and no benchmark declares one, so the ceiling in force is the compute term alone, which can only UNDERSTATE how close this host is to its true ceiling
        [keel-skx] Sgemm: 1 thread 68.24 GFLOP/s +/- 3.3%, 8 threads 450.9 GFLOP/s +/- 0.5%
        [keel-skx] Sgemm: 29.3% of 8x the single-thread avx512 peak (192.6 GFLOP/s) — reported, not a criterion, and that denominator ignores the clock's drop with core count
  [36mBASELINE[0m  [keel-skx] Sgemm reaches 31.0% of this host's measured 8-thread ceiling (1444 GFLOP/s), and this silicon has no registered baseline and no witness row in era pinned8: the fleet bar's reference artifact predates its admission to this era, so the reading is RECORDED as its candidate baseline rather than judged (#6). Candidate rows: build/baseline-candidates-6ba6566.tsv and build/witness-candidates-6ba6566.tsv
        [keel-skx] Ssyrk: 1 thread 64.27 GFLOP/s +/- 0.2%, 8 threads 453.2 GFLOP/s +/- 0.4%
        [keel-skx] Ssyrk: 29.4% of 8x the single-thread avx512 peak (192.6 GFLOP/s) — reported, not a criterion, and that denominator ignores the clock's drop with core count
  [36mBASELINE[0m  [keel-skx] Ssyrk reaches 31.2% of this host's measured 8-thread ceiling (1444 GFLOP/s), and this silicon has no registered baseline and no witness row in era pinned8: the fleet bar's reference artifact predates its admission to this era, so the reading is RECORDED as its candidate baseline rather than judged (#6). Candidate rows: build/baseline-candidates-6ba6566.tsv and build/witness-candidates-6ba6566.tsv
        [keel-skx] Ssymm: 1 thread 67.4 GFLOP/s +/- 0.3%, 8 threads 444.4 GFLOP/s +/- 0.2%
        [keel-skx] Ssymm: 28.8% of 8x the single-thread avx512 peak (192.6 GFLOP/s) — reported, not a criterion, and that denominator ignores the clock's drop with core count
  [36mBASELINE[0m  [keel-skx] Ssymm reaches 30.7% of this host's measured 8-thread ceiling (1444 GFLOP/s), and this silicon has no registered baseline and no witness row in era pinned8: the fleet bar's reference artifact predates its admission to this era, so the reading is RECORDED as its candidate baseline rather than judged (#6). Candidate rows: build/baseline-candidates-6ba6566.tsv and build/witness-candidates-6ba6566.tsv
        [keel-skx] Strsm: 1 thread 23.55 GFLOP/s +/- 1.3%, 8 threads 160.9 GFLOP/s +/- 1.1%
        [keel-skx] Strsm: 10.4% of 8x the single-thread avx512 peak (192.6 GFLOP/s) — reported, not a criterion, and that denominator ignores the clock's drop with core count
  [32mPASS[0m  [keel-skx] Strsm scales 6.833x, 6.675x net of CI; model at this shape: rank_update=0.98413 diag_solve=0.01587 — measured and reported, NO FLOOR IN FORCE (#37): 7.0x was ratified 2026-08-16 and is suspended at the 2026-08-22 spread amendment, not never set, and this reading is the input to re-deriving it
        [keel-skx] Strsm work split at this shape: rank_update=0.98413 diag_solve=0.01587. This is a WORK split, not a serial fraction: read as Amdahl s=0.01587 at p=8 it implies a ceiling of 7.2001x, and this run's 6.675x sits -7.29% below it. Nine readings above that ceiling are what falsified the model (#37/#89); the bar above rests on the B-packing residue instead. Reported, judged by nothing
  [36mBASELINE[0m  [keel-skx] README.md publishes no row for 'Intel(R) Xeon(R) Platinum 8124M CPU @ 3.00GHz', and scripts/judged-runs.tsv records no judged run for this silicon in era pinned8: a published row is born from a judged run, so its absence here is this host's admission date and not an unpublished number (#6). Its rows are created when the README is regenerated as medians over archived runs from this era
        [keel-zen5] governor=none (no cpufreq interface — a virtualized guest does not own the knob)
        [keel-zen5] samples archived: build/bench-gate-p5-6ba6566-keel-zen5-20260822T231901Z-2.txt
  [32mPASS[0m  [keel-zen5] placement pinned to 8 cores over 8 of the node's 12 cache domains (mask 0,8,16,24,32,40,48,56), confirmed three ways: the harness applied it, Go reports GOMAXPROCS=8 off its own affinity, and the recorded domain list satisfies rule 5's spread invariant — so every row below carries -8 and the numerator and denominator of each share came from the identical mask (§5 rule 5)
  [32mPASS[0m  [keel-zen5] benchci reproduces the pinned benchstat: 42 cell(s) agree with the pinned benchstat on every center, and on every CI after rounding to %.0f%%
        [keel-zen5] peak series GFLOP/s: head 287.3, middle 287.1, tail 287.5 (three invocations either side of the sweep; §5 rule 5's substitute instrument, no governor on this host)
  [32mPASS[0m  [keel-zen5] the peak series is bounded in every window and not ordered: neither of 2 adjacent steps resolves a decline above the resolution-plus-jitter floor its own intervals set (sec/op head->middle +0.0656% against a 0.5992% floor, middle->tail -0.1563% against a 0.7211% floor), so the windows are ties and a tie is not an order (#6, 2026-08-20)
        [keel-zen5] ceiling: compute 2291.5 GFLOP/s +/- 12.94% measured at 8 threads, against 287.15 at 1 thread — 99.8% of 8x the 1-thread reading. That shortfall is what the retired 6.0x floor's denominator assumed away; this gate measures it and does not attribute it, since clock droop, core heterogeneity and shared-cache pressure are indistinguishable here
        [keel-zen5] ceiling: stream/dot 345.2 GB/s at 8 threads, 48.175 at 1 — reported. NOT yet in the min(): converting GB/s to a FLOP/s bound needs a declared DRAM traffic count and no benchmark declares one, so the ceiling in force is the compute term alone, which can only UNDERSTATE how close this host is to its true ceiling
        [keel-zen5] ceiling: stream/axpy 368.6 GB/s at 8 threads, 66.00999999999999 at 1 — reported. NOT yet in the min(): converting GB/s to a FLOP/s bound needs a declared DRAM traffic count and no benchmark declares one, so the ceiling in force is the compute term alone, which can only UNDERSTATE how close this host is to its true ceiling
        [keel-zen5] Sgemm: 1 thread 172.8 GFLOP/s +/- 0.2%, 8 threads 1107 GFLOP/s +/- 0.1%
        [keel-zen5] Sgemm: 48.2% of 8x the single-thread avx512 peak (287.1 GFLOP/s) — reported, not a criterion, and that denominator ignores the clock's drop with core count
  [35mREPORTED[0m  [keel-zen5] Sgemm reaches 42.7% of this host's measured 8-thread ceiling (2291.5 GFLOP/s), scaling 6.406x / 6.386x — NOISE-LIMITED, NOT JUDGED: the intervals cost this share 5.60 points (raw 48.3% net to 42.7%), which exceeds the 2.6-point margin every bar here is set by, so no comparison at this bar has the resolution to decide it. The reading stands and is archived; what is refused is the verdict, not the number
        [keel-zen5] Ssyrk: 1 thread 148.1 GFLOP/s +/- 0.6%, 8 threads 1092 GFLOP/s +/- 0.1%
        [keel-zen5] Ssyrk: 47.5% of 8x the single-thread avx512 peak (287.1 GFLOP/s) — reported, not a criterion, and that denominator ignores the clock's drop with core count
  [35mREPORTED[0m  [keel-zen5] Ssyrk reaches 42.1% of this host's measured 8-thread ceiling (2291.5 GFLOP/s), scaling 7.373x / 7.320x — NOISE-LIMITED, NOT JUDGED: the intervals cost this share 5.50 points (raw 47.6% net to 42.1%), which exceeds the 2.6-point margin every bar here is set by, so no comparison at this bar has the resolution to decide it. The reading stands and is archived; what is refused is the verdict, not the number
        [keel-zen5] Ssymm: 1 thread 166.5 GFLOP/s +/- 0.4%, 8 threads 1070 GFLOP/s +/- 0.1%
        [keel-zen5] Ssymm: 46.6% of 8x the single-thread avx512 peak (287.1 GFLOP/s) — reported, not a criterion, and that denominator ignores the clock's drop with core count
  [35mREPORTED[0m  [keel-zen5] Ssymm reaches 41.3% of this host's measured 8-thread ceiling (2291.5 GFLOP/s), scaling 6.429x / 6.397x — NOISE-LIMITED, NOT JUDGED: the intervals cost this share 5.40 points (raw 46.7% net to 41.3%), which exceeds the 2.6-point margin every bar here is set by, so no comparison at this bar has the resolution to decide it. The reading stands and is archived; what is refused is the verdict, not the number
        [keel-zen5] Strsm: 1 thread 57.98 GFLOP/s +/- 0.5%, 8 threads 427.1 GFLOP/s +/- 8.6%
        [keel-zen5] Strsm: 18.6% of 8x the single-thread avx512 peak (287.1 GFLOP/s) — reported, not a criterion, and that denominator ignores the clock's drop with core count
  [35mREPORTED[0m  [keel-zen5] Strsm scales 7.367x, 6.698x net of CI; model at this shape: rank_update=0.98413 diag_solve=0.01587 — NOISE-LIMITED, NOT JUDGED and NOT ELIGIBLE TO TYPE A FLOOR: the interval on this ratio is 0.669x wide, which exceeds the 0.403x this class's bar was deliberately set under its own reference, so no floor placed with that slack could be adjudicated by this reading. The reading stands and is archived; what is refused is its vote (#6, ruled 2026-08-22)
        [keel-zen5] Strsm work split at this shape: rank_update=0.98413 diag_solve=0.01587. This is a WORK split, not a serial fraction: read as Amdahl s=0.01587 at p=8 it implies a ceiling of 7.2001x, and this run's 6.698x sits -6.97% below it. Nine readings above that ceiling are what falsified the model (#37/#89); the bar above rests on the B-packing residue instead. Reported, judged by nothing
        [keel-zen5] all 4 rows are noise-limited, so this host adjudicated nothing this run and is neither a clear nor a miss. Its readings above stand as measured; the aggregate below is what refuses (#6, docs/rulings.md rule 19)
  [31mFAIL[0m  [keel-zen5] README rows disagree with this run: Ssyrk/threads=8(README says 968.4, this run measured 1091.5) Ssymm/threads=8(README says 991.9, this run measured 1070.5) Strsm/threads=1(README says 53.64, this run measured 57.985)
        [keel-zen4] governor=none (no cpufreq interface — a virtualized guest does not own the knob)
        [keel-zen4] samples archived: build/bench-gate-p5-6ba6566-keel-zen4-20260822T231901Z-3.txt
  [32mPASS[0m  [keel-zen4] placement pinned to 8 cores over 8 of the node's 12 cache domains (mask 0,8,16,24,32,40,48,56), confirmed three ways: the harness applied it, Go reports GOMAXPROCS=8 off its own affinity, and the recorded domain list satisfies rule 5's spread invariant — so every row below carries -8 and the numerator and denominator of each share came from the identical mask (§5 rule 5)
  [32mPASS[0m  [keel-zen4] benchci reproduces the pinned benchstat: 42 cell(s) agree with the pinned benchstat on every center, and on every CI after rounding to %.0f%%
        [keel-zen4] peak series GFLOP/s: head 117, middle 116.95, tail 117 (three invocations either side of the sweep; §5 rule 5's substitute instrument, no governor on this host)
  [32mPASS[0m  [keel-zen4] the peak series is bounded in every window and not ordered: neither of 2 adjacent steps resolves a decline above the resolution-plus-jitter floor its own intervals set (sec/op head->middle +0.0639% against a 0.3648% floor, middle->tail -0.0511% against a 0.3965% floor), so the windows are ties and a tie is not an order (#6, 2026-08-20)
        [keel-zen4] ceiling: compute 933.7 GFLOP/s +/- 0.06% measured at 8 threads, against 117 at 1 thread — 99.8% of 8x the 1-thread reading. That shortfall is what the retired 6.0x floor's denominator assumed away; this gate measures it and does not attribute it, since clock droop, core heterogeneity and shared-cache pressure are indistinguishable here
        [keel-zen4] ceiling: stream/dot 159.7 GB/s at 8 threads, 21.835 at 1 — reported. NOT yet in the min(): converting GB/s to a FLOP/s bound needs a declared DRAM traffic count and no benchmark declares one, so the ceiling in force is the compute term alone, which can only UNDERSTATE how close this host is to its true ceiling
        [keel-zen4] ceiling: stream/axpy 159.25 GB/s at 8 threads, 28.14 at 1 — reported. NOT yet in the min(): converting GB/s to a FLOP/s bound needs a declared DRAM traffic count and no benchmark declares one, so the ceiling in force is the compute term alone, which can only UNDERSTATE how close this host is to its true ceiling
        [keel-zen4] Sgemm: 1 thread 107 GFLOP/s +/- 0.3%, 8 threads 671.5 GFLOP/s +/- 0.1%
        [keel-zen4] Sgemm: 71.8% of 8x the single-thread avx512 peak (116.95 GFLOP/s) — reported, not a criterion, and that denominator ignores the clock's drop with core count
  [32mPASS[0m  [keel-zen4] Sgemm reaches 71.8% of this host's measured 8-thread ceiling (933.7 GFLOP/s), scaling 6.273x / 6.244x net of CI — measured and REPORTED, NO FRACTION IN FORCE (#6): 51.0 was typed 2026-08-22 from confined-mask rows and is suspended at the spread amendment the same day, so this reading is an input to re-deriving it, and neither that bar nor the retired 6.0x floor is applied
        [keel-zen4] Ssyrk: 1 thread 94.05 GFLOP/s +/- 0.5%, 8 threads 704.6 GFLOP/s +/- 0.5%
        [keel-zen4] Ssyrk: 75.3% of 8x the single-thread avx512 peak (116.95 GFLOP/s) — reported, not a criterion, and that denominator ignores the clock's drop with core count
  [32mPASS[0m  [keel-zen4] Ssyrk reaches 75.0% of this host's measured 8-thread ceiling (933.7 GFLOP/s), scaling 7.492x / 7.415x net of CI — measured and REPORTED, NO FRACTION IN FORCE (#6): 51.0 was typed 2026-08-22 from confined-mask rows and is suspended at the spread amendment the same day, so this reading is an input to re-deriving it, and neither that bar nor the retired 6.0x floor is applied
        [keel-zen4] Ssymm: 1 thread 104.7 GFLOP/s +/- 0.4%, 8 threads 660.6 GFLOP/s +/- 0.1%
        [keel-zen4] Ssymm: 70.6% of 8x the single-thread avx512 peak (116.95 GFLOP/s) — reported, not a criterion, and that denominator ignores the clock's drop with core count
  [32mPASS[0m  [keel-zen4] Ssymm reaches 70.6% of this host's measured 8-thread ceiling (933.7 GFLOP/s), scaling 6.309x / 6.278x net of CI — measured and REPORTED, NO FRACTION IN FORCE (#6): 51.0 was typed 2026-08-22 from confined-mask rows and is suspended at the spread amendment the same day, so this reading is an input to re-deriving it, and neither that bar nor the retired 6.0x floor is applied
        [keel-zen4] Strsm: 1 thread 37.77 GFLOP/s +/- 0.2%, 8 threads 261.1 GFLOP/s +/- 11.6%
        [keel-zen4] Strsm: 27.9% of 8x the single-thread avx512 peak (116.95 GFLOP/s) — reported, not a criterion, and that denominator ignores the clock's drop with core count
  [35mREPORTED[0m  [keel-zen4] Strsm scales 6.912x, 6.094x net of CI; model at this shape: rank_update=0.98413 diag_solve=0.01587 — NOISE-LIMITED, NOT JUDGED and NOT ELIGIBLE TO TYPE A FLOOR: the interval on this ratio is 0.818x wide, which exceeds the 0.403x this class's bar was deliberately set under its own reference, so no floor placed with that slack could be adjudicated by this reading. The reading stands and is archived; what is refused is its vote (#6, ruled 2026-08-22)
        [keel-zen4] Strsm work split at this shape: rank_update=0.98413 diag_solve=0.01587. This is a WORK split, not a serial fraction: read as Amdahl s=0.01587 at p=8 it implies a ceiling of 7.2001x, and this run's 6.094x sits -15.36% below it. Nine readings above that ceiling are what falsified the model (#37/#89); the bar above rests on the B-packing residue instead. Reported, judged by nothing
  [31mFAIL[0m  [keel-zen4] README rows disagree with this run: Ssyrk/threads=8(README says 651.9, this run measured 704.6)
        1 of 3 host(s) rendered BASELINE this run in era pinned8: green-compatible, and spent ONLY once the witness rows at build/witness-candidates-6ba6566.tsv are landed in scripts/judged-runs.tsv by a reviewed commit. Until then the same absence re-renders BASELINE rather than becoming an unmet registration, and this line is the record of it (#6, #114)
  [33mUNMEASURED[0m  1 of 2 governed gate hosts could not be judged this run (0 not admitted to the evidentiary class, so no scaling ratio from them is judgeable; 1 had every row out-resolved by its own interval; 0 produced no complete set of ratios at all); the other 1 cleared their class's bar (Sgemm Ssyrk Ssymm reported against each host's own ceiling with no fraction in force (#6), Strsm is reported unjudged (#37)), and no host measured below one — the per-host PASSes above stand as measured — and a further 1 of 3 configured host(s) sit outside that denominator entirely, BASELINE being the whole of their verdict (#6) — and 5 row(s) across the fleet rendered REPORTED, their intervals wider than the margin their own bar is set by, so they are outside every count in this sentence (docs/rulings.md rule 19)

-- doc.go, and no rate outside the block this gate re-measures (criterion 9) --
  [32mPASS[0m  doc.go carries a package comment that `go doc` renders
  [32mPASS[0m  every GFLOP/s figure in README.md sits inside the block this gate re-measures

-- carried from P4 (criterion 10): every absolute bar this ratio stands on --
        ">= 6.0x single-thread" was a ratio whose denominator this phase is chartered
        to change: stage 1 makes the serial path faster, which made that bar harder, and a
        parallel nest that SLOWED the serial path made it easier. This gate's own carried text
        predicted that hazard before it decided any verdict, and #6's ruling of 2026-08-20
        removed it — the denominator is now a measured hardware ceiling, which stage 1 cannot
        move in either direction. The absolute bars are still carried by running the gates that
        own them: gate-p4 runs gate-p3, which carries P2's kernel audit — three phases of
        thresholds, not one of them restated here.
        full output: build/gate-p4-under-p5-6ba6566-20260822T231901Z.log (138 lines) — paste it verbatim into the umbrella issue beside this gate's own; it names gate-p3's log in turn
        63 PASS / 2 FAIL / 0 UNMEASURED / 0 BASELINE / 0 REPORTED, verdict: gate-p4: RED
  [31mFAIL[0m  gate-p4 is RED on this commit (exit 1), so nothing above that divides by a measured rate means what it says
          FAIL  [keel-skx] Ssyrk holds only 82.2% of Sgemm's rate at n=2048, and the whole interval [81.7%, 82.8%] is below 85%: the triangular derivation is losing more than its masked half
          FAIL  1 of 3 gate hosts are below the bar with the whole interval (2 cleared, 0 undecidable); the criterion is per host, on the host's own Sgemm
          DESIGN.md §4's one-re-run allowance for a failing throughput sentinel applies inside the delegated gates exactly as it does when they are run directly: one immediate re-run, both outputs archived, never for a correctness criterion

-- stated assumptions (trusted, not verified; not verdicts) --
        each line below is a precondition with no read-back mechanism, so it
        carries no verdict. What the certificate asserts, it asserts ON these.
          - the configured host set is the fleet this gate is meant to measure: .keel-hosts (or $KEEL_REMOTE_HOSTS) is the only statement of that intent, so there is no second source to check it against
          - each name reaches the machine it is meant to reach: every witness of a host's identity — cpuinfo, the CPU model that enters the record, the hostname itself — is reported BY the host under test, so a name pointed at the wrong machine reports consistently about the wrong machine

gate-p5: RED
