  region us-east-1, AMI ami-052355af2a014bd2c, TTL 8h, market on-demand
  ✅ Detecting AMI (0ms)
  ✅ Setting up SSH key (1.1s)
{"timestamp":"2026-08-23T04:36:23.93424Z","level":"info","operation":"create_iam_role","user_id":"942542972736","instance_id":"spored-instance-role","correlation_id":"3da209be-1e14-47ba-8d84-3f0120cff57b","result":"success"}
  ✅ Setting up IAM role (670ms)
{"timestamp":"2026-08-23T04:36:23.936362Z","level":"info","operation":"launch_instance","user_id":"942542972736","instance_id":"single","correlation_id":"3da209be-1e14-47ba-8d84-3f0120cff57b","result":"initiated","additional_data":{"instance_type":"c7a.48xlarge","region":"us-east-1"}}
2026/08/22 21:36:24 pricing: c7a.48xlarge in us-east-1 = $9.8534/hr (truffle, live AWS Price List)
{"timestamp":"2026-08-23T04:36:26.42708Z","level":"info","operation":"launch_instance","user_id":"942542972736","instance_id":"i-06e78aafcfa13d263","correlation_id":"3da209be-1e14-47ba-8d84-3f0120cff57b","result":"success","additional_data":{"instance_type":"c7a.48xlarge","region":"us-east-1"}}
  ✅ Launching instance (2.5s)
  ✅ Waiting for instance (15.7s)
  ✅ Getting public IP (289ms)
  ✅ Waiting for SSH (3.1s)

⚠️  DNS registration failed (non-fatal — use the public IP or `spawn connect keel-zen4`): could not reach DNS API (curl exit 6): 000

╔════════════════════════════════════════════════════════╗
║  🎉 Instance Ready!                                    ║
╚════════════════════════════════════════════════════════╝

Instance details:

  Instance ID  i-06e78aafcfa13d263
  Public IP    54.146.183.1
  Status       running

━━━━━━━━━━━━━━━━━━━━━━━━━━━━━━━━━━━━━━━━━━━━━━━━━━━━━━━━

🔌 Connect now with:

  spawn connect keel-zen4

━━━━━━━━━━━━━━━━━━━━━━━━━━━━━━━━━━━━━━━━━━━━━━━━━━━━━━━━

━━━━━━━━━━━━━━━━━━━━━━━━━━━━━━━━━━━━━━━━━━━━━━━━━━━━━━━━

  zen4  c7a.48xlarge  (AMD EPYC Genoa, on-demand)
  ✅ Detecting AMI (0ms)
  ✅ Setting up SSH key (1.0s)
{"timestamp":"2026-08-23T04:41:21.693539Z","level":"info","operation":"create_iam_role","user_id":"942542972736","instance_id":"spored-instance-role","correlation_id":"fc786bec-dc6a-4a35-add5-65c6437099b4","result":"success"}
  ✅ Setting up IAM role (621ms)
{"timestamp":"2026-08-23T04:41:21.696349Z","level":"info","operation":"launch_instance","user_id":"942542972736","instance_id":"single","correlation_id":"fc786bec-dc6a-4a35-add5-65c6437099b4","result":"initiated","additional_data":{"instance_type":"c8a.48xlarge","region":"us-east-1"}}
2026/08/22 21:41:22 pricing: c8a.48xlarge in us-east-1 = $10.3459/hr (truffle, live AWS Price List)
{"timestamp":"2026-08-23T04:41:24.144735Z","level":"info","operation":"launch_instance","user_id":"942542972736","instance_id":"i-06269bd3d833003b0","correlation_id":"fc786bec-dc6a-4a35-add5-65c6437099b4","result":"success","additional_data":{"instance_type":"c8a.48xlarge","region":"us-east-1"}}
  ✅ Launching instance (2.4s)
  ✅ Waiting for instance (15.7s)
  ✅ Getting public IP (292ms)
  ✅ Waiting for SSH (68ms)

⚠️  DNS registration failed (non-fatal — use the public IP or `spawn connect keel-zen5`): could not reach DNS API (curl exit 6): 000

╔════════════════════════════════════════════════════════╗
║  🎉 Instance Ready!                                    ║
╚════════════════════════════════════════════════════════╝

Instance details:

  Instance ID  i-06269bd3d833003b0
  Public IP    34.230.37.144
  Status       running

━━━━━━━━━━━━━━━━━━━━━━━━━━━━━━━━━━━━━━━━━━━━━━━━━━━━━━━━

🔌 Connect now with:

  spawn connect keel-zen5

━━━━━━━━━━━━━━━━━━━━━━━━━━━━━━━━━━━━━━━━━━━━━━━━━━━━━━━━

━━━━━━━━━━━━━━━━━━━━━━━━━━━━━━━━━━━━━━━━━━━━━━━━━━━━━━━━

  zen5  c8a.48xlarge  (AMD EPYC Turin, on-demand)
  ✅ Detecting AMI (0ms)
  ✅ Setting up SSH key (1.1s)
{"timestamp":"2026-08-23T04:46:18.386297Z","level":"info","operation":"create_iam_role","user_id":"942542972736","instance_id":"spored-instance-role","correlation_id":"aa33cfee-0170-425c-8c05-77c01c87dee3","result":"success"}
  ✅ Setting up IAM role (635ms)
{"timestamp":"2026-08-23T04:46:18.387302Z","level":"info","operation":"launch_instance","user_id":"942542972736","instance_id":"single","correlation_id":"aa33cfee-0170-425c-8c05-77c01c87dee3","result":"initiated","additional_data":{"instance_type":"c5n.18xlarge","region":"us-east-1"}}
2026/08/22 21:46:18 pricing: c5n.18xlarge in us-east-1 = $3.8880/hr (truffle, live AWS Price List)
{"timestamp":"2026-08-23T04:46:20.879559Z","level":"info","operation":"launch_instance","user_id":"942542972736","instance_id":"i-08ae8b4e22fb281d8","correlation_id":"aa33cfee-0170-425c-8c05-77c01c87dee3","result":"success","additional_data":{"instance_type":"c5n.18xlarge","region":"us-east-1"}}
  ✅ Launching instance (2.5s)
  ✅ Waiting for instance (15.7s)
  ✅ Getting public IP (293ms)
  ✅ Waiting for SSH (1.1s)

⚠️  DNS registration failed (non-fatal — use the public IP or `spawn connect keel-skx`): could not reach DNS API (curl exit 6): 000

╔════════════════════════════════════════════════════════╗
║  🎉 Instance Ready!                                    ║
╚════════════════════════════════════════════════════════╝

Instance details:

  Instance ID  i-08ae8b4e22fb281d8
  Public IP    174.129.191.202
  Status       running

━━━━━━━━━━━━━━━━━━━━━━━━━━━━━━━━━━━━━━━━━━━━━━━━━━━━━━━━

🔌 Connect now with:

  spawn connect keel-skx

━━━━━━━━━━━━━━━━━━━━━━━━━━━━━━━━━━━━━━━━━━━━━━━━━━━━━━━━

━━━━━━━━━━━━━━━━━━━━━━━━━━━━━━━━━━━━━━━━━━━━━━━━━━━━━━━━

  skx  c5n.18xlarge  (Intel Skylake-SP, on-demand)
  wrote .keel-hosts and ~/.ssh/config block
  keel-skx cloud-init settled
  keel-skx has tmux
  keel-zen5 cloud-init settled
  keel-zen5 has tmux
  keel-zen4 cloud-init settled
  keel-zen4 has tmux

  NAME                 TYPE             ADDRESS          MARKET     TTL      LAUNCHED
  keel-skx             c5n.18xlarge     174.129.191.202  on-demand  8h       2026-08-23T04:46:20Z
  keel-zen5            c8a.48xlarge     34.230.37.144    on-demand  8h       2026-08-23T04:41:23Z
  keel-zen4            c7a.48xlarge     54.146.183.1     on-demand  8h       2026-08-23T04:36:26Z

  3 instance(s) billing. 'down' terminates every one.
== gate-p5: parallelism, dispatch, polish ==

  [32mPASS[0m  no stray git worktrees (this repo is the only registered checkout)
-- builds, vet and lint --
  [32mPASS[0m  build (GOEXPERIMENT=simd)
  [32mPASS[0m  build (stock toolchain, scalar path, no experiment)
  [32mPASS[0m  go vet (GOEXPERIMENT=simd)
  [32mPASS[0m  go vet (GOEXPERIMENT=simd, linux/amd64)
  [32mPASS[0m  golangci-lint clean (golangci-lint has version 2.13.0 built with go1.26.6 from f838df1 on 2026-08-19T22:55:28Z)

-- the scalar path on a stock toolchain (a P5 criterion in its own right) --
        the fast paths are additive build tags, so the package must be usable the day
        somebody runs `go get` on a toolchain with no experiment enabled at all
  [32mPASS[0m  [local, stock toolchain] every test passes without GOEXPERIMENT=simd
  [32mPASS[0m  [local darwin/arm64] every test passes
        assumed, unverifiable: the configured host set is the fleet this gate is meant to measure: .keel-hosts (or $KEEL_REMOTE_HOSTS) is the only statement of that intent, so there is no second source to check it against
        assumed, unverifiable: each name reaches the machine it is meant to reach: every witness of a host's identity — cpuinfo, the CPU model that enters the record, the hostname itself — is reported BY the host under test, so a name pointed at the wrong machine reports consistently about the wrong machine
        disk headroom: 14856 MiB free on /System/Volumes/Data (scratch (mktemp -d)), floor 512 MiB

-- hosts, governors and topology --
        [keel-skx] Intel(R) Xeon(R) Platinum 8124M CPU @ 3.00GHz | instance=c5n.18xlarge | virt=guest | 72 cpus | 36 cores | smt=2 | 2 sockets | governor=absent | tmux=yes | Linux 6.17.0-1019-aws | L2=1024K L1d=32K L3=25344K | spawn=i-08ae8b4e22fb281d8:c5n.18xlarge:ondemand
        [keel-skx] no cpufreq interface at all, so §5 rule 5's governor instrument does not exist on this host rather than having failed on it — the usual reason is a virtualized guest, which does not own the knob. Stability is established here by its ruled substitute instead: BenchmarkPeak at the head, middle and tail of the sweep, judged after the sweep runs
          [keel-skx] separate from 'present and unreadable' by ruling: that is a defect on a host that has the knob, this is a host that has none
        [keel-skx] admission class: evidentiary (instance=c5n.18xlarge, virt=guest, spawn=i-08ae8b4e22fb281d8:c5n.18xlarge:ondemand) — c5n.18xlarge is admitted to the evidentiary class by KEEL_EVIDENTIARY_SIZES, whose members are full-size types added one justifying read-back at a time, and the launcher independently records this host as c5n.18xlarge on-demand (i-08ae8b4e22fb281d8)
        [keel-skx] smt=2 threads/core, so UNMASKED the criterion's 8 goroutines could span as few as 8/2 physical cores — which is the hazard the mask removes: every benchmark below runs on 8 distinct physical cores, one per cache domain, inside one NUMA node — refused rather than run free, and read back per row for both width and shape (§5 rule 5; the pinning decision #15 asked for)
  [32mPASS[0m  [keel-skx] 72 CPUs, enough for the 8 the criterion names
        [keel-zen5] AMD EPYC 9R45 | instance=c8a.48xlarge | virt=guest | 192 cpus | 192 cores | smt=1 | 2 sockets | governor=absent | tmux=yes | Linux 6.17.0-1019-aws | L2=1024K L1d=48K L3=32768K | spawn=i-06269bd3d833003b0:c8a.48xlarge:ondemand
        [keel-zen5] no cpufreq interface at all, so §5 rule 5's governor instrument does not exist on this host rather than having failed on it — the usual reason is a virtualized guest, which does not own the knob. Stability is established here by its ruled substitute instead: BenchmarkPeak at the head, middle and tail of the sweep, judged after the sweep runs
          [keel-zen5] separate from 'present and unreadable' by ruling: that is a defect on a host that has the knob, this is a host that has none
        [keel-zen5] admission class: evidentiary (instance=c8a.48xlarge, virt=guest, spawn=i-06269bd3d833003b0:c8a.48xlarge:ondemand) — c8a.48xlarge is admitted to the evidentiary class by KEEL_EVIDENTIARY_SIZES, whose members are full-size types added one justifying read-back at a time, and the launcher independently records this host as c8a.48xlarge on-demand (i-06269bd3d833003b0)
        [keel-zen5] smt=1 threads/core, so UNMASKED the criterion's 8 goroutines could span as few as 8/1 physical cores — which is the hazard the mask removes: every benchmark below runs on 8 distinct physical cores, one per cache domain, inside one NUMA node — refused rather than run free, and read back per row for both width and shape (§5 rule 5; the pinning decision #15 asked for)
  [32mPASS[0m  [keel-zen5] 192 CPUs, enough for the 8 the criterion names
        [keel-zen4] AMD EPYC 9R14 | instance=c7a.48xlarge | virt=guest | 192 cpus | 192 cores | smt=1 | 2 sockets | governor=absent | tmux=yes | Linux 6.17.0-1019-aws | L2=1024K L1d=32K L3=32768K | spawn=i-06e78aafcfa13d263:c7a.48xlarge:ondemand
        [keel-zen4] no cpufreq interface at all, so §5 rule 5's governor instrument does not exist on this host rather than having failed on it — the usual reason is a virtualized guest, which does not own the knob. Stability is established here by its ruled substitute instead: BenchmarkPeak at the head, middle and tail of the sweep, judged after the sweep runs
          [keel-zen4] separate from 'present and unreadable' by ruling: that is a defect on a host that has the knob, this is a host that has none
        [keel-zen4] admission class: evidentiary (instance=c7a.48xlarge, virt=guest, spawn=i-06e78aafcfa13d263:c7a.48xlarge:ondemand) — c7a.48xlarge is admitted to the evidentiary class by KEEL_EVIDENTIARY_SIZES, whose members are full-size types added one justifying read-back at a time, and the launcher independently records this host as c7a.48xlarge on-demand (i-06e78aafcfa13d263)
        [keel-zen4] smt=1 threads/core, so UNMASKED the criterion's 8 goroutines could span as few as 8/1 physical cores — which is the hazard the mask removes: every benchmark below runs on 8 distinct physical cores, one per cache domain, inside one NUMA node — refused rather than run free, and read back per row for both width and shape (§5 rule 5; the pinning decision #15 asked for)
  [32mPASS[0m  [keel-zen4] 192 CPUs, enough for the 8 the criterion names

-- parallelism as a correctness property (criteria 5, 6, 7) --
        bitwise identity against the serial nest, no goroutine left running, no state
        carried between calls. The local run is scalar-only, so all of this is audited
        from a host that ran it with the avx512 microkernel live (toolchain-notes T1).
  [32mPASS[0m  cross-compiled linux/amd64 test binary (root package: parallel correctness)
  [32mPASS[0m  [keel-skx] the full test suite passes with the vector backend live
  [32mPASS[0m  [keel-skx] KEEL_FORCE=scalar takes (l1=scalar, kern=4x32/scalar)
  [32mPASS[0m  [keel-skx] KEEL_FORCE=avx2 takes effect as a Level-1-only rung (l1=avx2, kern=4x32/scalar — the #40 ceiling, reported honestly)
  [32mPASS[0m  [keel-skx] KEEL_FORCE=avx512 takes (l1=avx512, kern=2x32/avx512)
  [32mPASS[0m  [keel-skx] KEEL_FORCE=nonsense refuses to run rather than falling back silently
  [32mPASS[0m  [keel-zen5] the full test suite passes with the vector backend live
  [32mPASS[0m  [keel-zen5] KEEL_FORCE=scalar takes (l1=scalar, kern=4x32/scalar)
  [32mPASS[0m  [keel-zen5] KEEL_FORCE=avx2 takes effect as a Level-1-only rung (l1=avx2, kern=4x32/scalar — the #40 ceiling, reported honestly)
  [32mPASS[0m  [keel-zen5] KEEL_FORCE=avx512 takes (l1=avx512, kern=4x32/avx512)
  [32mPASS[0m  [keel-zen5] KEEL_FORCE=nonsense refuses to run rather than falling back silently
  [32mPASS[0m  [keel-zen4] the full test suite passes with the vector backend live
  [32mPASS[0m  [keel-zen4] KEEL_FORCE=scalar takes (l1=scalar, kern=4x32/scalar)
  [32mPASS[0m  [keel-zen4] KEEL_FORCE=avx2 takes effect as a Level-1-only rung (l1=avx2, kern=4x32/scalar — the #40 ceiling, reported honestly)
  [32mPASS[0m  [keel-zen4] KEEL_FORCE=avx512 takes (l1=avx512, kern=4x32/avx512)
  [32mPASS[0m  [keel-zen4] KEEL_FORCE=nonsense refuses to run rather than falling back silently
  [32mPASS[0m  the suite ran green with the avx512 microkernel live (audited from keel-zen4)
  [32mPASS[0m  Sgemm: bit-identical to the serial nest at threads=1,3,8
  [32mPASS[0m  Sgemm: no background threads and no state between calls (goroutines-return-to-baseline,repeat-call-bit-identical)
  [32mPASS[0m  Ssyrk: bit-identical to the serial nest at threads=1,3,8
  [32mPASS[0m  Ssyrk: no background threads and no state between calls (goroutines-return-to-baseline,repeat-call-bit-identical)
  [32mPASS[0m  Ssymm: bit-identical to the serial nest at threads=1,3,8
  [32mPASS[0m  Ssymm: no background threads and no state between calls (goroutines-return-to-baseline,repeat-call-bit-identical)
  [32mPASS[0m  Strsm: bit-identical to the serial nest at threads=1,3,8
  [32mPASS[0m  Strsm: no background threads and no state between calls (goroutines-return-to-baseline,repeat-call-bit-identical)
  [32mPASS[0m  Level-1 chain declared as avx512,avx2,scalar, and this gate forced every element of it above
  [32mPASS[0m  Level-3 chain declared as avx512,scalar — two rungs by ruling (#40), and the avx2 ceiling asserted per host above

-- race detector (a named P5 criterion) --
        -race needs cgo and remote_build_test is CGO_ENABLED=0 by design, so the
        instrumented binary is built NATIVELY on each host from git archive HEAD — the
        same mechanism gate-p3 uses for its OpenBLAS harness. The dev host's own run is
        kept as well: it is arm64 and scalar-only, but the worker pool, the shared
        packed-B panel and the sync.Pool are backend-independent Go, so having two
        architectures' schedulers look at the same concurrency is worth the minute.
  [32mPASS[0m  [local darwin/arm64, scalar path] race detector clean
  [33mUNMEASURED[0m  [keel-skx] no Go toolchain, so -race cannot be built natively here and this host's vector path is unmeasured for races
  [33mUNMEASURED[0m  [keel-zen5] no Go toolchain, so -race cannot be built natively here and this host's vector path is unmeasured for races
  [33mUNMEASURED[0m  [keel-zen4] no Go toolchain, so -race cannot be built natively here and this host's vector path is unmeasured for races
  [33mUNMEASURED[0m  no host produced a race-detector reading on the vector path, so that criterion is unmeasured rather than clean

-- scaling at 8 cores on 4096^3 (the headline criterion) --
        -test.count=30 -test.benchtime=1s; one invocation per host with both thread
        counts inside it, and the floor counts as cleared only net of both intervals
        judged at >= 44.2% of each host's own measured 8-thread ceiling: Sgemm Ssyrk Ssymm — one parallelism class (ruled 2026-08-12; denominator ruled 2026-08-20, its 8-thread form and this fraction ratified 2026-08-21, #6)
          DERIVATION of 44.2%: a regression bar set below every healthy observation, from the lowest of SIX admissible judged rows in the founding campaign's take four (keel-zen5 Ssymm, 46.8150% net of BOTH intervals, recomputed from the archives under #116's honest CI bounds) less 2.6 points of margin. Derived from that run and enforced here, so this reading can fail it. What it cannot see is stated inside it (§5 rule 12): no Intel silicon derived it, keel-skx being DERIV=0 and gnr characterization, and the two models it has spread 46.8-75.4%, so one fleet bar is set by the weakest host — per-host convergence is the post-tag option named above. Rule 19 admitted all six: widest share interval 0.3 points against the 2.6-point cap
          the bar FELL 6.8 points from the suspended 51.0 and 95.0% of the fall is the DENOMINATOR, not the kernels: #115 lifted the ceiling's fork/join out of its own timed region, so the reference rose 1999.5 -> 2291 GFLOP/s (+14.6%) on the host that sets the bar, while that row's rate fell 1081 -> 1073 (-0.74%). One term at a time on the argmin: the new rate over the OLD ceiling would have typed 50.8, the old rate over the NEW ceiling 44.6. The measured share has THREE terms and this is the reference term moving; the era boundary is what keeps it out of the drift budget (§5 rule 17(d))
          the ceiling's rise is the INSTRUMENT and not the mask, adjudicated by the control host: keel-skx's spread enumeration is degenerate (its L3 is per socket, so the mask returns the same 0..7 the confined form did) and its ceiling rose the MOST, +23.4%, which a mask that did not change cannot cause. So the +14.6% is attributable to #115 (§5 rule 18) rather than to placement, and the two changes that landed together are separable after all
        judged at >= 6.067x: Strsm — a second class, and a REGRESSION BAR under the B-packing-residue model (ratified 2026-08-16, #37). The work split it prints is not that model: read as Amdahl it implies a ceiling all nine ratifying readings cleared (#89)
          DERIVATION of 6.067x: the lowest of THREE judged rows in the founding campaign's take four (keel-zen5 6.4699x net of CI, recomputed under #116; keel-zen4 6.6357x, keel-skx 6.8311x) less 0.403x, this class's declared slack in its own units — 7.403x, the lowest of the nine readings that ratified 7.0x, less that 7.0x, so it predates these rows by six days and answers the units question the suspension left open. All three rows were admissible under rule 19: intervals 0.229/0.220/0.040x wide against the 0.403x cap, and the slack is 1.8x the argmin's own interval
          6.067x IS NOT THE RETIRED 6.0x RETURNING, and it lands within 1.1% of it by coincidence: that constant was a CROSS-HOST quality bar on the whole judged class and was retired for a RANK INVERSION -- it refused Zen 4 at 65.9% of 8x its own core peak and passed Granite Rapids at 34.3%, measuring the wrong quantity by construction. This is a per-routine regression bar on Strsm alone, derived on different silicon under a different placement, and none of the grounds for that retirement is disturbed by the arithmetic landing nearby (#37, #6)
  [32mPASS[0m  BASELINE-REGISTERED readers pass their controls (50 fixtures; 21 mutants driven 2026-08-21, all killed, and a 22nd found unkillable — an unnamed-era guard whose deletion changed nothing observable, so it was deleted rather than explained. §5 rule 12: the number is what it covers, and mutation is a session act with no standing harness)
        measurement era: pinned8 — PROVISIONAL, its both-arms transition archive not yet landed in scripts/measurement-eras.tsv. Provisional is a disclosure and not a permission: what bounds BASELINE is scripts/judged-runs.tsv, one row per (cpu_model, era), so each host still gets exactly one (#6)
  [32mPASS[0m  cross-compiled linux/amd64 bench binary (Scale + Peak)
        [keel-skx] governor=none (no cpufreq interface — a virtualized guest does not own the knob)
        [keel-skx] samples archived: build/bench-gate-p5-969c360-keel-skx-20260823T045149Z-1.txt
  [32mPASS[0m  [keel-skx] placement pinned to 8 cores over 1 of the node's 1 cache domains (mask 0,1,2,3,4,5,6,7), confirmed three ways: the harness applied it, Go reports GOMAXPROCS=8 off its own affinity, and the recorded domain list satisfies rule 5's spread invariant — so every row below carries -8 and the numerator and denominator of each share came from the identical mask (§5 rule 5)
  [32mPASS[0m  [keel-skx] benchci reproduces the pinned benchstat: 42 cell(s) agree with the pinned benchstat on every center, and on every CI after rounding to %.0f%%
        [keel-skx] peak series GFLOP/s: head 192.7, middle 192.7, tail 192.6 (three invocations either side of the sweep; §5 rule 5's substitute instrument, no governor on this host)
  [32mPASS[0m  [keel-skx] the peak series is bounded in every window and not ordered: neither of 2 adjacent steps resolves a decline above the resolution-plus-jitter floor its own intervals set (sec/op head->middle +0.0283% against a 0.0911% floor, middle->tail +0.0153% against a 0.0728% floor), so the windows are ties and a tie is not an order (#6, 2026-08-20)
        [keel-skx] ceiling: compute 1444 GFLOP/s +/- 0.00% measured at 8 threads, against 193.3 at 1 thread — 93.4% of 8x the 1-thread reading. That shortfall is what the retired 6.0x floor's denominator assumed away; this gate measures it and does not attribute it, since clock droop, core heterogeneity and shared-cache pressure are indistinguishable here
        [keel-skx] ceiling: stream/dot 87.72 GB/s at 8 threads, 13.555 at 1 — reported. NOT yet in the min(): converting GB/s to a FLOP/s bound needs a declared DRAM traffic count and no benchmark declares one, so the ceiling in force is the compute term alone, which can only UNDERSTATE how close this host is to its true ceiling
        [keel-skx] ceiling: stream/axpy 90.275 GB/s at 8 threads, 18.605 at 1 — reported. NOT yet in the min(): converting GB/s to a FLOP/s bound needs a declared DRAM traffic count and no benchmark declares one, so the ceiling in force is the compute term alone, which can only UNDERSTATE how close this host is to its true ceiling
        [keel-skx] Sgemm: 1 thread 66.18 GFLOP/s +/- 0.1% [65.41, 68.23], 8 threads 451.6 GFLOP/s +/- 0.1% [448.9, 452.2]
        [keel-skx] Sgemm: 29.3% of 8x the single-thread avx512 peak (192.7 GFLOP/s) — reported, not a criterion, and that denominator ignores the clock's drop with core count
  [36mBASELINE[0m  [keel-skx] Sgemm reaches 31.2% of this host's measured 8-thread ceiling (1444 GFLOP/s), and this silicon has no registered baseline and no witness row in era pinned8: the fleet bar's reference artifact predates its admission to this era, so the reading is RECORDED as its candidate baseline rather than judged (#6). Candidate rows: build/baseline-candidates-969c360.tsv and build/witness-candidates-969c360.tsv
        [keel-skx] Ssyrk: 1 thread 63.84 GFLOP/s +/- 0.2% [61.72, 64.17], 8 threads 455.6 GFLOP/s +/- 0.1% [448.2, 456.6]
        [keel-skx] Ssyrk: 29.6% of 8x the single-thread avx512 peak (192.7 GFLOP/s) — reported, not a criterion, and that denominator ignores the clock's drop with core count
  [36mBASELINE[0m  [keel-skx] Ssyrk reaches 31.5% of this host's measured 8-thread ceiling (1444 GFLOP/s), and this silicon has no registered baseline and no witness row in era pinned8: the fleet bar's reference artifact predates its admission to this era, so the reading is RECORDED as its candidate baseline rather than judged (#6). Candidate rows: build/baseline-candidates-969c360.tsv and build/witness-candidates-969c360.tsv
        [keel-skx] Ssymm: 1 thread 65.62 GFLOP/s +/- 2.6% [63.88, 67.67], 8 threads 444.3 GFLOP/s +/- 0.6% [435.2, 445]
        [keel-skx] Ssymm: 28.8% of 8x the single-thread avx512 peak (192.7 GFLOP/s) — reported, not a criterion, and that denominator ignores the clock's drop with core count
  [36mBASELINE[0m  [keel-skx] Ssymm reaches 30.6% of this host's measured 8-thread ceiling (1444 GFLOP/s), and this silicon has no registered baseline and no witness row in era pinned8: the fleet bar's reference artifact predates its admission to this era, so the reading is RECORDED as its candidate baseline rather than judged (#6). Candidate rows: build/baseline-candidates-969c360.tsv and build/witness-candidates-969c360.tsv
        [keel-skx] Strsm: 1 thread 23.44 GFLOP/s +/- 0.7% [22.09, 23.8], 8 threads 165.2 GFLOP/s +/- 0.1% [163.4, 165.8]
        [keel-skx] Strsm: 10.7% of 8x the single-thread avx512 peak (192.7 GFLOP/s) — reported, not a criterion, and that denominator ignores the clock's drop with core count
  [32mPASS[0m  [keel-skx] Strsm scales 7.049x, 6.989x net of CI (>= 6.067x, the regression bar ratified for this class 2026-08-16 under the B-packing-residue model)
        [keel-skx] Strsm work split at this shape: rank_update=0.98413 diag_solve=0.01587. This is a WORK split, not a serial fraction: read as Amdahl s=0.01587 at p=8 it implies a ceiling of 7.2001x, and this run's 6.989x sits -2.93% below it. Nine readings above that ceiling are what falsified the model (#37/#89); the bar above rests on the B-packing residue instead. Reported, judged by nothing
  [36mBASELINE[0m  [keel-skx] README.md publishes no row for 'Intel(R) Xeon(R) Platinum 8124M CPU @ 3.00GHz', and scripts/judged-runs.tsv records no judged run for this silicon in era pinned8: a published row is born from a judged run, so its absence here is this host's admission date and not an unpublished number (#6). Its rows are created when the README is regenerated as medians over archived runs from this era
        [keel-zen5] governor=none (no cpufreq interface — a virtualized guest does not own the knob)
        [keel-zen5] samples archived: build/bench-gate-p5-969c360-keel-zen5-20260823T045149Z-2.txt
  [32mPASS[0m  [keel-zen5] placement pinned to 8 cores over 8 of the node's 12 cache domains (mask 0,8,16,24,32,40,48,56), confirmed three ways: the harness applied it, Go reports GOMAXPROCS=8 off its own affinity, and the recorded domain list satisfies rule 5's spread invariant — so every row below carries -8 and the numerator and denominator of each share came from the identical mask (§5 rule 5)
  [32mPASS[0m  [keel-zen5] benchci reproduces the pinned benchstat: 42 cell(s) agree with the pinned benchstat on every center, and on every CI after rounding to %.0f%%
        [keel-zen5] peak series GFLOP/s: head 287, middle 286.9, tail 287.1 (three invocations either side of the sweep; §5 rule 5's substitute instrument, no governor on this host)
  [32mPASS[0m  [keel-zen5] the peak series is bounded in every window and not ordered: neither of 2 adjacent steps resolves a decline above the resolution-plus-jitter floor its own intervals set (sec/op head->middle +0.0257% against a 0.3739% floor, middle->tail -0.0713% against a 0.3286% floor), so the windows are ties and a tie is not an order (#6, 2026-08-20)
        [keel-zen5] ceiling: compute 2292 GFLOP/s +/- 0.04% measured at 8 threads, against 286.8 at 1 thread — 99.9% of 8x the 1-thread reading. That shortfall is what the retired 6.0x floor's denominator assumed away; this gate measures it and does not attribute it, since clock droop, core heterogeneity and shared-cache pressure are indistinguishable here
        [keel-zen5] ceiling: stream/dot 346.45 GB/s at 8 threads, 48.27 at 1 — reported. NOT yet in the min(): converting GB/s to a FLOP/s bound needs a declared DRAM traffic count and no benchmark declares one, so the ceiling in force is the compute term alone, which can only UNDERSTATE how close this host is to its true ceiling
        [keel-zen5] ceiling: stream/axpy 371.7 GB/s at 8 threads, 66.73 at 1 — reported. NOT yet in the min(): converting GB/s to a FLOP/s bound needs a declared DRAM traffic count and no benchmark declares one, so the ceiling in force is the compute term alone, which can only UNDERSTATE how close this host is to its true ceiling
        [keel-zen5] Sgemm: 1 thread 173.1 GFLOP/s +/- 0.2% [170.4, 173.7], 8 threads 1105 GFLOP/s +/- 0.1% [1043, 1107]
        [keel-zen5] Sgemm: 48.1% of 8x the single-thread avx512 peak (286.9 GFLOP/s) — reported, not a criterion, and that denominator ignores the clock's drop with core count
  [32mPASS[0m  [keel-zen5] Sgemm reaches 48.2% of this host's measured 8-thread ceiling (2292 GFLOP/s) (>= 44.2%, the fleet bar, whose derivation is printed in this criterion's preamble), scaling 6.382x / 6.380x net of CI
        [keel-zen5] Ssyrk: 1 thread 147.9 GFLOP/s +/- 0.1% [147.5, 148.5], 8 threads 1095 GFLOP/s +/- 0.1% [1066, 1098]
        [keel-zen5] Ssyrk: 47.7% of 8x the single-thread avx512 peak (286.9 GFLOP/s) — reported, not a criterion, and that denominator ignores the clock's drop with core count
  [32mPASS[0m  [keel-zen5] Ssyrk reaches 47.7% of this host's measured 8-thread ceiling (2292 GFLOP/s) (>= 44.2%, the fleet bar, whose derivation is printed in this criterion's preamble), scaling 7.404x / 7.387x net of CI
        [keel-zen5] Ssymm: 1 thread 166.3 GFLOP/s +/- 0.2% [165.6, 167], 8 threads 1075 GFLOP/s +/- 0.0% [1059, 1077] RANK-WINDOW-BLIND(span 1.67% under a 0.00% interval)
        [keel-zen5] Ssymm: 46.8% of 8x the single-thread avx512 peak (286.9 GFLOP/s) — reported, not a criterion, and that denominator ignores the clock's drop with core count
  [32mPASS[0m  [keel-zen5] Ssymm reaches 46.9% of this host's measured 8-thread ceiling (2292 GFLOP/s) (>= 44.2%, the fleet bar, whose derivation is printed in this criterion's preamble), scaling 6.464x / 6.453x net of CI
        [keel-zen5] Strsm: 1 thread 57.13 GFLOP/s +/- 0.2% [55.2, 57.32], 8 threads 378.7 GFLOP/s +/- 4.1% [358.5, 454]
        [keel-zen5] Strsm: 16.5% of 8x the single-thread avx512 peak (286.9 GFLOP/s) — reported, not a criterion, and that denominator ignores the clock's drop with core count
  [32mPASS[0m  [keel-zen5] Strsm scales 6.628x, 6.471x net of CI (>= 6.067x, the regression bar ratified for this class 2026-08-16 under the B-packing-residue model)
        [keel-zen5] Strsm work split at this shape: rank_update=0.98413 diag_solve=0.01587. This is a WORK split, not a serial fraction: read as Amdahl s=0.01587 at p=8 it implies a ceiling of 7.2001x, and this run's 6.471x sits -10.13% below it. Nine readings above that ceiling are what falsified the model (#37/#89); the bar above rests on the B-packing residue instead. Reported, judged by nothing
  [31mFAIL[0m  [keel-zen5] README rows disagree with this run: Ssyrk/threads=8(README says 968.4, this run measured 1095) Ssymm/threads=8(README says 991.9, this run measured 1075) Strsm/threads=1(README says 53.64, this run measured 57.135) Strsm/threads=8(README says 416, this run measured 378.7)
        [keel-zen4] governor=none (no cpufreq interface — a virtualized guest does not own the knob)
        [keel-zen4] samples archived: build/bench-gate-p5-969c360-keel-zen4-20260823T045149Z-3.txt
  [32mPASS[0m  [keel-zen4] placement pinned to 8 cores over 8 of the node's 12 cache domains (mask 0,8,16,24,32,40,48,56), confirmed three ways: the harness applied it, Go reports GOMAXPROCS=8 off its own affinity, and the recorded domain list satisfies rule 5's spread invariant — so every row below carries -8 and the numerator and denominator of each share came from the identical mask (§5 rule 5)
  [32mPASS[0m  [keel-zen4] benchci reproduces the pinned benchstat: 42 cell(s) agree with the pinned benchstat on every center, and on every CI after rounding to %.0f%%
        [keel-zen4] peak series GFLOP/s: head 117, middle 117, tail 117 (three invocations either side of the sweep; §5 rule 5's substitute instrument, no governor on this host)
  [32mPASS[0m  [keel-zen4] the peak series is bounded in every window and not ordered: neither of 2 adjacent steps resolves a decline above the resolution-plus-jitter floor its own intervals set (sec/op head->middle -0.0084% against a 0.0386% floor, middle->tail +0.0249% against a 0.0291% floor), so the windows are ties and a tie is not an order (#6, 2026-08-20)
        [keel-zen4] ceiling: compute 934 GFLOP/s +/- 0.03% measured at 8 threads, against 117 at 1 thread — 99.8% of 8x the 1-thread reading. That shortfall is what the retired 6.0x floor's denominator assumed away; this gate measures it and does not attribute it, since clock droop, core heterogeneity and shared-cache pressure are indistinguishable here
        [keel-zen4] ceiling: stream/dot 164.14999999999998 GB/s at 8 threads, 22.83 at 1 — reported. NOT yet in the min(): converting GB/s to a FLOP/s bound needs a declared DRAM traffic count and no benchmark declares one, so the ceiling in force is the compute term alone, which can only UNDERSTATE how close this host is to its true ceiling
        [keel-zen4] ceiling: stream/axpy 159.2 GB/s at 8 threads, 28.96 at 1 — reported. NOT yet in the min(): converting GB/s to a FLOP/s bound needs a declared DRAM traffic count and no benchmark declares one, so the ceiling in force is the compute term alone, which can only UNDERSTATE how close this host is to its true ceiling
        [keel-zen4] Sgemm: 1 thread 107.2 GFLOP/s +/- 0.1% [106.7, 107.4], 8 threads 673 GFLOP/s +/- 0.0% [626.9, 674.1]
        [keel-zen4] Sgemm: 71.9% of 8x the single-thread avx512 peak (117 GFLOP/s) — reported, not a criterion, and that denominator ignores the clock's drop with core count
  [32mPASS[0m  [keel-zen4] Sgemm reaches 72.0% of this host's measured 8-thread ceiling (934 GFLOP/s) (>= 44.2%, the fleet bar, whose derivation is printed in this criterion's preamble), scaling 6.278x / 6.269x net of CI
        [keel-zen4] Ssyrk: 1 thread 93.58 GFLOP/s +/- 0.2% [90.8, 94.03], 8 threads 700.6 GFLOP/s +/- 0.1% [695.4, 705.7]
        [keel-zen4] Ssyrk: 74.9% of 8x the single-thread avx512 peak (117 GFLOP/s) — reported, not a criterion, and that denominator ignores the clock's drop with core count
  [32mPASS[0m  [keel-zen4] Ssyrk reaches 74.9% of this host's measured 8-thread ceiling (934 GFLOP/s) (>= 44.2%, the fleet bar, whose derivation is printed in this criterion's preamble), scaling 7.486x / 7.464x net of CI
        [keel-zen4] Ssymm: 1 thread 105.1 GFLOP/s +/- 0.1% [100.7, 105.2], 8 threads 660.7 GFLOP/s +/- 0.1% [623.4, 662.4]
        [keel-zen4] Ssymm: 70.6% of 8x the single-thread avx512 peak (117 GFLOP/s) — reported, not a criterion, and that denominator ignores the clock's drop with core count
  [32mPASS[0m  [keel-zen4] Ssymm reaches 70.7% of this host's measured 8-thread ceiling (934 GFLOP/s) (>= 44.2%, the fleet bar, whose derivation is printed in this criterion's preamble), scaling 6.286x / 6.277x net of CI
        [keel-zen4] Strsm: 1 thread 37.69 GFLOP/s +/- 0.5% [34.88, 37.83], 8 threads 258.2 GFLOP/s +/- 4.6% [218.2, 288.5]
        [keel-zen4] Strsm: 27.6% of 8x the single-thread avx512 peak (117 GFLOP/s) — reported, not a criterion, and that denominator ignores the clock's drop with core count
  [32mPASS[0m  [keel-zen4] Strsm scales 6.852x, 6.522x net of CI (>= 6.067x, the regression bar ratified for this class 2026-08-16 under the B-packing-residue model)
        [keel-zen4] Strsm work split at this shape: rank_update=0.98413 diag_solve=0.01587. This is a WORK split, not a serial fraction: read as Amdahl s=0.01587 at p=8 it implies a ceiling of 7.2001x, and this run's 6.522x sits -9.42% below it. Nine readings above that ceiling are what falsified the model (#37/#89); the bar above rests on the B-packing residue instead. Reported, judged by nothing
  [31mFAIL[0m  [keel-zen4] README rows disagree with this run: Ssyrk/threads=8(README says 651.9, this run measured 700.6)
        1 of 3 host(s) rendered BASELINE this run in era pinned8: green-compatible, and spent ONLY once the witness rows at build/witness-candidates-969c360.tsv are landed in scripts/judged-runs.tsv by a reviewed commit. Until then the same absence re-renders BASELINE rather than becoming an unmet registration, and this line is the record of it (#6, #114)
  [32mPASS[0m  every gate host a bar governs cleared its class's bar (44.2% of each host's own 8-thread ceiling for Sgemm Ssyrk Ssymm on the hosts that derived that fraction, and a registered baseline less 2.6 points elsewhere (#6), 6.067x of its own single-thread rate for Strsm) (2/2) — and a further 1 of 3 configured host(s) sit outside that denominator entirely, BASELINE being the whole of their verdict (#6)

-- doc.go, and no rate outside the block this gate re-measures (criterion 9) --
  [32mPASS[0m  doc.go carries a package comment that `go doc` renders
  [32mPASS[0m  every GFLOP/s figure in README.md sits inside the block this gate re-measures

-- carried from P4 (criterion 10): every absolute bar this ratio stands on --
        ">= 6.0x single-thread" was a ratio whose denominator this phase is chartered
        to change: stage 1 makes the serial path faster, which made that bar harder, and a
        parallel nest that SLOWED the serial path made it easier. This gate's own carried text
        predicted that hazard before it decided any verdict, and #6's ruling of 2026-08-20
        removed it — the denominator is now a measured hardware ceiling, which stage 1 cannot
        move in either direction. The absolute bars are still carried by running the gates that
        own them: gate-p4 runs gate-p3, which carries P2's kernel audit — three phases of
        thresholds, not one of them restated here.
        full output: build/gate-p4-under-p5-969c360-20260823T045149Z.log (144 lines) — paste it verbatim into the umbrella issue beside this gate's own; it names gate-p3's log in turn
        64 PASS / 1 FAIL / 0 UNMEASURED / 0 BASELINE / 0 REPORTED, verdict: gate-p4: RED
  [31mFAIL[0m  gate-p4 is RED on this commit (exit 1), so nothing above that divides by a measured rate means what it says
          FAIL  gate-p3 is RED on this commit (exit 1), so nothing above that divides by Sgemm means what it says
          DESIGN.md §4's one-re-run allowance for a failing throughput sentinel applies inside the delegated gates exactly as it does when they are run directly: one immediate re-run, both outputs archived, never for a correctness criterion

-- stated assumptions (trusted, not verified; not verdicts) --
        each line below is a precondition with no read-back mechanism, so it
        carries no verdict. What the certificate asserts, it asserts ON these.
          - the configured host set is the fleet this gate is meant to measure: .keel-hosts (or $KEEL_REMOTE_HOSTS) is the only statement of that intent, so there is no second source to check it against
          - each name reaches the machine it is meant to reach: every witness of a host's identity — cpuinfo, the CPU model that enters the record, the hostname itself — is reported BY the host under test, so a name pointed at the wrong machine reports consistently about the wrong machine

gate-p5 tally: 62 PASS / 3 FAIL / 4 UNMEASURED / 4 BASELINE / 0 REPORTED
gate-p5: RED
