keel-pin: mask=0,1,2,3,4,5,6,7 width=8 doms=0,0,0,0,0,0,0,0 nodedoms=1
keel-bench-cpu: Intel(R) Core(TM) i9-9960X CPU @ 3.10GHz
keel-bench-cores: 8 logical
keel-bench-governor: performance
keel-bench-clock-mhz: 1200-3704 (snapshot, not sustained)
keel-bench-platform: linux/amd64
keel-bench-toolchain: go1.27.0-X:simd
keel-bench-backend: avx512 (available: avx512 avx2 scalar)
keel-bench-peak-method: measured on this host by BenchmarkPeak (register-only FMA saturation); the formula below is a cross-check, not the denominator (issue #11)
keel-bench-peak-formula: avx512: 281.6 GFLOP/s (4.40 GHz cpuinfo_max_freq x 2 FMA ports x 16 lanes)
keel-bench-peak-formula: avx2: 140.8 GFLOP/s (4.40 GHz cpuinfo_max_freq x 2 FMA ports x 8 lanes)
keel-bench-peak-formula: scalar: 8.8 GFLOP/s (4.40 GHz cpuinfo_max_freq x 2 FP ports, unfused: 1 flop/op x 1 lanes)
keel-bench-gomaxprocs: 1
keel-bench-kern: 2x32/avx512 (available: 4x32/avx512 2x32/avx512 4x32/scalar 2x32/scalar)
keel-bench-kern-class: issue insns-per-fma=4.625 (avx512 without vbmi2+vpopcntdq (Skylake-X / Cascade Lake / Cooper Lake generation))
keel-bench-kern-audit: 4x32/avx512=6.250 2x32/avx512=4.625
keel-bench-openblas: not available (no cgo reference harness built; rebuild with -tags openblas on a host that has OpenBLAS)
goos: linux
goarch: amd64
pkg: github.com/scttfrdmn/keel/bench
cpu: Intel(R) Core(TM) i9-9960X CPU @ 3.10GHz
BenchmarkKernel/4x32/avx512/kc=8         	33634730	        33.42 ns/op	        61.29 GFLOP/s	      2048 flops/call
BenchmarkKernel/4x32/avx512/kc=8         	36221785	        33.30 ns/op	        61.51 GFLOP/s	      2048 flops/call
BenchmarkKernel/4x32/avx512/kc=8         	36231966	        33.37 ns/op	        61.38 GFLOP/s	      2048 flops/call
BenchmarkKernel/4x32/avx512/kc=8         	36200259	        33.30 ns/op	        61.50 GFLOP/s	      2048 flops/call
BenchmarkKernel/4x32/avx512/kc=8         	35988964	        33.32 ns/op	        61.47 GFLOP/s	      2048 flops/call
BenchmarkKernel/4x32/avx512/kc=8         	36238929	        33.30 ns/op	        61.51 GFLOP/s	      2048 flops/call
BenchmarkKernel/4x32/avx512/kc=8         	36152890	        33.28 ns/op	        61.53 GFLOP/s	      2048 flops/call
BenchmarkKernel/4x32/avx512/kc=8         	35912527	        33.30 ns/op	        61.50 GFLOP/s	      2048 flops/call
BenchmarkKernel/4x32/avx512/kc=8         	36177086	        33.29 ns/op	        61.53 GFLOP/s	      2048 flops/call
BenchmarkKernel/4x32/avx512/kc=8         	36131950	        33.31 ns/op	        61.48 GFLOP/s	      2048 flops/call
BenchmarkKernel/4x32/avx512/kc=8         	36168224	        33.30 ns/op	        61.51 GFLOP/s	      2048 flops/call
BenchmarkKernel/4x32/avx512/kc=8         	36013214	        33.29 ns/op	        61.52 GFLOP/s	      2048 flops/call
BenchmarkKernel/4x32/avx512/kc=8         	36091767	        33.35 ns/op	        61.42 GFLOP/s	      2048 flops/call
BenchmarkKernel/4x32/avx512/kc=8         	36159780	        33.27 ns/op	        61.55 GFLOP/s	      2048 flops/call
BenchmarkKernel/4x32/avx512/kc=8         	36018721	        33.31 ns/op	        61.48 GFLOP/s	      2048 flops/call
BenchmarkKernel/4x32/avx512/kc=8         	36232238	        33.27 ns/op	        61.55 GFLOP/s	      2048 flops/call
BenchmarkKernel/4x32/avx512/kc=8         	35884298	        33.40 ns/op	        61.32 GFLOP/s	      2048 flops/call
BenchmarkKernel/4x32/avx512/kc=8         	36143731	        33.23 ns/op	        61.63 GFLOP/s	      2048 flops/call
BenchmarkKernel/4x32/avx512/kc=8         	36072751	        33.26 ns/op	        61.57 GFLOP/s	      2048 flops/call
BenchmarkKernel/4x32/avx512/kc=8         	36252733	        33.33 ns/op	        61.44 GFLOP/s	      2048 flops/call
BenchmarkKernel/4x32/avx512/kc=8         	35783475	        33.24 ns/op	        61.61 GFLOP/s	      2048 flops/call
BenchmarkKernel/4x32/avx512/kc=8         	36111642	        33.31 ns/op	        61.49 GFLOP/s	      2048 flops/call
BenchmarkKernel/4x32/avx512/kc=8         	36150901	        33.39 ns/op	        61.33 GFLOP/s	      2048 flops/call
BenchmarkKernel/4x32/avx512/kc=8         	36228912	        33.42 ns/op	        61.28 GFLOP/s	      2048 flops/call
BenchmarkKernel/4x32/avx512/kc=8         	36131546	        33.38 ns/op	        61.35 GFLOP/s	      2048 flops/call
BenchmarkKernel/4x32/avx512/kc=8         	35928063	        33.48 ns/op	        61.18 GFLOP/s	      2048 flops/call
BenchmarkKernel/4x32/avx512/kc=8         	35959039	        33.39 ns/op	        61.33 GFLOP/s	      2048 flops/call
BenchmarkKernel/4x32/avx512/kc=8         	36043665	        33.34 ns/op	        61.42 GFLOP/s	      2048 flops/call
BenchmarkKernel/4x32/avx512/kc=8         	35972674	        33.24 ns/op	        61.60 GFLOP/s	      2048 flops/call
BenchmarkKernel/4x32/avx512/kc=8         	35888931	        33.33 ns/op	        61.45 GFLOP/s	      2048 flops/call
BenchmarkKernel/4x32/avx512/kc=32        	10755326	       111.6 ns/op	        73.42 GFLOP/s	      8192 flops/call
BenchmarkKernel/4x32/avx512/kc=32        	10760455	       111.9 ns/op	        73.19 GFLOP/s	      8192 flops/call
BenchmarkKernel/4x32/avx512/kc=32        	10779081	       111.8 ns/op	        73.30 GFLOP/s	      8192 flops/call
BenchmarkKernel/4x32/avx512/kc=32        	10727356	       111.9 ns/op	        73.23 GFLOP/s	      8192 flops/call
BenchmarkKernel/4x32/avx512/kc=32        	10768650	       111.6 ns/op	        73.40 GFLOP/s	      8192 flops/call
BenchmarkKernel/4x32/avx512/kc=32        	10758470	       111.9 ns/op	        73.20 GFLOP/s	      8192 flops/call
BenchmarkKernel/4x32/avx512/kc=32        	10683579	       111.6 ns/op	        73.39 GFLOP/s	      8192 flops/call
BenchmarkKernel/4x32/avx512/kc=32        	10762922	       111.6 ns/op	        73.38 GFLOP/s	      8192 flops/call
BenchmarkKernel/4x32/avx512/kc=32        	10742853	       111.9 ns/op	        73.18 GFLOP/s	      8192 flops/call
BenchmarkKernel/4x32/avx512/kc=32        	10730763	       111.9 ns/op	        73.20 GFLOP/s	      8192 flops/call
BenchmarkKernel/4x32/avx512/kc=32        	10735618	       111.9 ns/op	        73.19 GFLOP/s	      8192 flops/call
BenchmarkKernel/4x32/avx512/kc=32        	10767271	       112.0 ns/op	        73.13 GFLOP/s	      8192 flops/call
BenchmarkKernel/4x32/avx512/kc=32        	10642072	       112.4 ns/op	        72.89 GFLOP/s	      8192 flops/call
BenchmarkKernel/4x32/avx512/kc=32        	10790818	       111.9 ns/op	        73.19 GFLOP/s	      8192 flops/call
BenchmarkKernel/4x32/avx512/kc=32        	10677224	       112.1 ns/op	        73.10 GFLOP/s	      8192 flops/call
BenchmarkKernel/4x32/avx512/kc=32        	10707685	       112.0 ns/op	        73.14 GFLOP/s	      8192 flops/call
BenchmarkKernel/4x32/avx512/kc=32        	10735909	       111.9 ns/op	        73.23 GFLOP/s	      8192 flops/call
BenchmarkKernel/4x32/avx512/kc=32        	10753800	       112.0 ns/op	        73.16 GFLOP/s	      8192 flops/call
BenchmarkKernel/4x32/avx512/kc=32        	10741702	       111.7 ns/op	        73.32 GFLOP/s	      8192 flops/call
BenchmarkKernel/4x32/avx512/kc=32        	10783269	       112.1 ns/op	        73.10 GFLOP/s	      8192 flops/call
BenchmarkKernel/4x32/avx512/kc=32        	10748934	       112.3 ns/op	        72.92 GFLOP/s	      8192 flops/call
BenchmarkKernel/4x32/avx512/kc=32        	10762501	       112.0 ns/op	        73.14 GFLOP/s	      8192 flops/call
BenchmarkKernel/4x32/avx512/kc=32        	10744568	       111.7 ns/op	        73.34 GFLOP/s	      8192 flops/call
BenchmarkKernel/4x32/avx512/kc=32        	10750171	       112.0 ns/op	        73.14 GFLOP/s	      8192 flops/call
BenchmarkKernel/4x32/avx512/kc=32        	10740070	       112.0 ns/op	        73.12 GFLOP/s	      8192 flops/call
BenchmarkKernel/4x32/avx512/kc=32        	10729017	       111.9 ns/op	        73.20 GFLOP/s	      8192 flops/call
BenchmarkKernel/4x32/avx512/kc=32        	10759206	       112.1 ns/op	        73.06 GFLOP/s	      8192 flops/call
BenchmarkKernel/4x32/avx512/kc=32        	10764987	       111.7 ns/op	        73.36 GFLOP/s	      8192 flops/call
BenchmarkKernel/4x32/avx512/kc=32        	10653501	       111.9 ns/op	        73.22 GFLOP/s	      8192 flops/call
BenchmarkKernel/4x32/avx512/kc=32        	10728026	       111.9 ns/op	        73.20 GFLOP/s	      8192 flops/call
BenchmarkKernel/4x32/avx512/kc=128       	 2787914	       430.0 ns/op	        76.20 GFLOP/s	     32768 flops/call
BenchmarkKernel/4x32/avx512/kc=128       	 2796168	       429.7 ns/op	        76.26 GFLOP/s	     32768 flops/call
BenchmarkKernel/4x32/avx512/kc=128       	 2784986	       430.9 ns/op	        76.05 GFLOP/s	     32768 flops/call
BenchmarkKernel/4x32/avx512/kc=128       	 2792947	       430.6 ns/op	        76.10 GFLOP/s	     32768 flops/call
BenchmarkKernel/4x32/avx512/kc=128       	 2794562	       431.1 ns/op	        76.01 GFLOP/s	     32768 flops/call
BenchmarkKernel/4x32/avx512/kc=128       	 2797119	       429.5 ns/op	        76.29 GFLOP/s	     32768 flops/call
BenchmarkKernel/4x32/avx512/kc=128       	 2792160	       430.0 ns/op	        76.21 GFLOP/s	     32768 flops/call
BenchmarkKernel/4x32/avx512/kc=128       	 2795829	       430.0 ns/op	        76.20 GFLOP/s	     32768 flops/call
BenchmarkKernel/4x32/avx512/kc=128       	 2778273	       435.5 ns/op	        75.25 GFLOP/s	     32768 flops/call
BenchmarkKernel/4x32/avx512/kc=128       	 2758632	       431.2 ns/op	        75.99 GFLOP/s	     32768 flops/call
BenchmarkKernel/4x32/avx512/kc=128       	 2784351	       430.7 ns/op	        76.08 GFLOP/s	     32768 flops/call
BenchmarkKernel/4x32/avx512/kc=128       	 2784387	       429.9 ns/op	        76.22 GFLOP/s	     32768 flops/call
BenchmarkKernel/4x32/avx512/kc=128       	 2776663	       430.0 ns/op	        76.21 GFLOP/s	     32768 flops/call
BenchmarkKernel/4x32/avx512/kc=128       	 2786840	       432.2 ns/op	        75.82 GFLOP/s	     32768 flops/call
BenchmarkKernel/4x32/avx512/kc=128       	 2790964	       430.5 ns/op	        76.11 GFLOP/s	     32768 flops/call
BenchmarkKernel/4x32/avx512/kc=128       	 2792394	       430.8 ns/op	        76.07 GFLOP/s	     32768 flops/call
BenchmarkKernel/4x32/avx512/kc=128       	 2794112	       431.8 ns/op	        75.88 GFLOP/s	     32768 flops/call
BenchmarkKernel/4x32/avx512/kc=128       	 2771248	       432.6 ns/op	        75.75 GFLOP/s	     32768 flops/call
BenchmarkKernel/4x32/avx512/kc=128       	 2798041	       432.7 ns/op	        75.73 GFLOP/s	     32768 flops/call
BenchmarkKernel/4x32/avx512/kc=128       	 2767820	       430.9 ns/op	        76.05 GFLOP/s	     32768 flops/call
BenchmarkKernel/4x32/avx512/kc=128       	 2784140	       430.7 ns/op	        76.08 GFLOP/s	     32768 flops/call
BenchmarkKernel/4x32/avx512/kc=128       	 2783187	       430.5 ns/op	        76.11 GFLOP/s	     32768 flops/call
BenchmarkKernel/4x32/avx512/kc=128       	 2788178	       430.2 ns/op	        76.18 GFLOP/s	     32768 flops/call
BenchmarkKernel/4x32/avx512/kc=128       	 2795521	       429.6 ns/op	        76.27 GFLOP/s	     32768 flops/call
BenchmarkKernel/4x32/avx512/kc=128       	 2797420	       430.6 ns/op	        76.10 GFLOP/s	     32768 flops/call
BenchmarkKernel/4x32/avx512/kc=128       	 2795122	       430.0 ns/op	        76.21 GFLOP/s	     32768 flops/call
BenchmarkKernel/4x32/avx512/kc=128       	 2790914	       430.8 ns/op	        76.06 GFLOP/s	     32768 flops/call
BenchmarkKernel/4x32/avx512/kc=128       	 2791666	       429.7 ns/op	        76.25 GFLOP/s	     32768 flops/call
BenchmarkKernel/4x32/avx512/kc=128       	 2781943	       431.8 ns/op	        75.88 GFLOP/s	     32768 flops/call
BenchmarkKernel/4x32/avx512/kc=128       	 2790711	       430.9 ns/op	        76.05 GFLOP/s	     32768 flops/call
BenchmarkKernel/4x32/avx512/kc=512       	  706040	      1694 ns/op	        77.37 GFLOP/s	    131072 flops/call
BenchmarkKernel/4x32/avx512/kc=512       	  713066	      1694 ns/op	        77.40 GFLOP/s	    131072 flops/call
BenchmarkKernel/4x32/avx512/kc=512       	  710906	      1696 ns/op	        77.30 GFLOP/s	    131072 flops/call
BenchmarkKernel/4x32/avx512/kc=512       	  709626	      1692 ns/op	        77.49 GFLOP/s	    131072 flops/call
BenchmarkKernel/4x32/avx512/kc=512       	  707018	      1701 ns/op	        77.08 GFLOP/s	    131072 flops/call
BenchmarkKernel/4x32/avx512/kc=512       	  710532	      1700 ns/op	        77.08 GFLOP/s	    131072 flops/call
BenchmarkKernel/4x32/avx512/kc=512       	  705289	      1700 ns/op	        77.09 GFLOP/s	    131072 flops/call
BenchmarkKernel/4x32/avx512/kc=512       	  711391	      1697 ns/op	        77.26 GFLOP/s	    131072 flops/call
BenchmarkKernel/4x32/avx512/kc=512       	  689865	      1692 ns/op	        77.47 GFLOP/s	    131072 flops/call
BenchmarkKernel/4x32/avx512/kc=512       	  708348	      1690 ns/op	        77.55 GFLOP/s	    131072 flops/call
BenchmarkKernel/4x32/avx512/kc=512       	  704415	      1696 ns/op	        77.26 GFLOP/s	    131072 flops/call
BenchmarkKernel/4x32/avx512/kc=512       	  704383	      1694 ns/op	        77.37 GFLOP/s	    131072 flops/call
BenchmarkKernel/4x32/avx512/kc=512       	  698073	      1705 ns/op	        76.88 GFLOP/s	    131072 flops/call
BenchmarkKernel/4x32/avx512/kc=512       	  668637	      1692 ns/op	        77.48 GFLOP/s	    131072 flops/call
BenchmarkKernel/4x32/avx512/kc=512       	  706254	      1691 ns/op	        77.52 GFLOP/s	    131072 flops/call
BenchmarkKernel/4x32/avx512/kc=512       	  708022	      1696 ns/op	        77.27 GFLOP/s	    131072 flops/call
BenchmarkKernel/4x32/avx512/kc=512       	  706035	      1693 ns/op	        77.44 GFLOP/s	    131072 flops/call
BenchmarkKernel/4x32/avx512/kc=512       	  712824	      1696 ns/op	        77.29 GFLOP/s	    131072 flops/call
BenchmarkKernel/4x32/avx512/kc=512       	  706584	      1693 ns/op	        77.41 GFLOP/s	    131072 flops/call
BenchmarkKernel/4x32/avx512/kc=512       	  704610	      1694 ns/op	        77.39 GFLOP/s	    131072 flops/call
BenchmarkKernel/4x32/avx512/kc=512       	  707542	      1696 ns/op	        77.27 GFLOP/s	    131072 flops/call
BenchmarkKernel/4x32/avx512/kc=512       	  709532	      1703 ns/op	        76.98 GFLOP/s	    131072 flops/call
BenchmarkKernel/4x32/avx512/kc=512       	  685003	      1699 ns/op	        77.14 GFLOP/s	    131072 flops/call
BenchmarkKernel/4x32/avx512/kc=512       	  712720	      1695 ns/op	        77.32 GFLOP/s	    131072 flops/call
BenchmarkKernel/4x32/avx512/kc=512       	  711566	      1691 ns/op	        77.53 GFLOP/s	    131072 flops/call
BenchmarkKernel/4x32/avx512/kc=512       	  708841	      1696 ns/op	        77.29 GFLOP/s	    131072 flops/call
BenchmarkKernel/4x32/avx512/kc=512       	  708121	      1691 ns/op	        77.53 GFLOP/s	    131072 flops/call
BenchmarkKernel/4x32/avx512/kc=512       	  703454	      1697 ns/op	        77.23 GFLOP/s	    131072 flops/call
BenchmarkKernel/4x32/avx512/kc=512       	  712621	      1695 ns/op	        77.34 GFLOP/s	    131072 flops/call
BenchmarkKernel/4x32/avx512/kc=512       	  712612	      1700 ns/op	        77.10 GFLOP/s	    131072 flops/call
BenchmarkKernel/2x32/avx512/kc=8         	78949430	        14.91 ns/op	        68.68 GFLOP/s	      1024 flops/call
BenchmarkKernel/2x32/avx512/kc=8         	80283163	        14.91 ns/op	        68.69 GFLOP/s	      1024 flops/call
BenchmarkKernel/2x32/avx512/kc=8         	77713362	        14.87 ns/op	        68.87 GFLOP/s	      1024 flops/call
BenchmarkKernel/2x32/avx512/kc=8         	81812233	        14.85 ns/op	        68.98 GFLOP/s	      1024 flops/call
BenchmarkKernel/2x32/avx512/kc=8         	81354144	        14.83 ns/op	        69.03 GFLOP/s	      1024 flops/call
BenchmarkKernel/2x32/avx512/kc=8         	81687733	        14.81 ns/op	        69.14 GFLOP/s	      1024 flops/call
BenchmarkKernel/2x32/avx512/kc=8         	81285073	        14.82 ns/op	        69.08 GFLOP/s	      1024 flops/call
BenchmarkKernel/2x32/avx512/kc=8         	81443017	        14.83 ns/op	        69.04 GFLOP/s	      1024 flops/call
BenchmarkKernel/2x32/avx512/kc=8         	80950897	        14.82 ns/op	        69.10 GFLOP/s	      1024 flops/call
BenchmarkKernel/2x32/avx512/kc=8         	81468910	        14.83 ns/op	        69.05 GFLOP/s	      1024 flops/call
BenchmarkKernel/2x32/avx512/kc=8         	81120139	        14.85 ns/op	        68.96 GFLOP/s	      1024 flops/call
BenchmarkKernel/2x32/avx512/kc=8         	81149438	        14.81 ns/op	        69.16 GFLOP/s	      1024 flops/call
BenchmarkKernel/2x32/avx512/kc=8         	81504114	        14.84 ns/op	        69.00 GFLOP/s	      1024 flops/call
BenchmarkKernel/2x32/avx512/kc=8         	81242824	        14.83 ns/op	        69.06 GFLOP/s	      1024 flops/call
BenchmarkKernel/2x32/avx512/kc=8         	81499548	        14.85 ns/op	        68.98 GFLOP/s	      1024 flops/call
BenchmarkKernel/2x32/avx512/kc=8         	81029719	        14.93 ns/op	        68.59 GFLOP/s	      1024 flops/call
BenchmarkKernel/2x32/avx512/kc=8         	80963229	        14.83 ns/op	        69.05 GFLOP/s	      1024 flops/call
BenchmarkKernel/2x32/avx512/kc=8         	80804652	        14.88 ns/op	        68.83 GFLOP/s	      1024 flops/call
BenchmarkKernel/2x32/avx512/kc=8         	80795300	        15.03 ns/op	        68.12 GFLOP/s	      1024 flops/call
BenchmarkKernel/2x32/avx512/kc=8         	80691129	        14.91 ns/op	        68.70 GFLOP/s	      1024 flops/call
BenchmarkKernel/2x32/avx512/kc=8         	79227049	        14.87 ns/op	        68.88 GFLOP/s	      1024 flops/call
BenchmarkKernel/2x32/avx512/kc=8         	80797192	        14.85 ns/op	        68.97 GFLOP/s	      1024 flops/call
BenchmarkKernel/2x32/avx512/kc=8         	80971167	        14.83 ns/op	        69.06 GFLOP/s	      1024 flops/call
BenchmarkKernel/2x32/avx512/kc=8         	81223171	        14.86 ns/op	        68.92 GFLOP/s	      1024 flops/call
BenchmarkKernel/2x32/avx512/kc=8         	81553018	        14.89 ns/op	        68.78 GFLOP/s	      1024 flops/call
BenchmarkKernel/2x32/avx512/kc=8         	80464440	        14.83 ns/op	        69.04 GFLOP/s	      1024 flops/call
BenchmarkKernel/2x32/avx512/kc=8         	80906284	        14.82 ns/op	        69.10 GFLOP/s	      1024 flops/call
BenchmarkKernel/2x32/avx512/kc=8         	81731079	        14.84 ns/op	        68.99 GFLOP/s	      1024 flops/call
BenchmarkKernel/2x32/avx512/kc=8         	81337640	        14.83 ns/op	        69.05 GFLOP/s	      1024 flops/call
BenchmarkKernel/2x32/avx512/kc=8         	80981888	        14.83 ns/op	        69.05 GFLOP/s	      1024 flops/call
BenchmarkKernel/2x32/avx512/kc=32        	26118993	        46.11 ns/op	        88.84 GFLOP/s	      4096 flops/call
BenchmarkKernel/2x32/avx512/kc=32        	25824733	        46.15 ns/op	        88.76 GFLOP/s	      4096 flops/call
BenchmarkKernel/2x32/avx512/kc=32        	24730197	        45.98 ns/op	        89.08 GFLOP/s	      4096 flops/call
BenchmarkKernel/2x32/avx512/kc=32        	25927628	        45.98 ns/op	        89.07 GFLOP/s	      4096 flops/call
BenchmarkKernel/2x32/avx512/kc=32        	26044426	        46.15 ns/op	        88.75 GFLOP/s	      4096 flops/call
BenchmarkKernel/2x32/avx512/kc=32        	26151256	        45.99 ns/op	        89.07 GFLOP/s	      4096 flops/call
BenchmarkKernel/2x32/avx512/kc=32        	26146221	        46.09 ns/op	        88.87 GFLOP/s	      4096 flops/call
BenchmarkKernel/2x32/avx512/kc=32        	26000241	        45.94 ns/op	        89.16 GFLOP/s	      4096 flops/call
BenchmarkKernel/2x32/avx512/kc=32        	25776056	        46.14 ns/op	        88.77 GFLOP/s	      4096 flops/call
BenchmarkKernel/2x32/avx512/kc=32        	26142656	        46.35 ns/op	        88.36 GFLOP/s	      4096 flops/call
BenchmarkKernel/2x32/avx512/kc=32        	26185972	        46.33 ns/op	        88.41 GFLOP/s	      4096 flops/call
BenchmarkKernel/2x32/avx512/kc=32        	26082889	        46.05 ns/op	        88.95 GFLOP/s	      4096 flops/call
BenchmarkKernel/2x32/avx512/kc=32        	26183769	        45.99 ns/op	        89.06 GFLOP/s	      4096 flops/call
BenchmarkKernel/2x32/avx512/kc=32        	26033341	        46.00 ns/op	        89.03 GFLOP/s	      4096 flops/call
BenchmarkKernel/2x32/avx512/kc=32        	26191995	        46.12 ns/op	        88.81 GFLOP/s	      4096 flops/call
BenchmarkKernel/2x32/avx512/kc=32        	26030100	        45.97 ns/op	        89.11 GFLOP/s	      4096 flops/call
BenchmarkKernel/2x32/avx512/kc=32        	26141342	        46.11 ns/op	        88.83 GFLOP/s	      4096 flops/call
BenchmarkKernel/2x32/avx512/kc=32        	25977890	        46.00 ns/op	        89.05 GFLOP/s	      4096 flops/call
BenchmarkKernel/2x32/avx512/kc=32        	26092552	        46.06 ns/op	        88.93 GFLOP/s	      4096 flops/call
BenchmarkKernel/2x32/avx512/kc=32        	26130525	        46.00 ns/op	        89.05 GFLOP/s	      4096 flops/call
BenchmarkKernel/2x32/avx512/kc=32        	26168503	        46.06 ns/op	        88.92 GFLOP/s	      4096 flops/call
BenchmarkKernel/2x32/avx512/kc=32        	26168340	        46.37 ns/op	        88.32 GFLOP/s	      4096 flops/call
BenchmarkKernel/2x32/avx512/kc=32        	26057119	        46.15 ns/op	        88.75 GFLOP/s	      4096 flops/call
BenchmarkKernel/2x32/avx512/kc=32        	26124314	        46.44 ns/op	        88.19 GFLOP/s	      4096 flops/call
BenchmarkKernel/2x32/avx512/kc=32        	25572554	        46.08 ns/op	        88.90 GFLOP/s	      4096 flops/call
BenchmarkKernel/2x32/avx512/kc=32        	26110606	        46.02 ns/op	        89.00 GFLOP/s	      4096 flops/call
BenchmarkKernel/2x32/avx512/kc=32        	26148348	        46.13 ns/op	        88.79 GFLOP/s	      4096 flops/call
BenchmarkKernel/2x32/avx512/kc=32        	26104497	        46.09 ns/op	        88.87 GFLOP/s	      4096 flops/call
BenchmarkKernel/2x32/avx512/kc=32        	26193370	        46.18 ns/op	        88.70 GFLOP/s	      4096 flops/call
BenchmarkKernel/2x32/avx512/kc=32        	26140940	        46.09 ns/op	        88.86 GFLOP/s	      4096 flops/call
BenchmarkKernel/2x32/avx512/kc=128       	 7271000	       164.7 ns/op	        99.47 GFLOP/s	     16384 flops/call
BenchmarkKernel/2x32/avx512/kc=128       	 7295659	       164.1 ns/op	        99.82 GFLOP/s	     16384 flops/call
BenchmarkKernel/2x32/avx512/kc=128       	 7318875	       164.1 ns/op	        99.82 GFLOP/s	     16384 flops/call
BenchmarkKernel/2x32/avx512/kc=128       	 7168822	       164.1 ns/op	        99.85 GFLOP/s	     16384 flops/call
BenchmarkKernel/2x32/avx512/kc=128       	 7315936	       163.9 ns/op	        99.94 GFLOP/s	     16384 flops/call
BenchmarkKernel/2x32/avx512/kc=128       	 7289994	       164.3 ns/op	        99.72 GFLOP/s	     16384 flops/call
BenchmarkKernel/2x32/avx512/kc=128       	 7302081	       164.2 ns/op	        99.78 GFLOP/s	     16384 flops/call
BenchmarkKernel/2x32/avx512/kc=128       	 7333314	       164.1 ns/op	        99.83 GFLOP/s	     16384 flops/call
BenchmarkKernel/2x32/avx512/kc=128       	 7305612	       163.8 ns/op	       100.0 GFLOP/s	     16384 flops/call
BenchmarkKernel/2x32/avx512/kc=128       	 7332020	       164.5 ns/op	        99.62 GFLOP/s	     16384 flops/call
BenchmarkKernel/2x32/avx512/kc=128       	 7345124	       164.2 ns/op	        99.81 GFLOP/s	     16384 flops/call
BenchmarkKernel/2x32/avx512/kc=128       	 7324072	       164.3 ns/op	        99.74 GFLOP/s	     16384 flops/call
BenchmarkKernel/2x32/avx512/kc=128       	 7258750	       164.0 ns/op	        99.93 GFLOP/s	     16384 flops/call
BenchmarkKernel/2x32/avx512/kc=128       	 7328010	       164.0 ns/op	        99.88 GFLOP/s	     16384 flops/call
BenchmarkKernel/2x32/avx512/kc=128       	 7198970	       163.8 ns/op	       100.0 GFLOP/s	     16384 flops/call
BenchmarkKernel/2x32/avx512/kc=128       	 7288064	       163.7 ns/op	       100.1 GFLOP/s	     16384 flops/call
BenchmarkKernel/2x32/avx512/kc=128       	 7321238	       164.4 ns/op	        99.67 GFLOP/s	     16384 flops/call
BenchmarkKernel/2x32/avx512/kc=128       	 7326536	       164.4 ns/op	        99.64 GFLOP/s	     16384 flops/call
BenchmarkKernel/2x32/avx512/kc=128       	 7295743	       164.1 ns/op	        99.83 GFLOP/s	     16384 flops/call
BenchmarkKernel/2x32/avx512/kc=128       	 7333045	       163.8 ns/op	       100.0 GFLOP/s	     16384 flops/call
BenchmarkKernel/2x32/avx512/kc=128       	 7344331	       164.2 ns/op	        99.78 GFLOP/s	     16384 flops/call
BenchmarkKernel/2x32/avx512/kc=128       	 7339008	       163.8 ns/op	       100.0 GFLOP/s	     16384 flops/call
BenchmarkKernel/2x32/avx512/kc=128       	 7325284	       164.3 ns/op	        99.72 GFLOP/s	     16384 flops/call
BenchmarkKernel/2x32/avx512/kc=128       	 7313530	       164.4 ns/op	        99.66 GFLOP/s	     16384 flops/call
BenchmarkKernel/2x32/avx512/kc=128       	 7307598	       164.5 ns/op	        99.62 GFLOP/s	     16384 flops/call
BenchmarkKernel/2x32/avx512/kc=128       	 7186357	       165.1 ns/op	        99.22 GFLOP/s	     16384 flops/call
BenchmarkKernel/2x32/avx512/kc=128       	 7316865	       164.1 ns/op	        99.84 GFLOP/s	     16384 flops/call
BenchmarkKernel/2x32/avx512/kc=128       	 7331752	       164.4 ns/op	        99.65 GFLOP/s	     16384 flops/call
BenchmarkKernel/2x32/avx512/kc=128       	 7282808	       164.0 ns/op	        99.88 GFLOP/s	     16384 flops/call
BenchmarkKernel/2x32/avx512/kc=128       	 7328746	       164.7 ns/op	        99.47 GFLOP/s	     16384 flops/call
BenchmarkKernel/2x32/avx512/kc=512       	 1721547	       697.7 ns/op	        93.93 GFLOP/s	     65536 flops/call
BenchmarkKernel/2x32/avx512/kc=512       	 1720131	       700.8 ns/op	        93.51 GFLOP/s	     65536 flops/call
BenchmarkKernel/2x32/avx512/kc=512       	 1698870	       706.9 ns/op	        92.71 GFLOP/s	     65536 flops/call
BenchmarkKernel/2x32/avx512/kc=512       	 1720700	       702.6 ns/op	        93.28 GFLOP/s	     65536 flops/call
BenchmarkKernel/2x32/avx512/kc=512       	 1671604	       694.6 ns/op	        94.35 GFLOP/s	     65536 flops/call
BenchmarkKernel/2x32/avx512/kc=512       	 1694088	       705.8 ns/op	        92.85 GFLOP/s	     65536 flops/call
BenchmarkKernel/2x32/avx512/kc=512       	 1712662	       701.3 ns/op	        93.45 GFLOP/s	     65536 flops/call
BenchmarkKernel/2x32/avx512/kc=512       	 1694134	       705.8 ns/op	        92.86 GFLOP/s	     65536 flops/call
BenchmarkKernel/2x32/avx512/kc=512       	 1706652	       713.2 ns/op	        91.89 GFLOP/s	     65536 flops/call
BenchmarkKernel/2x32/avx512/kc=512       	 1691749	       699.7 ns/op	        93.66 GFLOP/s	     65536 flops/call
BenchmarkKernel/2x32/avx512/kc=512       	 1700006	       704.8 ns/op	        92.98 GFLOP/s	     65536 flops/call
BenchmarkKernel/2x32/avx512/kc=512       	 1739960	       717.6 ns/op	        91.32 GFLOP/s	     65536 flops/call
BenchmarkKernel/2x32/avx512/kc=512       	 1687630	       704.0 ns/op	        93.10 GFLOP/s	     65536 flops/call
BenchmarkKernel/2x32/avx512/kc=512       	 1705461	       710.7 ns/op	        92.21 GFLOP/s	     65536 flops/call
BenchmarkKernel/2x32/avx512/kc=512       	 1689924	       703.4 ns/op	        93.17 GFLOP/s	     65536 flops/call
BenchmarkKernel/2x32/avx512/kc=512       	 1711326	       712.8 ns/op	        91.94 GFLOP/s	     65536 flops/call
BenchmarkKernel/2x32/avx512/kc=512       	 1703396	       709.9 ns/op	        92.32 GFLOP/s	     65536 flops/call
BenchmarkKernel/2x32/avx512/kc=512       	 1688874	       706.4 ns/op	        92.77 GFLOP/s	     65536 flops/call
BenchmarkKernel/2x32/avx512/kc=512       	 1672399	       701.0 ns/op	        93.49 GFLOP/s	     65536 flops/call
BenchmarkKernel/2x32/avx512/kc=512       	 1716465	       702.0 ns/op	        93.36 GFLOP/s	     65536 flops/call
BenchmarkKernel/2x32/avx512/kc=512       	 1707754	       709.2 ns/op	        92.40 GFLOP/s	     65536 flops/call
BenchmarkKernel/2x32/avx512/kc=512       	 1693546	       698.9 ns/op	        93.76 GFLOP/s	     65536 flops/call
BenchmarkKernel/2x32/avx512/kc=512       	 1691530	       703.6 ns/op	        93.14 GFLOP/s	     65536 flops/call
BenchmarkKernel/2x32/avx512/kc=512       	 1702748	       698.3 ns/op	        93.85 GFLOP/s	     65536 flops/call
BenchmarkKernel/2x32/avx512/kc=512       	 1702188	       704.6 ns/op	        93.01 GFLOP/s	     65536 flops/call
BenchmarkKernel/2x32/avx512/kc=512       	 1707098	       709.8 ns/op	        92.33 GFLOP/s	     65536 flops/call
BenchmarkKernel/2x32/avx512/kc=512       	 1720123	       713.9 ns/op	        91.80 GFLOP/s	     65536 flops/call
BenchmarkKernel/2x32/avx512/kc=512       	 1672371	       706.5 ns/op	        92.77 GFLOP/s	     65536 flops/call
BenchmarkKernel/2x32/avx512/kc=512       	 1704094	       712.3 ns/op	        92.01 GFLOP/s	     65536 flops/call
BenchmarkKernel/2x32/avx512/kc=512       	 1707063	       709.0 ns/op	        92.43 GFLOP/s	     65536 flops/call
BenchmarkKernel/4x32/scalar/kc=8         	 1668346	       743.3 ns/op	         2.755 GFLOP/s	      2048 flops/call
BenchmarkKernel/4x32/scalar/kc=8         	 1623289	       741.5 ns/op	         2.762 GFLOP/s	      2048 flops/call
BenchmarkKernel/4x32/scalar/kc=8         	 1609779	       747.3 ns/op	         2.740 GFLOP/s	      2048 flops/call
BenchmarkKernel/4x32/scalar/kc=8         	 1609057	       743.0 ns/op	         2.756 GFLOP/s	      2048 flops/call
BenchmarkKernel/4x32/scalar/kc=8         	 1612647	       741.6 ns/op	         2.762 GFLOP/s	      2048 flops/call
BenchmarkKernel/4x32/scalar/kc=8         	 1618364	       746.2 ns/op	         2.744 GFLOP/s	      2048 flops/call
BenchmarkKernel/4x32/scalar/kc=8         	 1621028	       741.8 ns/op	         2.761 GFLOP/s	      2048 flops/call
BenchmarkKernel/4x32/scalar/kc=8         	 1609700	       743.7 ns/op	         2.754 GFLOP/s	      2048 flops/call
BenchmarkKernel/4x32/scalar/kc=8         	 1610035	       745.0 ns/op	         2.749 GFLOP/s	      2048 flops/call
BenchmarkKernel/4x32/scalar/kc=8         	 1611252	       741.8 ns/op	         2.761 GFLOP/s	      2048 flops/call
BenchmarkKernel/4x32/scalar/kc=8         	 1614042	       742.4 ns/op	         2.759 GFLOP/s	      2048 flops/call
BenchmarkKernel/4x32/scalar/kc=8         	 1611549	       741.8 ns/op	         2.761 GFLOP/s	      2048 flops/call
BenchmarkKernel/4x32/scalar/kc=8         	 1618316	       743.0 ns/op	         2.756 GFLOP/s	      2048 flops/call
BenchmarkKernel/4x32/scalar/kc=8         	 1610522	       741.7 ns/op	         2.761 GFLOP/s	      2048 flops/call
BenchmarkKernel/4x32/scalar/kc=8         	 1619650	       681.5 ns/op	         3.005 GFLOP/s	      2048 flops/call
BenchmarkKernel/4x32/scalar/kc=8         	 1861426	       646.7 ns/op	         3.167 GFLOP/s	      2048 flops/call
BenchmarkKernel/4x32/scalar/kc=8         	 1835553	       653.0 ns/op	         3.136 GFLOP/s	      2048 flops/call
BenchmarkKernel/4x32/scalar/kc=8         	 1846158	       646.6 ns/op	         3.167 GFLOP/s	      2048 flops/call
BenchmarkKernel/4x32/scalar/kc=8         	 1847257	       648.3 ns/op	         3.159 GFLOP/s	      2048 flops/call
BenchmarkKernel/4x32/scalar/kc=8         	 1861828	       647.6 ns/op	         3.162 GFLOP/s	      2048 flops/call
BenchmarkKernel/4x32/scalar/kc=8         	 1857356	       644.8 ns/op	         3.176 GFLOP/s	      2048 flops/call
BenchmarkKernel/4x32/scalar/kc=8         	 1856588	       644.6 ns/op	         3.177 GFLOP/s	      2048 flops/call
BenchmarkKernel/4x32/scalar/kc=8         	 1858288	       645.1 ns/op	         3.175 GFLOP/s	      2048 flops/call
BenchmarkKernel/4x32/scalar/kc=8         	 1858174	       645.7 ns/op	         3.172 GFLOP/s	      2048 flops/call
BenchmarkKernel/4x32/scalar/kc=8         	 1850018	       646.4 ns/op	         3.168 GFLOP/s	      2048 flops/call
BenchmarkKernel/4x32/scalar/kc=8         	 1870041	       645.6 ns/op	         3.172 GFLOP/s	      2048 flops/call
BenchmarkKernel/4x32/scalar/kc=8         	 1849578	       646.2 ns/op	         3.169 GFLOP/s	      2048 flops/call
BenchmarkKernel/4x32/scalar/kc=8         	 1865894	       645.7 ns/op	         3.172 GFLOP/s	      2048 flops/call
BenchmarkKernel/4x32/scalar/kc=8         	 1865206	       649.1 ns/op	         3.155 GFLOP/s	      2048 flops/call
BenchmarkKernel/4x32/scalar/kc=8         	 1852630	       658.0 ns/op	         3.113 GFLOP/s	      2048 flops/call
BenchmarkKernel/4x32/scalar/kc=32        	  517545	      2327 ns/op	         3.521 GFLOP/s	      8192 flops/call
BenchmarkKernel/4x32/scalar/kc=32        	  525207	      2314 ns/op	         3.540 GFLOP/s	      8192 flops/call
BenchmarkKernel/4x32/scalar/kc=32        	  517388	      2311 ns/op	         3.545 GFLOP/s	      8192 flops/call
BenchmarkKernel/4x32/scalar/kc=32        	  521186	      2314 ns/op	         3.540 GFLOP/s	      8192 flops/call
BenchmarkKernel/4x32/scalar/kc=32        	  517777	      2308 ns/op	         3.549 GFLOP/s	      8192 flops/call
BenchmarkKernel/4x32/scalar/kc=32        	  501162	      2309 ns/op	         3.548 GFLOP/s	      8192 flops/call
BenchmarkKernel/4x32/scalar/kc=32        	  520983	      2319 ns/op	         3.532 GFLOP/s	      8192 flops/call
BenchmarkKernel/4x32/scalar/kc=32        	  511858	      2314 ns/op	         3.540 GFLOP/s	      8192 flops/call
BenchmarkKernel/4x32/scalar/kc=32        	  521209	      2333 ns/op	         3.512 GFLOP/s	      8192 flops/call
BenchmarkKernel/4x32/scalar/kc=32        	  524557	      2330 ns/op	         3.516 GFLOP/s	      8192 flops/call
BenchmarkKernel/4x32/scalar/kc=32        	  512847	      2319 ns/op	         3.533 GFLOP/s	      8192 flops/call
BenchmarkKernel/4x32/scalar/kc=32        	  528229	      2310 ns/op	         3.547 GFLOP/s	      8192 flops/call
BenchmarkKernel/4x32/scalar/kc=32        	  517207	      2313 ns/op	         3.542 GFLOP/s	      8192 flops/call
BenchmarkKernel/4x32/scalar/kc=32        	  511688	      2325 ns/op	         3.523 GFLOP/s	      8192 flops/call
BenchmarkKernel/4x32/scalar/kc=32        	  520374	      2316 ns/op	         3.537 GFLOP/s	      8192 flops/call
BenchmarkKernel/4x32/scalar/kc=32        	  513615	      2321 ns/op	         3.529 GFLOP/s	      8192 flops/call
BenchmarkKernel/4x32/scalar/kc=32        	  521820	      2319 ns/op	         3.532 GFLOP/s	      8192 flops/call
BenchmarkKernel/4x32/scalar/kc=32        	  515770	      2324 ns/op	         3.526 GFLOP/s	      8192 flops/call
BenchmarkKernel/4x32/scalar/kc=32        	  511948	      2314 ns/op	         3.540 GFLOP/s	      8192 flops/call
BenchmarkKernel/4x32/scalar/kc=32        	  522573	      2309 ns/op	         3.548 GFLOP/s	      8192 flops/call
BenchmarkKernel/4x32/scalar/kc=32        	  519199	      2317 ns/op	         3.536 GFLOP/s	      8192 flops/call
BenchmarkKernel/4x32/scalar/kc=32        	  515936	      2320 ns/op	         3.531 GFLOP/s	      8192 flops/call
BenchmarkKernel/4x32/scalar/kc=32        	  531194	      2306 ns/op	         3.552 GFLOP/s	      8192 flops/call
BenchmarkKernel/4x32/scalar/kc=32        	  519446	      2327 ns/op	         3.521 GFLOP/s	      8192 flops/call
BenchmarkKernel/4x32/scalar/kc=32        	  526185	      2313 ns/op	         3.542 GFLOP/s	      8192 flops/call
BenchmarkKernel/4x32/scalar/kc=32        	  509169	      2317 ns/op	         3.536 GFLOP/s	      8192 flops/call
BenchmarkKernel/4x32/scalar/kc=32        	  512245	      2326 ns/op	         3.522 GFLOP/s	      8192 flops/call
BenchmarkKernel/4x32/scalar/kc=32        	  518326	      2308 ns/op	         3.549 GFLOP/s	      8192 flops/call
BenchmarkKernel/4x32/scalar/kc=32        	  518148	      2316 ns/op	         3.537 GFLOP/s	      8192 flops/call
BenchmarkKernel/4x32/scalar/kc=32        	  514128	      2303 ns/op	         3.557 GFLOP/s	      8192 flops/call
BenchmarkKernel/4x32/scalar/kc=128       	   57322	     36092 ns/op	         0.9079 GFLOP/s	     32768 flops/call
BenchmarkKernel/4x32/scalar/kc=128       	   36158	     34914 ns/op	         0.9385 GFLOP/s	     32768 flops/call
BenchmarkKernel/4x32/scalar/kc=128       	   33558	     37500 ns/op	         0.8738 GFLOP/s	     32768 flops/call
BenchmarkKernel/4x32/scalar/kc=128       	   33770	     36314 ns/op	         0.9024 GFLOP/s	     32768 flops/call
BenchmarkKernel/4x32/scalar/kc=128       	   34806	     35875 ns/op	         0.9134 GFLOP/s	     32768 flops/call
BenchmarkKernel/4x32/scalar/kc=128       	   43462	     35122 ns/op	         0.9330 GFLOP/s	     32768 flops/call
BenchmarkKernel/4x32/scalar/kc=128       	   35143	     37258 ns/op	         0.8795 GFLOP/s	     32768 flops/call
BenchmarkKernel/4x32/scalar/kc=128       	   40176	     37533 ns/op	         0.8730 GFLOP/s	     32768 flops/call
BenchmarkKernel/4x32/scalar/kc=128       	   34773	     37650 ns/op	         0.8703 GFLOP/s	     32768 flops/call
BenchmarkKernel/4x32/scalar/kc=128       	   35527	     36159 ns/op	         0.9062 GFLOP/s	     32768 flops/call
BenchmarkKernel/4x32/scalar/kc=128       	   33910	     37767 ns/op	         0.8676 GFLOP/s	     32768 flops/call
BenchmarkKernel/4x32/scalar/kc=128       	   41023	     35180 ns/op	         0.9314 GFLOP/s	     32768 flops/call
BenchmarkKernel/4x32/scalar/kc=128       	   35217	     35744 ns/op	         0.9167 GFLOP/s	     32768 flops/call
BenchmarkKernel/4x32/scalar/kc=128       	   39834	     37785 ns/op	         0.8672 GFLOP/s	     32768 flops/call
BenchmarkKernel/4x32/scalar/kc=128       	  115293	     37042 ns/op	         0.8846 GFLOP/s	     32768 flops/call
BenchmarkKernel/4x32/scalar/kc=128       	   35700	     35776 ns/op	         0.9159 GFLOP/s	     32768 flops/call
BenchmarkKernel/4x32/scalar/kc=128       	   34016	     37613 ns/op	         0.8712 GFLOP/s	     32768 flops/call
BenchmarkKernel/4x32/scalar/kc=128       	   51540	     35616 ns/op	         0.9200 GFLOP/s	     32768 flops/call
BenchmarkKernel/4x32/scalar/kc=128       	   33550	     37386 ns/op	         0.8765 GFLOP/s	     32768 flops/call
BenchmarkKernel/4x32/scalar/kc=128       	   41377	     36141 ns/op	         0.9067 GFLOP/s	     32768 flops/call
BenchmarkKernel/4x32/scalar/kc=128       	   35440	     37610 ns/op	         0.8713 GFLOP/s	     32768 flops/call
BenchmarkKernel/4x32/scalar/kc=128       	   34412	     35887 ns/op	         0.9131 GFLOP/s	     32768 flops/call
BenchmarkKernel/4x32/scalar/kc=128       	   35023	     37294 ns/op	         0.8787 GFLOP/s	     32768 flops/call
BenchmarkKernel/4x32/scalar/kc=128       	   34580	     34709 ns/op	         0.9441 GFLOP/s	     32768 flops/call
BenchmarkKernel/4x32/scalar/kc=128       	   40864	     37895 ns/op	         0.8647 GFLOP/s	     32768 flops/call
BenchmarkKernel/4x32/scalar/kc=128       	   33627	     37316 ns/op	         0.8781 GFLOP/s	     32768 flops/call
BenchmarkKernel/4x32/scalar/kc=128       	   34726	     37561 ns/op	         0.8724 GFLOP/s	     32768 flops/call
BenchmarkKernel/4x32/scalar/kc=128       	   34104	     35961 ns/op	         0.9112 GFLOP/s	     32768 flops/call
BenchmarkKernel/4x32/scalar/kc=128       	   33367	     35867 ns/op	         0.9136 GFLOP/s	     32768 flops/call
BenchmarkKernel/4x32/scalar/kc=128       	   39628	     28264 ns/op	         1.159 GFLOP/s	     32768 flops/call
BenchmarkKernel/4x32/scalar/kc=512       	   10000	    150588 ns/op	         0.8704 GFLOP/s	    131072 flops/call
BenchmarkKernel/4x32/scalar/kc=512       	   10000	    152352 ns/op	         0.8603 GFLOP/s	    131072 flops/call
BenchmarkKernel/4x32/scalar/kc=512       	   10000	    152249 ns/op	         0.8609 GFLOP/s	    131072 flops/call
BenchmarkKernel/4x32/scalar/kc=512       	   10000	    152333 ns/op	         0.8604 GFLOP/s	    131072 flops/call
BenchmarkKernel/4x32/scalar/kc=512       	   10000	    153446 ns/op	         0.8542 GFLOP/s	    131072 flops/call
BenchmarkKernel/4x32/scalar/kc=512       	   10000	    153449 ns/op	         0.8542 GFLOP/s	    131072 flops/call
BenchmarkKernel/4x32/scalar/kc=512       	   10000	    150570 ns/op	         0.8705 GFLOP/s	    131072 flops/call
BenchmarkKernel/4x32/scalar/kc=512       	   10000	    152031 ns/op	         0.8621 GFLOP/s	    131072 flops/call
BenchmarkKernel/4x32/scalar/kc=512       	   10000	    151218 ns/op	         0.8668 GFLOP/s	    131072 flops/call
BenchmarkKernel/4x32/scalar/kc=512       	   10000	    151460 ns/op	         0.8654 GFLOP/s	    131072 flops/call
BenchmarkKernel/4x32/scalar/kc=512       	   10000	    151917 ns/op	         0.8628 GFLOP/s	    131072 flops/call
BenchmarkKernel/4x32/scalar/kc=512       	   10000	    151351 ns/op	         0.8660 GFLOP/s	    131072 flops/call
BenchmarkKernel/4x32/scalar/kc=512       	   10000	    151606 ns/op	         0.8646 GFLOP/s	    131072 flops/call
BenchmarkKernel/4x32/scalar/kc=512       	   10000	    147232 ns/op	         0.8902 GFLOP/s	    131072 flops/call
BenchmarkKernel/4x32/scalar/kc=512       	   10000	    152778 ns/op	         0.8579 GFLOP/s	    131072 flops/call
BenchmarkKernel/4x32/scalar/kc=512       	   10000	    151667 ns/op	         0.8642 GFLOP/s	    131072 flops/call
BenchmarkKernel/4x32/scalar/kc=512       	   10000	    152725 ns/op	         0.8582 GFLOP/s	    131072 flops/call
BenchmarkKernel/4x32/scalar/kc=512       	   10000	    151501 ns/op	         0.8652 GFLOP/s	    131072 flops/call
BenchmarkKernel/4x32/scalar/kc=512       	   10000	    152177 ns/op	         0.8613 GFLOP/s	    131072 flops/call
BenchmarkKernel/4x32/scalar/kc=512       	   10000	    152674 ns/op	         0.8585 GFLOP/s	    131072 flops/call
BenchmarkKernel/4x32/scalar/kc=512       	   10000	    150206 ns/op	         0.8726 GFLOP/s	    131072 flops/call
BenchmarkKernel/4x32/scalar/kc=512       	   10000	    150571 ns/op	         0.8705 GFLOP/s	    131072 flops/call
BenchmarkKernel/4x32/scalar/kc=512       	   10000	    151124 ns/op	         0.8673 GFLOP/s	    131072 flops/call
BenchmarkKernel/4x32/scalar/kc=512       	   10000	    151745 ns/op	         0.8638 GFLOP/s	    131072 flops/call
BenchmarkKernel/4x32/scalar/kc=512       	   10000	    152709 ns/op	         0.8583 GFLOP/s	    131072 flops/call
BenchmarkKernel/4x32/scalar/kc=512       	   10000	    151176 ns/op	         0.8670 GFLOP/s	    131072 flops/call
BenchmarkKernel/4x32/scalar/kc=512       	   10000	    151198 ns/op	         0.8669 GFLOP/s	    131072 flops/call
BenchmarkKernel/4x32/scalar/kc=512       	   10000	    151060 ns/op	         0.8677 GFLOP/s	    131072 flops/call
BenchmarkKernel/4x32/scalar/kc=512       	   10000	    151167 ns/op	         0.8671 GFLOP/s	    131072 flops/call
BenchmarkKernel/4x32/scalar/kc=512       	   10000	    150515 ns/op	         0.8708 GFLOP/s	    131072 flops/call
BenchmarkKernel/2x32/scalar/kc=8         	 3255680	       369.7 ns/op	         2.770 GFLOP/s	      1024 flops/call
BenchmarkKernel/2x32/scalar/kc=8         	 3252822	       369.4 ns/op	         2.772 GFLOP/s	      1024 flops/call
BenchmarkKernel/2x32/scalar/kc=8         	 3249326	       369.6 ns/op	         2.771 GFLOP/s	      1024 flops/call
BenchmarkKernel/2x32/scalar/kc=8         	 3249657	       370.5 ns/op	         2.764 GFLOP/s	      1024 flops/call
BenchmarkKernel/2x32/scalar/kc=8         	 3240339	       370.1 ns/op	         2.767 GFLOP/s	      1024 flops/call
BenchmarkKernel/2x32/scalar/kc=8         	 3240501	       369.1 ns/op	         2.774 GFLOP/s	      1024 flops/call
BenchmarkKernel/2x32/scalar/kc=8         	 3232576	       369.9 ns/op	         2.768 GFLOP/s	      1024 flops/call
BenchmarkKernel/2x32/scalar/kc=8         	 3259340	       369.1 ns/op	         2.774 GFLOP/s	      1024 flops/call
BenchmarkKernel/2x32/scalar/kc=8         	 3257428	       371.1 ns/op	         2.759 GFLOP/s	      1024 flops/call
BenchmarkKernel/2x32/scalar/kc=8         	 3250059	       370.1 ns/op	         2.767 GFLOP/s	      1024 flops/call
BenchmarkKernel/2x32/scalar/kc=8         	 3231579	       370.1 ns/op	         2.767 GFLOP/s	      1024 flops/call
BenchmarkKernel/2x32/scalar/kc=8         	 3235345	       368.9 ns/op	         2.776 GFLOP/s	      1024 flops/call
BenchmarkKernel/2x32/scalar/kc=8         	 3259069	       369.8 ns/op	         2.769 GFLOP/s	      1024 flops/call
BenchmarkKernel/2x32/scalar/kc=8         	 3251307	       369.6 ns/op	         2.770 GFLOP/s	      1024 flops/call
BenchmarkKernel/2x32/scalar/kc=8         	 3248298	       369.8 ns/op	         2.769 GFLOP/s	      1024 flops/call
BenchmarkKernel/2x32/scalar/kc=8         	 3255654	       369.3 ns/op	         2.773 GFLOP/s	      1024 flops/call
BenchmarkKernel/2x32/scalar/kc=8         	 3227629	       369.9 ns/op	         2.768 GFLOP/s	      1024 flops/call
BenchmarkKernel/2x32/scalar/kc=8         	 3239247	       369.2 ns/op	         2.774 GFLOP/s	      1024 flops/call
BenchmarkKernel/2x32/scalar/kc=8         	 3232986	       369.4 ns/op	         2.772 GFLOP/s	      1024 flops/call
BenchmarkKernel/2x32/scalar/kc=8         	 3233320	       369.8 ns/op	         2.769 GFLOP/s	      1024 flops/call
BenchmarkKernel/2x32/scalar/kc=8         	 3252795	       369.6 ns/op	         2.771 GFLOP/s	      1024 flops/call
BenchmarkKernel/2x32/scalar/kc=8         	 3237591	       370.2 ns/op	         2.766 GFLOP/s	      1024 flops/call
BenchmarkKernel/2x32/scalar/kc=8         	 3254023	       368.8 ns/op	         2.776 GFLOP/s	      1024 flops/call
BenchmarkKernel/2x32/scalar/kc=8         	 3241341	       370.8 ns/op	         2.761 GFLOP/s	      1024 flops/call
BenchmarkKernel/2x32/scalar/kc=8         	 3254007	       369.4 ns/op	         2.772 GFLOP/s	      1024 flops/call
BenchmarkKernel/2x32/scalar/kc=8         	 3264159	       369.7 ns/op	         2.770 GFLOP/s	      1024 flops/call
BenchmarkKernel/2x32/scalar/kc=8         	 3256530	       362.0 ns/op	         2.829 GFLOP/s	      1024 flops/call
BenchmarkKernel/2x32/scalar/kc=8         	 3743737	       322.3 ns/op	         3.178 GFLOP/s	      1024 flops/call
BenchmarkKernel/2x32/scalar/kc=8         	 3722500	       322.8 ns/op	         3.172 GFLOP/s	      1024 flops/call
BenchmarkKernel/2x32/scalar/kc=8         	 3738888	       320.5 ns/op	         3.195 GFLOP/s	      1024 flops/call
BenchmarkKernel/2x32/scalar/kc=32        	 1000000	      1115 ns/op	         3.673 GFLOP/s	      4096 flops/call
BenchmarkKernel/2x32/scalar/kc=32        	 1000000	      1113 ns/op	         3.680 GFLOP/s	      4096 flops/call
BenchmarkKernel/2x32/scalar/kc=32        	 1000000	      1117 ns/op	         3.666 GFLOP/s	      4096 flops/call
BenchmarkKernel/2x32/scalar/kc=32        	 1000000	      1115 ns/op	         3.674 GFLOP/s	      4096 flops/call
BenchmarkKernel/2x32/scalar/kc=32        	 1000000	      1116 ns/op	         3.672 GFLOP/s	      4096 flops/call
BenchmarkKernel/2x32/scalar/kc=32        	 1000000	      1114 ns/op	         3.675 GFLOP/s	      4096 flops/call
BenchmarkKernel/2x32/scalar/kc=32        	 1000000	      1118 ns/op	         3.663 GFLOP/s	      4096 flops/call
BenchmarkKernel/2x32/scalar/kc=32        	 1000000	      1119 ns/op	         3.659 GFLOP/s	      4096 flops/call
BenchmarkKernel/2x32/scalar/kc=32        	 1000000	      1118 ns/op	         3.665 GFLOP/s	      4096 flops/call
BenchmarkKernel/2x32/scalar/kc=32        	 1000000	      1117 ns/op	         3.667 GFLOP/s	      4096 flops/call
BenchmarkKernel/2x32/scalar/kc=32        	 1000000	      1114 ns/op	         3.676 GFLOP/s	      4096 flops/call
BenchmarkKernel/2x32/scalar/kc=32        	 1000000	      1111 ns/op	         3.686 GFLOP/s	      4096 flops/call
BenchmarkKernel/2x32/scalar/kc=32        	 1000000	      1118 ns/op	         3.664 GFLOP/s	      4096 flops/call
BenchmarkKernel/2x32/scalar/kc=32        	 1000000	      1118 ns/op	         3.663 GFLOP/s	      4096 flops/call
BenchmarkKernel/2x32/scalar/kc=32        	 1000000	      1116 ns/op	         3.671 GFLOP/s	      4096 flops/call
BenchmarkKernel/2x32/scalar/kc=32        	 1000000	      1115 ns/op	         3.675 GFLOP/s	      4096 flops/call
BenchmarkKernel/2x32/scalar/kc=32        	 1000000	      1112 ns/op	         3.685 GFLOP/s	      4096 flops/call
BenchmarkKernel/2x32/scalar/kc=32        	 1000000	      1119 ns/op	         3.661 GFLOP/s	      4096 flops/call
BenchmarkKernel/2x32/scalar/kc=32        	 1000000	      1120 ns/op	         3.658 GFLOP/s	      4096 flops/call
BenchmarkKernel/2x32/scalar/kc=32        	 1000000	      1116 ns/op	         3.669 GFLOP/s	      4096 flops/call
BenchmarkKernel/2x32/scalar/kc=32        	 1000000	      1116 ns/op	         3.672 GFLOP/s	      4096 flops/call
BenchmarkKernel/2x32/scalar/kc=32        	 1000000	      1116 ns/op	         3.669 GFLOP/s	      4096 flops/call
BenchmarkKernel/2x32/scalar/kc=32        	 1000000	      1117 ns/op	         3.667 GFLOP/s	      4096 flops/call
BenchmarkKernel/2x32/scalar/kc=32        	 1000000	      1120 ns/op	         3.657 GFLOP/s	      4096 flops/call
BenchmarkKernel/2x32/scalar/kc=32        	 1000000	      1116 ns/op	         3.669 GFLOP/s	      4096 flops/call
BenchmarkKernel/2x32/scalar/kc=32        	 1000000	      1115 ns/op	         3.675 GFLOP/s	      4096 flops/call
BenchmarkKernel/2x32/scalar/kc=32        	 1000000	      1122 ns/op	         3.652 GFLOP/s	      4096 flops/call
BenchmarkKernel/2x32/scalar/kc=32        	 1000000	      1116 ns/op	         3.671 GFLOP/s	      4096 flops/call
BenchmarkKernel/2x32/scalar/kc=32        	 1000000	      1117 ns/op	         3.665 GFLOP/s	      4096 flops/call
BenchmarkKernel/2x32/scalar/kc=32        	 1000000	      1114 ns/op	         3.677 GFLOP/s	      4096 flops/call
BenchmarkKernel/2x32/scalar/kc=128       	  280011	      4309 ns/op	         3.803 GFLOP/s	     16384 flops/call
BenchmarkKernel/2x32/scalar/kc=128       	  278659	     18939 ns/op	         0.8651 GFLOP/s	     16384 flops/call
BenchmarkKernel/2x32/scalar/kc=128       	  241064	     16064 ns/op	         1.020 GFLOP/s	     16384 flops/call
BenchmarkKernel/2x32/scalar/kc=128       	   87470	     17471 ns/op	         0.9378 GFLOP/s	     16384 flops/call
BenchmarkKernel/2x32/scalar/kc=128       	  237903	     18819 ns/op	         0.8706 GFLOP/s	     16384 flops/call
BenchmarkKernel/2x32/scalar/kc=128       	  241186	     18285 ns/op	         0.8960 GFLOP/s	     16384 flops/call
BenchmarkKernel/2x32/scalar/kc=128       	  242148	     17635 ns/op	         0.9291 GFLOP/s	     16384 flops/call
BenchmarkKernel/2x32/scalar/kc=128       	  240702	     18219 ns/op	         0.8993 GFLOP/s	     16384 flops/call
BenchmarkKernel/2x32/scalar/kc=128       	  236324	     16403 ns/op	         0.9989 GFLOP/s	     16384 flops/call
BenchmarkKernel/2x32/scalar/kc=128       	  243969	     18871 ns/op	         0.8682 GFLOP/s	     16384 flops/call
BenchmarkKernel/2x32/scalar/kc=128       	  244417	     18514 ns/op	         0.8850 GFLOP/s	     16384 flops/call
BenchmarkKernel/2x32/scalar/kc=128       	  242408	     17371 ns/op	         0.9432 GFLOP/s	     16384 flops/call
BenchmarkKernel/2x32/scalar/kc=128       	  241916	     17385 ns/op	         0.9424 GFLOP/s	     16384 flops/call
BenchmarkKernel/2x32/scalar/kc=128       	  117789	     18453 ns/op	         0.8879 GFLOP/s	     16384 flops/call
BenchmarkKernel/2x32/scalar/kc=128       	  242448	     16712 ns/op	         0.9804 GFLOP/s	     16384 flops/call
BenchmarkKernel/2x32/scalar/kc=128       	  240451	     18831 ns/op	         0.8701 GFLOP/s	     16384 flops/call
BenchmarkKernel/2x32/scalar/kc=128       	   83095	     16622 ns/op	         0.9857 GFLOP/s	     16384 flops/call
BenchmarkKernel/2x32/scalar/kc=128       	  145384	     15365 ns/op	         1.066 GFLOP/s	     16384 flops/call
BenchmarkKernel/2x32/scalar/kc=128       	  241366	     18487 ns/op	         0.8862 GFLOP/s	     16384 flops/call
BenchmarkKernel/2x32/scalar/kc=128       	  241794	     17083 ns/op	         0.9591 GFLOP/s	     16384 flops/call
BenchmarkKernel/2x32/scalar/kc=128       	  150993	     18955 ns/op	         0.8643 GFLOP/s	     16384 flops/call
BenchmarkKernel/2x32/scalar/kc=128       	   89341	     18592 ns/op	         0.8812 GFLOP/s	     16384 flops/call
BenchmarkKernel/2x32/scalar/kc=128       	  241264	     16612 ns/op	         0.9863 GFLOP/s	     16384 flops/call
BenchmarkKernel/2x32/scalar/kc=128       	  243649	     19012 ns/op	         0.8618 GFLOP/s	     16384 flops/call
BenchmarkKernel/2x32/scalar/kc=128       	  243063	     18839 ns/op	         0.8697 GFLOP/s	     16384 flops/call
BenchmarkKernel/2x32/scalar/kc=128       	  240973	     17131 ns/op	         0.9564 GFLOP/s	     16384 flops/call
BenchmarkKernel/2x32/scalar/kc=128       	  244118	     16678 ns/op	         0.9824 GFLOP/s	     16384 flops/call
BenchmarkKernel/2x32/scalar/kc=128       	  128980	     17991 ns/op	         0.9107 GFLOP/s	     16384 flops/call
BenchmarkKernel/2x32/scalar/kc=128       	   84355	     18606 ns/op	         0.8806 GFLOP/s	     16384 flops/call
BenchmarkKernel/2x32/scalar/kc=128       	  240456	     16356 ns/op	         1.002 GFLOP/s	     16384 flops/call
BenchmarkKernel/2x32/scalar/kc=512       	   17841	     73514 ns/op	         0.8915 GFLOP/s	     65536 flops/call
BenchmarkKernel/2x32/scalar/kc=512       	   20078	     71554 ns/op	         0.9159 GFLOP/s	     65536 flops/call
BenchmarkKernel/2x32/scalar/kc=512       	   16538	     73712 ns/op	         0.8891 GFLOP/s	     65536 flops/call
BenchmarkKernel/2x32/scalar/kc=512       	   18154	     71071 ns/op	         0.9221 GFLOP/s	     65536 flops/call
BenchmarkKernel/2x32/scalar/kc=512       	   18114	     73304 ns/op	         0.8940 GFLOP/s	     65536 flops/call
BenchmarkKernel/2x32/scalar/kc=512       	   16620	     72897 ns/op	         0.8990 GFLOP/s	     65536 flops/call
BenchmarkKernel/2x32/scalar/kc=512       	   16916	     69827 ns/op	         0.9385 GFLOP/s	     65536 flops/call
BenchmarkKernel/2x32/scalar/kc=512       	   16748	     73247 ns/op	         0.8947 GFLOP/s	     65536 flops/call
BenchmarkKernel/2x32/scalar/kc=512       	   16471	     70747 ns/op	         0.9263 GFLOP/s	     65536 flops/call
BenchmarkKernel/2x32/scalar/kc=512       	   16798	     74532 ns/op	         0.8793 GFLOP/s	     65536 flops/call
BenchmarkKernel/2x32/scalar/kc=512       	   19484	     68592 ns/op	         0.9555 GFLOP/s	     65536 flops/call
BenchmarkKernel/2x32/scalar/kc=512       	   16801	     74453 ns/op	         0.8802 GFLOP/s	     65536 flops/call
BenchmarkKernel/2x32/scalar/kc=512       	   16376	     73373 ns/op	         0.8932 GFLOP/s	     65536 flops/call
BenchmarkKernel/2x32/scalar/kc=512       	   18205	     74239 ns/op	         0.8828 GFLOP/s	     65536 flops/call
BenchmarkKernel/2x32/scalar/kc=512       	   18157	     74505 ns/op	         0.8796 GFLOP/s	     65536 flops/call
BenchmarkKernel/2x32/scalar/kc=512       	   16356	     73516 ns/op	         0.8914 GFLOP/s	     65536 flops/call
BenchmarkKernel/2x32/scalar/kc=512       	   16610	     73047 ns/op	         0.8972 GFLOP/s	     65536 flops/call
BenchmarkKernel/2x32/scalar/kc=512       	   16852	     74747 ns/op	         0.8768 GFLOP/s	     65536 flops/call
BenchmarkKernel/2x32/scalar/kc=512       	   16700	     74050 ns/op	         0.8850 GFLOP/s	     65536 flops/call
BenchmarkKernel/2x32/scalar/kc=512       	   17046	     74232 ns/op	         0.8829 GFLOP/s	     65536 flops/call
BenchmarkKernel/2x32/scalar/kc=512       	   17018	     74147 ns/op	         0.8839 GFLOP/s	     65536 flops/call
BenchmarkKernel/2x32/scalar/kc=512       	   16462	     74543 ns/op	         0.8792 GFLOP/s	     65536 flops/call
BenchmarkKernel/2x32/scalar/kc=512       	   16666	     74048 ns/op	         0.8850 GFLOP/s	     65536 flops/call
BenchmarkKernel/2x32/scalar/kc=512       	   16826	     73956 ns/op	         0.8861 GFLOP/s	     65536 flops/call
BenchmarkKernel/2x32/scalar/kc=512       	   19600	     74110 ns/op	         0.8843 GFLOP/s	     65536 flops/call
BenchmarkKernel/2x32/scalar/kc=512       	   16825	     74428 ns/op	         0.8805 GFLOP/s	     65536 flops/call
BenchmarkKernel/2x32/scalar/kc=512       	   16237	     71611 ns/op	         0.9152 GFLOP/s	     65536 flops/call
BenchmarkKernel/2x32/scalar/kc=512       	   16802	     74669 ns/op	         0.8777 GFLOP/s	     65536 flops/call
BenchmarkKernel/2x32/scalar/kc=512       	   16838	     70735 ns/op	         0.9265 GFLOP/s	     65536 flops/call
BenchmarkKernel/2x32/scalar/kc=512       	   16483	     70483 ns/op	         0.9298 GFLOP/s	     65536 flops/call
BenchmarkKernel/6x32/avx512/kc=8         	27720852	        44.63 ns/op	        68.83 GFLOP/s	      3072 flops/call
BenchmarkKernel/6x32/avx512/kc=8         	26908665	        43.05 ns/op	        71.36 GFLOP/s	      3072 flops/call
BenchmarkKernel/6x32/avx512/kc=8         	28114351	        44.84 ns/op	        68.51 GFLOP/s	      3072 flops/call
BenchmarkKernel/6x32/avx512/kc=8         	26694100	        43.16 ns/op	        71.17 GFLOP/s	      3072 flops/call
BenchmarkKernel/6x32/avx512/kc=8         	28059680	        44.80 ns/op	        68.57 GFLOP/s	      3072 flops/call
BenchmarkKernel/6x32/avx512/kc=8         	26620338	        43.02 ns/op	        71.41 GFLOP/s	      3072 flops/call
BenchmarkKernel/6x32/avx512/kc=8         	27961696	        44.73 ns/op	        68.67 GFLOP/s	      3072 flops/call
BenchmarkKernel/6x32/avx512/kc=8         	26980618	        42.93 ns/op	        71.55 GFLOP/s	      3072 flops/call
BenchmarkKernel/6x32/avx512/kc=8         	28053864	        44.72 ns/op	        68.70 GFLOP/s	      3072 flops/call
BenchmarkKernel/6x32/avx512/kc=8         	26749902	        43.07 ns/op	        71.33 GFLOP/s	      3072 flops/call
BenchmarkKernel/6x32/avx512/kc=8         	28037421	        44.66 ns/op	        68.78 GFLOP/s	      3072 flops/call
BenchmarkKernel/6x32/avx512/kc=8         	26994698	        42.95 ns/op	        71.53 GFLOP/s	      3072 flops/call
BenchmarkKernel/6x32/avx512/kc=8         	27927936	        44.81 ns/op	        68.56 GFLOP/s	      3072 flops/call
BenchmarkKernel/6x32/avx512/kc=8         	26299147	        43.14 ns/op	        71.20 GFLOP/s	      3072 flops/call
BenchmarkKernel/6x32/avx512/kc=8         	27915555	        44.69 ns/op	        68.75 GFLOP/s	      3072 flops/call
BenchmarkKernel/6x32/avx512/kc=8         	26971156	        43.08 ns/op	        71.31 GFLOP/s	      3072 flops/call
BenchmarkKernel/6x32/avx512/kc=8         	28005889	        44.60 ns/op	        68.87 GFLOP/s	      3072 flops/call
BenchmarkKernel/6x32/avx512/kc=8         	26983786	        43.02 ns/op	        71.41 GFLOP/s	      3072 flops/call
BenchmarkKernel/6x32/avx512/kc=8         	28002196	        44.65 ns/op	        68.80 GFLOP/s	      3072 flops/call
BenchmarkKernel/6x32/avx512/kc=8         	26848680	        42.98 ns/op	        71.47 GFLOP/s	      3072 flops/call
BenchmarkKernel/6x32/avx512/kc=8         	27842259	        44.74 ns/op	        68.66 GFLOP/s	      3072 flops/call
BenchmarkKernel/6x32/avx512/kc=8         	26854059	        43.15 ns/op	        71.20 GFLOP/s	      3072 flops/call
BenchmarkKernel/6x32/avx512/kc=8         	27385185	        44.88 ns/op	        68.45 GFLOP/s	      3072 flops/call
BenchmarkKernel/6x32/avx512/kc=8         	26893166	        42.96 ns/op	        71.50 GFLOP/s	      3072 flops/call
BenchmarkKernel/6x32/avx512/kc=8         	28006759	        44.59 ns/op	        68.89 GFLOP/s	      3072 flops/call
BenchmarkKernel/6x32/avx512/kc=8         	26969536	        43.03 ns/op	        71.39 GFLOP/s	      3072 flops/call
BenchmarkKernel/6x32/avx512/kc=8         	27545269	        44.61 ns/op	        68.86 GFLOP/s	      3072 flops/call
BenchmarkKernel/6x32/avx512/kc=8         	26855096	        43.19 ns/op	        71.13 GFLOP/s	      3072 flops/call
BenchmarkKernel/6x32/avx512/kc=8         	27814585	        44.78 ns/op	        68.60 GFLOP/s	      3072 flops/call
BenchmarkKernel/6x32/avx512/kc=8         	26952656	        43.06 ns/op	        71.35 GFLOP/s	      3072 flops/call
BenchmarkKernel/6x32/avx512/kc=32        	 8100512	       147.2 ns/op	        83.45 GFLOP/s	     12288 flops/call
BenchmarkKernel/6x32/avx512/kc=32        	 8161736	       146.1 ns/op	        84.13 GFLOP/s	     12288 flops/call
BenchmarkKernel/6x32/avx512/kc=32        	 8217858	       147.8 ns/op	        83.14 GFLOP/s	     12288 flops/call
BenchmarkKernel/6x32/avx512/kc=32        	 8110884	       146.0 ns/op	        84.15 GFLOP/s	     12288 flops/call
BenchmarkKernel/6x32/avx512/kc=32        	 8231635	       147.5 ns/op	        83.30 GFLOP/s	     12288 flops/call
BenchmarkKernel/6x32/avx512/kc=32        	 8082888	       146.1 ns/op	        84.12 GFLOP/s	     12288 flops/call
BenchmarkKernel/6x32/avx512/kc=32        	 8196250	       147.6 ns/op	        83.23 GFLOP/s	     12288 flops/call
BenchmarkKernel/6x32/avx512/kc=32        	 8163009	       146.5 ns/op	        83.87 GFLOP/s	     12288 flops/call
BenchmarkKernel/6x32/avx512/kc=32        	 8142894	       147.9 ns/op	        83.10 GFLOP/s	     12288 flops/call
BenchmarkKernel/6x32/avx512/kc=32        	 8137978	       145.9 ns/op	        84.21 GFLOP/s	     12288 flops/call
BenchmarkKernel/6x32/avx512/kc=32        	 8223237	       147.3 ns/op	        83.43 GFLOP/s	     12288 flops/call
BenchmarkKernel/6x32/avx512/kc=32        	 8050219	       146.6 ns/op	        83.80 GFLOP/s	     12288 flops/call
BenchmarkKernel/6x32/avx512/kc=32        	 8209173	       147.2 ns/op	        83.48 GFLOP/s	     12288 flops/call
BenchmarkKernel/6x32/avx512/kc=32        	 8145800	       147.1 ns/op	        83.54 GFLOP/s	     12288 flops/call
BenchmarkKernel/6x32/avx512/kc=32        	 8137849	       147.9 ns/op	        83.09 GFLOP/s	     12288 flops/call
BenchmarkKernel/6x32/avx512/kc=32        	 8090959	       146.9 ns/op	        83.67 GFLOP/s	     12288 flops/call
BenchmarkKernel/6x32/avx512/kc=32        	 8233714	       147.7 ns/op	        83.19 GFLOP/s	     12288 flops/call
BenchmarkKernel/6x32/avx512/kc=32        	 8161681	       146.2 ns/op	        84.03 GFLOP/s	     12288 flops/call
BenchmarkKernel/6x32/avx512/kc=32        	 8190232	       147.4 ns/op	        83.37 GFLOP/s	     12288 flops/call
BenchmarkKernel/6x32/avx512/kc=32        	 8172669	       146.2 ns/op	        84.05 GFLOP/s	     12288 flops/call
BenchmarkKernel/6x32/avx512/kc=32        	 8121170	       147.3 ns/op	        83.44 GFLOP/s	     12288 flops/call
BenchmarkKernel/6x32/avx512/kc=32        	 8144504	       145.6 ns/op	        84.39 GFLOP/s	     12288 flops/call
BenchmarkKernel/6x32/avx512/kc=32        	 8247897	       147.9 ns/op	        83.09 GFLOP/s	     12288 flops/call
BenchmarkKernel/6x32/avx512/kc=32        	 8132289	       146.3 ns/op	        84.00 GFLOP/s	     12288 flops/call
BenchmarkKernel/6x32/avx512/kc=32        	 8197597	       147.5 ns/op	        83.28 GFLOP/s	     12288 flops/call
BenchmarkKernel/6x32/avx512/kc=32        	 8152568	       146.5 ns/op	        83.86 GFLOP/s	     12288 flops/call
BenchmarkKernel/6x32/avx512/kc=32        	 8238712	       147.6 ns/op	        83.24 GFLOP/s	     12288 flops/call
BenchmarkKernel/6x32/avx512/kc=32        	 8126968	       146.3 ns/op	        83.99 GFLOP/s	     12288 flops/call
BenchmarkKernel/6x32/avx512/kc=32        	 8238196	       147.6 ns/op	        83.24 GFLOP/s	     12288 flops/call
BenchmarkKernel/6x32/avx512/kc=32        	 8157952	       146.3 ns/op	        83.97 GFLOP/s	     12288 flops/call
BenchmarkKernel/6x32/avx512/kc=128       	 2159541	       558.4 ns/op	        88.03 GFLOP/s	     49152 flops/call
BenchmarkKernel/6x32/avx512/kc=128       	 2147839	       555.5 ns/op	        88.49 GFLOP/s	     49152 flops/call
BenchmarkKernel/6x32/avx512/kc=128       	 2163243	       559.4 ns/op	        87.87 GFLOP/s	     49152 flops/call
BenchmarkKernel/6x32/avx512/kc=128       	 2154768	       556.4 ns/op	        88.34 GFLOP/s	     49152 flops/call
BenchmarkKernel/6x32/avx512/kc=128       	 2149053	       557.5 ns/op	        88.17 GFLOP/s	     49152 flops/call
BenchmarkKernel/6x32/avx512/kc=128       	 2151892	       557.3 ns/op	        88.20 GFLOP/s	     49152 flops/call
BenchmarkKernel/6x32/avx512/kc=128       	 2160424	       557.7 ns/op	        88.14 GFLOP/s	     49152 flops/call
BenchmarkKernel/6x32/avx512/kc=128       	 2150511	       556.9 ns/op	        88.25 GFLOP/s	     49152 flops/call
BenchmarkKernel/6x32/avx512/kc=128       	 2155224	       559.3 ns/op	        87.89 GFLOP/s	     49152 flops/call
BenchmarkKernel/6x32/avx512/kc=128       	 2143539	       558.7 ns/op	        87.98 GFLOP/s	     49152 flops/call
BenchmarkKernel/6x32/avx512/kc=128       	 2159814	       557.9 ns/op	        88.11 GFLOP/s	     49152 flops/call
BenchmarkKernel/6x32/avx512/kc=128       	 2142036	       555.9 ns/op	        88.42 GFLOP/s	     49152 flops/call
BenchmarkKernel/6x32/avx512/kc=128       	 2158960	       558.5 ns/op	        88.01 GFLOP/s	     49152 flops/call
BenchmarkKernel/6x32/avx512/kc=128       	 2145368	       556.5 ns/op	        88.33 GFLOP/s	     49152 flops/call
BenchmarkKernel/6x32/avx512/kc=128       	 2164332	       559.1 ns/op	        87.92 GFLOP/s	     49152 flops/call
BenchmarkKernel/6x32/avx512/kc=128       	 2151051	       555.2 ns/op	        88.53 GFLOP/s	     49152 flops/call
BenchmarkKernel/6x32/avx512/kc=128       	 2152935	       558.2 ns/op	        88.06 GFLOP/s	     49152 flops/call
BenchmarkKernel/6x32/avx512/kc=128       	 2147474	       557.1 ns/op	        88.22 GFLOP/s	     49152 flops/call
BenchmarkKernel/6x32/avx512/kc=128       	 2157255	       558.0 ns/op	        88.09 GFLOP/s	     49152 flops/call
BenchmarkKernel/6x32/avx512/kc=128       	 2149854	       557.6 ns/op	        88.15 GFLOP/s	     49152 flops/call
BenchmarkKernel/6x32/avx512/kc=128       	 2155984	       557.7 ns/op	        88.14 GFLOP/s	     49152 flops/call
BenchmarkKernel/6x32/avx512/kc=128       	 2146016	       555.2 ns/op	        88.53 GFLOP/s	     49152 flops/call
BenchmarkKernel/6x32/avx512/kc=128       	 2160048	       559.5 ns/op	        87.85 GFLOP/s	     49152 flops/call
BenchmarkKernel/6x32/avx512/kc=128       	 2143454	       555.4 ns/op	        88.51 GFLOP/s	     49152 flops/call
BenchmarkKernel/6x32/avx512/kc=128       	 2158166	       558.5 ns/op	        88.00 GFLOP/s	     49152 flops/call
BenchmarkKernel/6x32/avx512/kc=128       	 2152736	       556.7 ns/op	        88.29 GFLOP/s	     49152 flops/call
BenchmarkKernel/6x32/avx512/kc=128       	 2146795	       558.8 ns/op	        87.96 GFLOP/s	     49152 flops/call
BenchmarkKernel/6x32/avx512/kc=128       	 2152419	       558.5 ns/op	        88.01 GFLOP/s	     49152 flops/call
BenchmarkKernel/6x32/avx512/kc=128       	 2139040	       558.8 ns/op	        87.96 GFLOP/s	     49152 flops/call
BenchmarkKernel/6x32/avx512/kc=128       	 2150840	       557.2 ns/op	        88.21 GFLOP/s	     49152 flops/call
BenchmarkKernel/6x32/avx512/kc=512       	  530350	      2252 ns/op	        87.31 GFLOP/s	    196608 flops/call
BenchmarkKernel/6x32/avx512/kc=512       	  531415	      2249 ns/op	        87.40 GFLOP/s	    196608 flops/call
BenchmarkKernel/6x32/avx512/kc=512       	  534951	      2253 ns/op	        87.25 GFLOP/s	    196608 flops/call
BenchmarkKernel/6x32/avx512/kc=512       	  532122	      2250 ns/op	        87.37 GFLOP/s	    196608 flops/call
BenchmarkKernel/6x32/avx512/kc=512       	  531939	      2254 ns/op	        87.21 GFLOP/s	    196608 flops/call
BenchmarkKernel/6x32/avx512/kc=512       	  535244	      2251 ns/op	        87.35 GFLOP/s	    196608 flops/call
BenchmarkKernel/6x32/avx512/kc=512       	  532813	      2251 ns/op	        87.34 GFLOP/s	    196608 flops/call
BenchmarkKernel/6x32/avx512/kc=512       	  528907	      2251 ns/op	        87.34 GFLOP/s	    196608 flops/call
BenchmarkKernel/6x32/avx512/kc=512       	  535466	      2250 ns/op	        87.37 GFLOP/s	    196608 flops/call
BenchmarkKernel/6x32/avx512/kc=512       	  532784	      2251 ns/op	        87.35 GFLOP/s	    196608 flops/call
BenchmarkKernel/6x32/avx512/kc=512       	  534418	      2260 ns/op	        86.99 GFLOP/s	    196608 flops/call
BenchmarkKernel/6x32/avx512/kc=512       	  526502	      2252 ns/op	        87.31 GFLOP/s	    196608 flops/call
BenchmarkKernel/6x32/avx512/kc=512       	  534679	      2258 ns/op	        87.09 GFLOP/s	    196608 flops/call
BenchmarkKernel/6x32/avx512/kc=512       	  535491	      2251 ns/op	        87.33 GFLOP/s	    196608 flops/call
BenchmarkKernel/6x32/avx512/kc=512       	  535866	      2258 ns/op	        87.06 GFLOP/s	    196608 flops/call
BenchmarkKernel/6x32/avx512/kc=512       	  536700	      2247 ns/op	        87.51 GFLOP/s	    196608 flops/call
BenchmarkKernel/6x32/avx512/kc=512       	  533426	      2255 ns/op	        87.18 GFLOP/s	    196608 flops/call
BenchmarkKernel/6x32/avx512/kc=512       	  537146	      2249 ns/op	        87.41 GFLOP/s	    196608 flops/call
BenchmarkKernel/6x32/avx512/kc=512       	  535963	      2263 ns/op	        86.90 GFLOP/s	    196608 flops/call
BenchmarkKernel/6x32/avx512/kc=512       	  533474	      2265 ns/op	        86.81 GFLOP/s	    196608 flops/call
BenchmarkKernel/6x32/avx512/kc=512       	  536301	      2252 ns/op	        87.32 GFLOP/s	    196608 flops/call
BenchmarkKernel/6x32/avx512/kc=512       	  536235	      2251 ns/op	        87.34 GFLOP/s	    196608 flops/call
BenchmarkKernel/6x32/avx512/kc=512       	  533911	      2256 ns/op	        87.14 GFLOP/s	    196608 flops/call
BenchmarkKernel/6x32/avx512/kc=512       	  535598	      2249 ns/op	        87.43 GFLOP/s	    196608 flops/call
BenchmarkKernel/6x32/avx512/kc=512       	  520083	      2254 ns/op	        87.23 GFLOP/s	    196608 flops/call
BenchmarkKernel/6x32/avx512/kc=512       	  537536	      2246 ns/op	        87.54 GFLOP/s	    196608 flops/call
BenchmarkKernel/6x32/avx512/kc=512       	  531873	      2255 ns/op	        87.17 GFLOP/s	    196608 flops/call
BenchmarkKernel/6x32/avx512/kc=512       	  536857	      2251 ns/op	        87.35 GFLOP/s	    196608 flops/call
BenchmarkKernel/6x32/avx512/kc=512       	  517915	      2253 ns/op	        87.28 GFLOP/s	    196608 flops/call
BenchmarkKernel/6x32/avx512/kc=512       	  533540	      2249 ns/op	        87.43 GFLOP/s	    196608 flops/call
BenchmarkPeak/avx512                     	    9922	    120537 ns/op	       208.8 GFLOP/s
BenchmarkPeak/avx512                     	    9926	    120662 ns/op	       208.6 GFLOP/s
BenchmarkPeak/avx512                     	    9914	    120327 ns/op	       209.1 GFLOP/s
BenchmarkPeak/avx512                     	    9902	    120654 ns/op	       208.6 GFLOP/s
BenchmarkPeak/avx512                     	    9852	    120703 ns/op	       208.5 GFLOP/s
BenchmarkPeak/avx512                     	    9831	    120583 ns/op	       208.7 GFLOP/s
BenchmarkPeak/avx512                     	    9969	    120629 ns/op	       208.6 GFLOP/s
BenchmarkPeak/avx512                     	    9924	    120544 ns/op	       208.8 GFLOP/s
BenchmarkPeak/avx512                     	    9991	    120553 ns/op	       208.8 GFLOP/s
BenchmarkPeak/avx512                     	    9974	    120594 ns/op	       208.7 GFLOP/s
BenchmarkPeak/avx512                     	    9927	    120557 ns/op	       208.7 GFLOP/s
BenchmarkPeak/avx512                     	    9918	    120797 ns/op	       208.3 GFLOP/s
BenchmarkPeak/avx512                     	    9999	    120793 ns/op	       208.3 GFLOP/s
BenchmarkPeak/avx512                     	    9949	    120530 ns/op	       208.8 GFLOP/s
BenchmarkPeak/avx512                     	    9997	    120597 ns/op	       208.7 GFLOP/s
BenchmarkPeak/avx512                     	    9999	    120511 ns/op	       208.8 GFLOP/s
BenchmarkPeak/avx512                     	    9993	    120533 ns/op	       208.8 GFLOP/s
BenchmarkPeak/avx512                     	    9879	    120695 ns/op	       208.5 GFLOP/s
BenchmarkPeak/avx512                     	    9928	    120485 ns/op	       208.9 GFLOP/s
BenchmarkPeak/avx512                     	    9123	    120582 ns/op	       208.7 GFLOP/s
BenchmarkPeak/avx512                     	    9994	    120701 ns/op	       208.5 GFLOP/s
BenchmarkPeak/avx512                     	    9964	    120657 ns/op	       208.6 GFLOP/s
BenchmarkPeak/avx512                     	    9999	    120598 ns/op	       208.7 GFLOP/s
BenchmarkPeak/avx512                     	    9922	    120573 ns/op	       208.7 GFLOP/s
BenchmarkPeak/avx512                     	    9994	    120774 ns/op	       208.4 GFLOP/s
BenchmarkPeak/avx512                     	    9998	    120510 ns/op	       208.8 GFLOP/s
BenchmarkPeak/avx512                     	    9928	    120498 ns/op	       208.8 GFLOP/s
BenchmarkPeak/avx512                     	    9871	    120805 ns/op	       208.3 GFLOP/s
BenchmarkPeak/avx512                     	    9998	    120560 ns/op	       208.7 GFLOP/s
BenchmarkPeak/avx512                     	    9998	    120521 ns/op	       208.8 GFLOP/s
BenchmarkPeak/avx2                       	   10000	    102713 ns/op	       102.1 GFLOP/s
BenchmarkPeak/avx2                       	   10000	    102663 ns/op	       102.1 GFLOP/s
BenchmarkPeak/avx2                       	   10000	    102407 ns/op	       102.4 GFLOP/s
BenchmarkPeak/avx2                       	   10000	    102536 ns/op	       102.3 GFLOP/s
BenchmarkPeak/avx2                       	   10000	    103093 ns/op	       101.7 GFLOP/s
BenchmarkPeak/avx2                       	   10000	    102595 ns/op	       102.2 GFLOP/s
BenchmarkPeak/avx2                       	   10000	    102624 ns/op	       102.2 GFLOP/s
BenchmarkPeak/avx2                       	   10000	    102590 ns/op	       102.2 GFLOP/s
BenchmarkPeak/avx2                       	   10000	    102708 ns/op	       102.1 GFLOP/s
BenchmarkPeak/avx2                       	   10000	    102593 ns/op	       102.2 GFLOP/s
BenchmarkPeak/avx2                       	   10000	    103516 ns/op	       101.3 GFLOP/s
BenchmarkPeak/avx2                       	   10000	    102631 ns/op	       102.2 GFLOP/s
BenchmarkPeak/avx2                       	   10000	    102783 ns/op	       102.0 GFLOP/s
BenchmarkPeak/avx2                       	   10000	    102881 ns/op	       101.9 GFLOP/s
BenchmarkPeak/avx2                       	   10000	    102636 ns/op	       102.2 GFLOP/s
BenchmarkPeak/avx2                       	   10000	    102597 ns/op	       102.2 GFLOP/s
BenchmarkPeak/avx2                       	   10000	    102843 ns/op	       102.0 GFLOP/s
BenchmarkPeak/avx2                       	   10000	    102446 ns/op	       102.4 GFLOP/s
BenchmarkPeak/avx2                       	   10000	    102525 ns/op	       102.3 GFLOP/s
BenchmarkPeak/avx2                       	   10000	    102833 ns/op	       102.0 GFLOP/s
BenchmarkPeak/avx2                       	   10000	    102617 ns/op	       102.2 GFLOP/s
BenchmarkPeak/avx2                       	   10000	    102668 ns/op	       102.1 GFLOP/s
BenchmarkPeak/avx2                       	   10000	    102577 ns/op	       102.2 GFLOP/s
BenchmarkPeak/avx2                       	   10000	    102775 ns/op	       102.0 GFLOP/s
BenchmarkPeak/avx2                       	   10000	    102763 ns/op	       102.0 GFLOP/s
BenchmarkPeak/avx2                       	   10000	    102553 ns/op	       102.2 GFLOP/s
BenchmarkPeak/avx2                       	   10000	    102538 ns/op	       102.3 GFLOP/s
BenchmarkPeak/avx2                       	   10000	    102879 ns/op	       101.9 GFLOP/s
BenchmarkPeak/avx2                       	   10000	    102785 ns/op	       102.0 GFLOP/s
BenchmarkPeak/avx2                       	   10000	    102537 ns/op	       102.3 GFLOP/s
BenchmarkPeak/scalar                     	    5983	    354583 ns/op	         3.697 GFLOP/s
BenchmarkPeak/scalar                     	    7363	    353763 ns/op	         3.705 GFLOP/s
BenchmarkPeak/scalar                     	    6205	    354365 ns/op	         3.699 GFLOP/s
BenchmarkPeak/scalar                     	    8185	    355296 ns/op	         3.689 GFLOP/s
BenchmarkPeak/scalar                     	    8187	    354750 ns/op	         3.695 GFLOP/s
BenchmarkPeak/scalar                     	    8152	    354468 ns/op	         3.698 GFLOP/s
BenchmarkPeak/scalar                     	    8078	    354659 ns/op	         3.696 GFLOP/s
BenchmarkPeak/scalar                     	    6046	    354506 ns/op	         3.697 GFLOP/s
BenchmarkPeak/scalar                     	    6380	    354757 ns/op	         3.695 GFLOP/s
BenchmarkPeak/scalar                     	    8186	    356166 ns/op	         3.680 GFLOP/s
BenchmarkPeak/scalar                     	    8187	    355701 ns/op	         3.685 GFLOP/s
BenchmarkPeak/scalar                     	    6992	    355083 ns/op	         3.691 GFLOP/s
BenchmarkPeak/scalar                     	    5732	    352552 ns/op	         3.718 GFLOP/s
BenchmarkPeak/scalar                     	    6103	    354698 ns/op	         3.695 GFLOP/s
BenchmarkPeak/scalar                     	    5955	    354772 ns/op	         3.695 GFLOP/s
BenchmarkPeak/scalar                     	    6306	    355883 ns/op	         3.683 GFLOP/s
BenchmarkPeak/scalar                     	    6871	    354324 ns/op	         3.699 GFLOP/s
BenchmarkPeak/scalar                     	    8186	    355764 ns/op	         3.684 GFLOP/s
BenchmarkPeak/scalar                     	    7815	    353712 ns/op	         3.706 GFLOP/s
BenchmarkPeak/scalar                     	    8185	    355143 ns/op	         3.691 GFLOP/s
BenchmarkPeak/scalar                     	    8046	    356559 ns/op	         3.676 GFLOP/s
BenchmarkPeak/scalar                     	    7366	    354242 ns/op	         3.700 GFLOP/s
BenchmarkPeak/scalar                     	    8132	    355290 ns/op	         3.689 GFLOP/s
BenchmarkPeak/scalar                     	    8158	    355679 ns/op	         3.685 GFLOP/s
BenchmarkPeak/scalar                     	    6387	    354317 ns/op	         3.699 GFLOP/s
BenchmarkPeak/scalar                     	    8186	    355101 ns/op	         3.691 GFLOP/s
BenchmarkPeak/scalar                     	    8187	    355471 ns/op	         3.687 GFLOP/s
BenchmarkPeak/scalar                     	    7728	    350338 ns/op	         3.741 GFLOP/s
BenchmarkPeak/scalar                     	    5968	    355139 ns/op	         3.691 GFLOP/s
BenchmarkPeak/scalar                     	    8185	    355821 ns/op	         3.684 GFLOP/s
PASS
