== gate-p5: parallelism, dispatch, polish ==
        rev d757ea956511d9629af2821554e56f9e2f77309e tree=clean toolchain=go1.27.1 goexperiment=none

  [32mPASS[0m  no stray git worktrees (this repo is the only registered checkout)
-- builds, vet and lint --
  [32mPASS[0m  build (GOEXPERIMENT=simd)
  [32mPASS[0m  build (stock toolchain, scalar path, no experiment)
  [32mPASS[0m  go vet (GOEXPERIMENT=simd)
  [32mPASS[0m  go vet (GOEXPERIMENT=simd, linux/amd64)
  [32mPASS[0m  golangci-lint clean (golangci-lint has version 2.14.0 built with go1.27.1 from 114493f on 2026-09-24T10:54:53Z)

-- the scalar path on a stock toolchain (a P5 criterion in its own right) --
        the fast paths are additive build tags, so the package must be usable the day
        somebody runs `go get` on a toolchain with no experiment enabled at all
  [32mPASS[0m  [local, stock toolchain] every test passes without GOEXPERIMENT=simd
  [32mPASS[0m  [local darwin/arm64] every test passes
        assumed, unverifiable: the configured host set is the fleet this gate is meant to measure: .keel-hosts (or $KEEL_REMOTE_HOSTS) is the only statement of that intent, so there is no second source to check it against
        assumed, unverifiable: each name reaches the machine it is meant to reach: every witness of a host's identity — cpuinfo, the CPU model that enters the record, the hostname itself — is reported BY the host under test, so a name pointed at the wrong machine reports consistently about the wrong machine
        disk headroom: 63658 MiB free on /System/Volumes/Data (scratch (mktemp -d)), floor 512 MiB

-- hosts, governors and topology --
        [keel-gvt4] Neoverse-V2 | instance=c8g.48xlarge | virt=? | 192 cpus | 192 cores | smt=1 | 2 sockets | governor=absent | load1=0.13 load5=0.08 load15=0.03 runnable=1/2045 | tmux=yes | Linux 7.0.0-1013-aws | L2=2048K L1d=64K L3=36864K | spawn=i-07f416d7715212670:c8g.48xlarge:ondemand
        [keel-gvt4] no cpufreq interface at all, so §5 rule 5's governor instrument does not exist on this host rather than having failed on it — the usual reason is a virtualized guest, which does not own the knob. Stability is established here by its ruled substitute instead: BenchmarkPeak at the head, middle and tail of the sweep, judged after the sweep runs
          [keel-gvt4] separate from 'present and unreadable' by ruling: that is a defect on a host that has the knob, this is a host that has none
        [keel-gvt4] admission class: evidentiary (instance=c8g.48xlarge, virt=?, spawn=i-07f416d7715212670:c8g.48xlarge:ondemand) — c8g.48xlarge is admitted to the evidentiary class by KEEL_EVIDENTIARY_SIZES, whose members are full-size types added one justifying read-back at a time, and the launcher independently records this host as c8g.48xlarge on-demand (i-07f416d7715212670)
        [keel-gvt4] smt=1 threads/core, so UNMASKED the criterion's 8 goroutines could span as few as 8/1 physical cores — which is the hazard the mask removes: every benchmark below runs on 8 distinct physical cores, one per cache domain, inside one NUMA node — refused rather than run free, and read back per row for both width and shape (§5 rule 5; the pinning decision #15 asked for)
  [32mPASS[0m  [keel-gvt4] 192 CPUs, enough for the 8 the criterion names
        [keel-gvt3] Neoverse-V1 | instance=c7g.16xlarge | virt=? | 64 cpus | 64 cores | smt=1 | 1 sockets | governor=absent | load1=0.04 load5=0.04 load15=0.01 runnable=1/803 | tmux=yes | Linux 7.0.0-1013-aws | L2=1024K L1d=64K L3=32768K | spawn=i-09477d1c82b0617b3:c7g.16xlarge:ondemand
        [keel-gvt3] no cpufreq interface at all, so §5 rule 5's governor instrument does not exist on this host rather than having failed on it — the usual reason is a virtualized guest, which does not own the knob. Stability is established here by its ruled substitute instead: BenchmarkPeak at the head, middle and tail of the sweep, judged after the sweep runs
          [keel-gvt3] separate from 'present and unreadable' by ruling: that is a defect on a host that has the knob, this is a host that has none
        [keel-gvt3] admission class: evidentiary (instance=c7g.16xlarge, virt=?, spawn=i-09477d1c82b0617b3:c7g.16xlarge:ondemand) — c7g.16xlarge is admitted to the evidentiary class by KEEL_EVIDENTIARY_SIZES, whose members are full-size types added one justifying read-back at a time, and the launcher independently records this host as c7g.16xlarge on-demand (i-09477d1c82b0617b3)
        [keel-gvt3] smt=1 threads/core, so UNMASKED the criterion's 8 goroutines could span as few as 8/1 physical cores — which is the hazard the mask removes: every benchmark below runs on 8 distinct physical cores, one per cache domain, inside one NUMA node — refused rather than run free, and read back per row for both width and shape (§5 rule 5; the pinning decision #15 asked for)
  [32mPASS[0m  [keel-gvt3] 64 CPUs, enough for the 8 the criterion names

-- parallelism as a correctness property (criteria 5, 6, 7) --
        bitwise identity against the serial nest, no goroutine left running, no state
        carried between calls. The local run is scalar-only, so all of this is audited
        from a host that ran it with the neon microkernel live.
  [32mPASS[0m  cross-compiled linux/amd64 test binary (root package: parallel correctness)
        builder toolchain go1.27.1-X:simd flags=[-buildmode=exe -compiler=gc -trimpath=true], read off keel.test and not off this shell's go
  [32mPASS[0m  [keel-gvt4] the full test suite passes with the vector backend live
  [32mPASS[0m  [keel-gvt4] KEEL_FORCE=scalar takes (l1=scalar, kern=8x8/scalar)
  [32mPASS[0m  [keel-gvt4] KEEL_FORCE=nonsense refuses to run rather than falling back silently
  [32mPASS[0m  [keel-gvt3] the full test suite passes with the vector backend live
  [32mPASS[0m  [keel-gvt3] KEEL_FORCE=scalar takes (l1=scalar, kern=8x8/scalar)
  [32mPASS[0m  [keel-gvt3] KEEL_FORCE=nonsense refuses to run rather than falling back silently
  [32mPASS[0m  the suite ran green with the neon microkernel live (audited from keel-gvt3)
  [32mPASS[0m  Sgemm: bit-identical to the serial nest at threads=1,3,8
  [32mPASS[0m  Sgemm: no background threads and no state between calls (goroutines-return-to-baseline,repeat-call-bit-identical)
  [32mPASS[0m  Ssyrk: bit-identical to the serial nest at threads=1,3,8
  [32mPASS[0m  Ssyrk: no background threads and no state between calls (goroutines-return-to-baseline,repeat-call-bit-identical)
  [32mPASS[0m  Ssymm: bit-identical to the serial nest at threads=1,3,8
  [32mPASS[0m  Ssymm: no background threads and no state between calls (goroutines-return-to-baseline,repeat-call-bit-identical)
  [32mPASS[0m  Strsm: bit-identical to the serial nest at threads=1,3,8
  [32mPASS[0m  Strsm: no background threads and no state between calls (goroutines-return-to-baseline,repeat-call-bit-identical)
  [32mPASS[0m  Level-1 chain declared as neon,scalar — scalar forced above, and the neon rung confirmed from this run's l1=neon dispatch marker (arm64 verifies neon via the marker, not by KEEL_FORCE)
  [32mPASS[0m  Level-3 chain declared as neon,scalar — two rungs by ruling (#40), and the avx2 ceiling asserted per host above

-- race detector (a named P5 criterion) --
        -race needs cgo and remote_build_test is CGO_ENABLED=0 by design, so the
        instrumented binary is built NATIVELY on each host from git archive HEAD — the
        same mechanism gate-p3 uses for its OpenBLAS harness. The dev host's own run is
        kept as well: it is arm64 and scalar-only, but the worker pool, the shared
        packed-B panel and the sync.Pool are backend-independent Go, so having two
        architectures' schedulers look at the same concurrency is worth the minute.
  [32mPASS[0m  [local darwin/arm64, scalar path] race detector clean
  [33mUNMEASURED[0m  [keel-gvt4] no Go toolchain, so -race cannot be built natively here and this host's vector path is unmeasured for races
  [33mUNMEASURED[0m  [keel-gvt3] no Go toolchain, so -race cannot be built natively here and this host's vector path is unmeasured for races
  [33mUNMEASURED[0m  no host produced a race-detector reading on the vector path, so that criterion is unmeasured rather than clean

-- scaling at 8 cores on 4096^3 (the headline criterion) --
        -test.count=10 -test.benchtime=1s; one invocation per host with both thread
        counts inside it, and the floor counts as cleared only net of both intervals
        judged at >= 44.2% of each host's own measured 8-thread ceiling: Sgemm Ssyrk Ssymm — one parallelism class (ruled 2026-08-12; denominator ruled 2026-08-20, its 8-thread form and this fraction ratified 2026-08-21, #6)
          DERIVATION of 44.2%: a regression bar set below every healthy observation, from the lowest of SIX admissible judged rows in the founding campaign's take four (keel-zen5 Ssymm, 46.8150% net of BOTH intervals, recomputed from the archives under #116's honest CI bounds) less 2.6 points of margin. Derived from that run and enforced here, so this reading can fail it. What it cannot see is stated inside it (§5 rule 12): no Intel silicon derived it, keel-skx being DERIV=0 and gnr characterization, and the two models it has spread 46.8-75.4%, so one fleet bar is set by the weakest host — per-host convergence is the post-tag option named above. Rule 19 admitted all six: widest share interval 0.3 points against the 2.6-point cap
          the bar FELL 6.8 points from the suspended 51.0 and 95.0% of the fall is the DENOMINATOR, not the kernels: #115 lifted the ceiling's fork/join out of its own timed region, so the reference rose 1999.5 -> 2291 GFLOP/s (+14.6%) on the host that sets the bar, while that row's rate fell 1081 -> 1073 (-0.74%). One term at a time on the argmin: the new rate over the OLD ceiling would have typed 50.8, the old rate over the NEW ceiling 44.6. The measured share has THREE terms and this is the reference term moving; the era boundary is what keeps it out of the drift budget (§5 rule 17(d))
          the ceiling's rise is the INSTRUMENT and not the mask, adjudicated by the control host: keel-skx's spread enumeration is degenerate (its L3 is per socket, so the mask returns the same 0..7 the confined form did) and its ceiling rose the MOST, +23.4%, which a mask that did not change cannot cause. So the +14.6% is attributable to #115 (§5 rule 18) rather than to placement, and the two changes that landed together are separable after all
        judged at >= 6.066x: Strsm — a second class, and a REGRESSION BAR under the B-packing-residue model (ratified 2026-08-16, #37). The work split it prints is not that model: read as Amdahl it implies a ceiling all nine ratifying readings cleared (#89)
          and judged PER HOST since 2026-08-30 (#119, §5 rule 17 extended to the ratio criteria): 6.066x binds only the models that derived it (SCALE_DERIVED_FROM, three of them — one MORE than the share bar's two, keel-skx having derived this bar and not that one), and a host outside that set renders BASELINE and registers from its own rows rather than being convicted for a chronology. Its bar is then its own baseline less the same 0.403x — never BASELINE_MARGIN's 2.6, which is points of share and would set a bar looser than the retired 6.0x floor if carried across units. docs/rulings.md rule 17 carries both derivation sets and the era-archive check on the slack
          DERIVATION of 6.066x: the lowest of THREE judged rows in the founding campaign's take four (keel-zen5 6.469x net of CI — 6.469880 unrounded, recomputed under #116; keel-zen4 6.635x, keel-skx 6.831x) less 0.403x, this class's declared slack in its own units — 7.403x, the lowest of the nine readings that ratified 7.0x, less that 7.0x, so it predates these rows by six days and answers the units question the suspension left open. The bound is quoted as bench_ratio_lo RETURNS it, three decimals rounded down (#143), because that is what the subtraction above is performed on: 6.469 - 0.403 = 6.066 exactly, no rounding of the difference. All three rows were admissible under rule 19: intervals 0.230/0.221/0.040x wide against the 0.403x cap, and the slack is 1.8x the argmin's own interval
          6.066x IS NOT THE RETIRED 6.0x RETURNING, and it lands within 1.1% of it by coincidence: that constant was a CROSS-HOST quality bar on the whole judged class and was retired for a RANK INVERSION -- it refused Zen 4 at 65.9% of 8x its own core peak and passed Granite Rapids at 34.3%, measuring the wrong quantity by construction. This is a per-routine regression bar on Strsm alone, derived on different silicon under a different placement, and none of the grounds for that retirement is disturbed by the arithmetic landing nearby (#37, #6)
  [32mPASS[0m  BASELINE-REGISTERED readers pass their controls (102 fixtures; 21 mutants driven 2026-08-21, all killed, and a 22nd found unkillable — an unnamed-era guard whose deletion changed nothing observable, so it was deleted rather than explained. §5 rule 12: the number is what it covers, and mutation is a session act with no standing harness. gate-p3's peak/* reader (#167) IS covered as of 2026-10-02: its decision was extracted to peak_bucket on scale_bucket's precedent, so this suite drives it and this gate therefore runs it. What the number still does NOT cover is the RENDERING around that decision — which sentence each bucket prints, and the per-host loop that reaches it — exercised under KEEL_REPLAY against tracked arm64 archives and recorded on #167, with no standing harness)
        measurement era: pinned8 — closed, transition archive landed. Baselines from other eras do not govern these readings and are not consulted (#6)
  [32mPASS[0m  cross-compiled linux/amd64 bench binary (Scale + Peak)
        [keel-gvt4] governor=none (no cpufreq interface — a virtualized guest does not own the knob)
        [keel-gvt4] samples archived: build/bench-gate-p5-d757ea9-keel-gvt4-20261004T190429Z-1.txt
  [32mPASS[0m  [keel-gvt4] placement pinned to 8 cores over 1 of the node's 1 cache domains (mask 0,1,2,3,4,5,6,7), confirmed three ways: the harness applied it, Go reports GOMAXPROCS=8 off its own affinity, and the recorded domain list satisfies rule 5's spread invariant — so every row below carries -8 and the numerator and denominator of each share came from the identical mask (§5 rule 5)
  [32mPASS[0m  [keel-gvt4] benchci reproduces the pinned benchstat: 104 cell(s) agree with the pinned benchstat on every center, and on every CI after rounding to %.0f%%
        [keel-gvt4] peak series GFLOP/s: head 61.265, middle 61.195, tail 61.275000000000006 (three invocations either side of the sweep; §5 rule 5's substitute instrument, no governor on this host)
  [32mPASS[0m  [keel-gvt4] the peak series is bounded in every window and not ordered: neither of 2 adjacent steps resolves a decline above the resolution-plus-jitter floor its own intervals set (sec/op head->middle +0.1194% against a 1.5886% floor, middle->tail -0.1331% against a 1.2278% floor), so the windows are ties and a tie is not an order (#6, 2026-08-20)
        [keel-gvt4] ceiling: compute 498.2 GFLOP/s +/- 0.6% [494.4, 500] D=1.191 (span 1.12% / interval 0.9433%) measured at 8 threads, against 63.39 at 1 thread — 98.3% of 8x the 1-thread reading. That shortfall is what the retired 6.0x floor's denominator assumed away; this gate measures it and does not attribute it, since clock droop, core heterogeneity and shared-cache pressure are indistinguishable here
        [keel-gvt4] ceiling: stream/dot 146.1 GB/s at 8 threads, 38.03 at 1 — reported. NOT yet in the min(): converting GB/s to a FLOP/s bound needs a declared DRAM traffic count and no benchmark declares one, so the ceiling in force is the compute term alone, which can only UNDERSTATE how close this host is to its true ceiling
        [keel-gvt4] ceiling: stream/axpy 216.65 GB/s at 8 threads, 54.635000000000005 at 1 — reported. NOT yet in the min(): converting GB/s to a FLOP/s bound needs a declared DRAM traffic count and no benchmark declares one, so the ceiling in force is the compute term alone, which can only UNDERSTATE how close this host is to its true ceiling
        [keel-gvt4] Sgemm: 1 thread 33.84 GFLOP/s +/- 0.1% [33.79, 33.87] D=1.6 (span 0.24% / interval 0.1478%), 8 threads 239.9 GFLOP/s +/- 0.0% [239.7, 240] D=1.5 (span 0.13% / interval 0.0834%)
        [keel-gvt4] Sgemm: 49.0% of 8x the single-thread neon peak (61.195 GFLOP/s) — reported, not a criterion, and that denominator ignores the clock's drop with core count
  [32mPASS[0m  [keel-gvt4] Sgemm reaches 47.9% of this host's measured 8-thread ceiling (498.2 GFLOP/s) (>= 35.0%, this host's registered baseline 37.60% (era pinned8) less the same 2.6 points of margin the fleet bar uses (estimator: median of N=2 archived judged runs in era pinned8 at 029e24f: 20260906T164421Z (37.6, as printed) and 20260906T173558Z (37.6, as printed). Both admissible under §5 rule 19: share rate CIs <= 0.35% (Sgemm/Ssyrk/Ssymm and the neon ceiling, benchci), so the share interval is far under the 2.6-point cap; recomputable from archive/pinned8/bench-gate-p5-029e24f-keel-gvt4-20260906T164421Z-1.txt + archive/pinned8/bench-gate-p5-029e24f-keel-gvt4-20260906T173558Z-1.txt; registered 2026-09-06)), scaling 7.089x / 7.084x net of CI
        [keel-gvt4] Ssyrk: 1 thread 33.7 GFLOP/s +/- 0.1% [33.58, 33.74] D=2.286 (span 0.47% / interval 0.2077%), 8 threads 259.2 GFLOP/s +/- 0.1% [259.1, 259.5] D=2 (span 0.15% / interval 0.0771%)
        [keel-gvt4] Ssyrk: 53.0% of 8x the single-thread neon peak (61.195 GFLOP/s) — reported, not a criterion, and that denominator ignores the clock's drop with core count
  [32mPASS[0m  [keel-gvt4] Ssyrk reaches 51.8% of this host's measured 8-thread ceiling (498.2 GFLOP/s) (>= 38.0%, this host's registered baseline 40.60% (era pinned8) less the same 2.6 points of margin the fleet bar uses (estimator: median of N=2 archived judged runs in era pinned8 at 029e24f: 20260906T164421Z (40.6, as printed) and 20260906T173558Z (40.6, as printed). Both admissible under §5 rule 19: share rate CIs <= 0.35% (Sgemm/Ssyrk/Ssymm and the neon ceiling, benchci), so the share interval is far under the 2.6-point cap; recomputable from archive/pinned8/bench-gate-p5-029e24f-keel-gvt4-20260906T164421Z-1.txt + archive/pinned8/bench-gate-p5-029e24f-keel-gvt4-20260906T173558Z-1.txt; registered 2026-09-06)), scaling 7.692x / 7.684x net of CI
        [keel-gvt4] Ssymm: 1 thread 33.7 GFLOP/s +/- 0.1% [33.66, 33.73] D=1.75 (span 0.21% / interval 0.1187%), 8 threads 239.3 GFLOP/s +/- 0.2% [233.3, 239.5] D=12.4 (span 2.59% / interval 0.2089%)
        [keel-gvt4] Ssymm: 48.9% of 8x the single-thread neon peak (61.195 GFLOP/s) — reported, not a criterion, and that denominator ignores the clock's drop with core count
  [32mPASS[0m  [keel-gvt4] Ssymm reaches 47.7% of this host's measured 8-thread ceiling (498.2 GFLOP/s) (>= 34.9%, this host's registered baseline 37.50% (era pinned8) less the same 2.6 points of margin the fleet bar uses (estimator: median of N=2 archived judged runs in era pinned8 at 029e24f: 20260906T164421Z (37.5, as printed) and 20260906T173558Z (37.5, as printed). Both admissible under §5 rule 19: share rate CIs <= 0.35% (Sgemm/Ssyrk/Ssymm and the neon ceiling, benchci), so the share interval is far under the 2.6-point cap; recomputable from archive/pinned8/bench-gate-p5-029e24f-keel-gvt4-20260906T164421Z-1.txt + archive/pinned8/bench-gate-p5-029e24f-keel-gvt4-20260906T173558Z-1.txt; registered 2026-09-06)), scaling 7.100x / 7.084x net of CI
        [keel-gvt4] Strsm: 1 thread 28.1 GFLOP/s +/- 1.7% [27.75, 28.6] D=1.25 (span 3.02% / interval 2.4199%), 8 threads 222.6 GFLOP/s +/- 0.7% [201.7, 223.8] D=8.185 (span 9.93% / interval 1.2129%)
        [keel-gvt4] Strsm: 45.5% of 8x the single-thread neon peak (61.195 GFLOP/s) — reported, not a criterion, and that denominator ignores the clock's drop with core count
  [32mPASS[0m  [keel-gvt4] Strsm scales 7.922x, 7.732x net of CI (>= 7.499x, this host's registered baseline 7.902x (era pinned8) less the same 0.403x of margin the fleet bar uses (estimator: median of N=2 archived judged runs in era pinned8 at 029e24f: 20260906T164421Z (7.919x, as printed) and 20260906T173558Z (7.884x, as printed). Both admissible under §5 rule 19: scale intervals ~0.10x/0.11x (point less net-of-CI) against the 0.403x cap; recomputable from archive/pinned8/bench-gate-p5-029e24f-keel-gvt4-20260906T164421Z-1.txt + archive/pinned8/bench-gate-p5-029e24f-keel-gvt4-20260906T173558Z-1.txt; registered 2026-09-06))
        [keel-gvt4] Strsm work split at this shape: rank_update=0.98413 diag_solve=0.01587. This is a WORK split, not a serial fraction: read as Amdahl s=0.01587 at p=8 it implies a ceiling of 7.2001x, and this run's 7.732x sits +7.39% above it. Nine readings above that ceiling are what falsified the model (#37/#89); the bar above rests on the B-packing residue instead. Reported, judged by nothing
        [keel-gvt4] L1 Sdot GFLOP/s, median(net of CI): n=256 17.42(17.42) n=4096 21.19(21.19) n=65536 19.87(19.87) n=1048576 14.61(14.56)
        [keel-gvt4] L1 Saxpy GFLOP/s, median(net of CI): n=256 9.76(9.42) n=4096 10.63(10.62) n=65536 10.71(10.50) n=1048576 10.71(10.67)
        [keel-gvt4] L1 Sscal GFLOP/s, median(net of CI): n=256 4.84(4.81) n=4096 5.32(5.32) n=65536 5.36(5.21) n=1048576 5.36(5.34)
        [keel-gvt4] L1 Sasum GFLOP/s, median(net of CI): n=256 10.48(10.48) n=4096 14.06(14.06) n=65536 14.28(14.28) n=1048576 13.51(13.44)
        [keel-gvt4] L1 Snrm2 GFLOP/s, median(net of CI): n=256 20.25(20.21) n=4096 35.80(35.80) n=65536 36.62(36.62) n=1048576 27.41(27.11)
        [keel-gvt4] L1 Isamax GB/s, median(net of CI): n=256 2.75(2.75) n=4096 2.69(2.69) n=65536 2.69(2.69) n=1048576 2.69(2.68)
  [36mBASELINE[0m  [keel-gvt4] all 24 measured L1 rows are first sight in era pinned8 — RECORDED as candidate baselines, not judged (24 of 24 routine-size rows). Candidates: build/baseline-candidates-d757ea9-20261004T190429Z.tsv
  [32mPASS[0m  [keel-gvt4] every README row for this CPU is consistent with this run — its reference CI overlaps this run's, or (where they miss) the rate is within 0.05 of center (criterion 9, CI-overlap #163; 9 row(s)), and their denominators reduce to the one peak this run measured — 62.87 / 503.0 GFLOP/s
        [keel-gvt3] governor=none (no cpufreq interface — a virtualized guest does not own the knob)
        [keel-gvt3] samples archived: build/bench-gate-p5-d757ea9-keel-gvt3-20261004T190429Z-2.txt
  [32mPASS[0m  [keel-gvt3] placement pinned to 8 cores over 1 of the node's 1 cache domains (mask 0,1,2,3,4,5,6,7), confirmed three ways: the harness applied it, Go reports GOMAXPROCS=8 off its own affinity, and the recorded domain list satisfies rule 5's spread invariant — so every row below carries -8 and the numerator and denominator of each share came from the identical mask (§5 rule 5)
  [32mPASS[0m  [keel-gvt3] benchci reproduces the pinned benchstat: 104 cell(s) agree with the pinned benchstat on every center, and on every CI after rounding to %.0f%%
        [keel-gvt3] peak series GFLOP/s: head 41.42, middle 41.42, tail 41.42 (three invocations either side of the sweep; §5 rule 5's substitute instrument, no governor on this host)
  [32mPASS[0m  [keel-gvt3] the peak series is bounded in every window and not ordered: neither of 2 adjacent steps resolves a decline above the resolution-plus-jitter floor its own intervals set (sec/op head->middle +0.0020% against a 0.0202% floor, middle->tail -0.0062% against a 0.0590% floor), so the windows are ties and a tie is not an order (#6, 2026-08-20)
        [keel-gvt3] ceiling: compute 331 GFLOP/s +/- 0.0% [330.9, 331.1] D=2 (span 0.06% / interval 0.0302%) measured at 8 threads, against 41.43 at 1 thread — 99.9% of 8x the 1-thread reading. That shortfall is what the retired 6.0x floor's denominator assumed away; this gate measures it and does not attribute it, since clock droop, core heterogeneity and shared-cache pressure are indistinguishable here
        [keel-gvt3] ceiling: stream/dot 115.5 GB/s at 8 threads, 35.925 at 1 — reported. NOT yet in the min(): converting GB/s to a FLOP/s bound needs a declared DRAM traffic count and no benchmark declares one, so the ceiling in force is the compute term alone, which can only UNDERSTATE how close this host is to its true ceiling
        [keel-gvt3] ceiling: stream/axpy 199.1 GB/s at 8 threads, 52.004999999999995 at 1 — reported. NOT yet in the min(): converting GB/s to a FLOP/s bound needs a declared DRAM traffic count and no benchmark declares one, so the ceiling in force is the compute term alone, which can only UNDERSTATE how close this host is to its true ceiling
        [keel-gvt3] Sgemm: 1 thread 32.53 GFLOP/s +/- 0.1% [32.5, 32.57] D=1.4 (span 0.22% / interval 0.1537%), 8 threads 229.3 GFLOP/s +/- 0.0% [229.1, 229.3] D=2 (span 0.09% / interval 0.0436%)
        [keel-gvt3] Sgemm: 69.2% of 8x the single-thread neon peak (41.42 GFLOP/s) — reported, not a criterion, and that denominator ignores the clock's drop with core count
  [32mPASS[0m  [keel-gvt3] Sgemm reaches 69.2% of this host's measured 8-thread ceiling (331 GFLOP/s) (>= 49.6%, this host's registered baseline 52.20% (era pinned8) less the same 2.6 points of margin the fleet bar uses (estimator: median of N=2 archived judged runs in era pinned8 at 029e24f: 20260906T164421Z (52.1, as printed) and 20260906T173558Z (52.3, as printed). Both admissible under §5 rule 19: share rate CIs <= 0.35% (Sgemm/Ssyrk/Ssymm and the neon ceiling, benchci), so the share interval is far under the 2.6-point cap; recomputable from archive/pinned8/bench-gate-p5-029e24f-keel-gvt3-20260906T164421Z-2.txt + archive/pinned8/bench-gate-p5-029e24f-keel-gvt3-20260906T173558Z-2.txt; registered 2026-09-06)), scaling 7.049x / 7.037x net of CI
        [keel-gvt3] Ssyrk: 1 thread 32.05 GFLOP/s +/- 0.1% [31.99, 32.08] D=2.25 (span 0.28% / interval 0.1248%), 8 threads 245.3 GFLOP/s +/- 0.0% [245.3, 245.4] D=1 (span 0.04% / interval 0.0408%)
        [keel-gvt3] Ssyrk: 74.0% of 8x the single-thread neon peak (41.42 GFLOP/s) — reported, not a criterion, and that denominator ignores the clock's drop with core count
  [32mPASS[0m  [keel-gvt3] Ssyrk reaches 74.1% of this host's measured 8-thread ceiling (331 GFLOP/s) (>= 53.7%, this host's registered baseline 56.30% (era pinned8) less the same 2.6 points of margin the fleet bar uses (estimator: median of N=2 archived judged runs in era pinned8 at 029e24f: 20260906T164421Z (56.3, as printed) and 20260906T173558Z (56.3, as printed). Both admissible under §5 rule 19: share rate CIs <= 0.35% (Sgemm/Ssyrk/Ssymm and the neon ceiling, benchci), so the share interval is far under the 2.6-point cap; recomputable from archive/pinned8/bench-gate-p5-029e24f-keel-gvt3-20260906T164421Z-2.txt + archive/pinned8/bench-gate-p5-029e24f-keel-gvt3-20260906T173558Z-2.txt; registered 2026-09-06)), scaling 7.654x / 7.651x net of CI
        [keel-gvt3] Ssymm: 1 thread 32.48 GFLOP/s +/- 0.1% [32.44, 32.5] D=1.2 (span 0.18% / interval 0.1539%), 8 threads 228.8 GFLOP/s +/- 0.0% [228.7, 228.8] D=1 (span 0.04% / interval 0.0437%)
        [keel-gvt3] Ssymm: 69.0% of 8x the single-thread neon peak (41.42 GFLOP/s) — reported, not a criterion, and that denominator ignores the clock's drop with core count
  [32mPASS[0m  [keel-gvt3] Ssymm reaches 69.0% of this host's measured 8-thread ceiling (331 GFLOP/s) (>= 49.6%, this host's registered baseline 52.20% (era pinned8) less the same 2.6 points of margin the fleet bar uses (estimator: median of N=2 archived judged runs in era pinned8 at 029e24f: 20260906T164421Z (52.2, as printed) and 20260906T173558Z (52.2, as printed). Both admissible under §5 rule 19: share rate CIs <= 0.35% (Sgemm/Ssyrk/Ssymm and the neon ceiling, benchci), so the share interval is far under the 2.6-point cap; recomputable from archive/pinned8/bench-gate-p5-029e24f-keel-gvt3-20260906T164421Z-2.txt + archive/pinned8/bench-gate-p5-029e24f-keel-gvt3-20260906T173558Z-2.txt; registered 2026-09-06)), scaling 7.044x / 7.036x net of CI
        [keel-gvt3] Strsm: 1 thread 26.07 GFLOP/s +/- 0.1% [25.13, 26.15] D=14.57 (span 3.91% / interval 0.2685%), 8 threads 200.4 GFLOP/s +/- 0.7% [198.3, 201] D=1.421 (span 1.35% / interval 0.9481%)
        [keel-gvt3] Strsm: 60.5% of 8x the single-thread neon peak (41.42 GFLOP/s) — reported, not a criterion, and that denominator ignores the clock's drop with core count
  [32mPASS[0m  [keel-gvt3] Strsm scales 7.686x, 7.617x net of CI (>= 7.518x, this host's registered baseline 7.921x (era pinned8) less the same 0.403x of margin the fleet bar uses (estimator: median of N=2 archived judged runs in era pinned8 at 029e24f: 20260906T164421Z (7.932x, as printed) and 20260906T173558Z (7.910x, as printed). Both admissible under §5 rule 19: scale intervals ~0.10x/0.11x (point less net-of-CI) against the 0.403x cap; recomputable from archive/pinned8/bench-gate-p5-029e24f-keel-gvt3-20260906T164421Z-2.txt + archive/pinned8/bench-gate-p5-029e24f-keel-gvt3-20260906T173558Z-2.txt; registered 2026-09-06))
        [keel-gvt3] Strsm work split at this shape: rank_update=0.98413 diag_solve=0.01587. This is a WORK split, not a serial fraction: read as Amdahl s=0.01587 at p=8 it implies a ceiling of 7.2001x, and this run's 7.617x sits +5.79% above it. Nine readings above that ceiling are what falsified the model (#37/#89); the bar above rests on the B-packing residue instead. Reported, judged by nothing
        [keel-gvt3] L1 Sdot GFLOP/s, median(net of CI): n=256 16.39(16.37) n=4096 20.37(20.37) n=65536 17.43(17.39) n=1048576 13.25(13.24)
        [keel-gvt3] L1 Saxpy GFLOP/s, median(net of CI): n=256 9.54(9.53) n=4096 10.24(10.24) n=65536 10.30(10.29) n=1048576 10.31(10.31)
        [keel-gvt3] L1 Sscal GFLOP/s, median(net of CI): n=256 4.80(4.80) n=4096 5.12(5.12) n=65536 5.17(5.17) n=1048576 5.17(5.17)
        [keel-gvt3] L1 Sasum GFLOP/s, median(net of CI): n=256 9.43(9.41) n=4096 13.43(13.43) n=65536 13.70(13.70) n=1048576 13.66(13.64)
        [keel-gvt3] L1 Snrm2 GFLOP/s, median(net of CI): n=256 20.14(20.13) n=4096 33.58(33.55) n=65536 34.52(34.49) n=1048576 24.95(24.86)
        [keel-gvt3] L1 Isamax GB/s, median(net of CI): n=256 2.55(2.55) n=4096 2.56(2.56) n=65536 2.58(2.58) n=1048576 2.57(2.57)
  [36mBASELINE[0m  [keel-gvt3] all 24 measured L1 rows are first sight in era pinned8 — RECORDED as candidate baselines, not judged (24 of 24 routine-size rows). Candidates: build/baseline-candidates-d757ea9-20261004T190429Z.tsv
  [32mPASS[0m  [keel-gvt3] every README row for this CPU is consistent with this run — its reference CI overlaps this run's, or (where they miss) the rate is within 0.05 of center (criterion 9, CI-overlap #163; 9 row(s)), and their denominators reduce to the one peak this run measured — 41.42 / 331.4 GFLOP/s
  [32mPASS[0m  every gate host a bar governs cleared its class's bar (44.2% of each host's own 8-thread ceiling for Sgemm Ssyrk Ssymm on the hosts that derived that fraction, and a registered baseline less 2.6 points elsewhere (#6), 6.066x of its own single-thread rate for Strsm on the hosts that derived that floor, and a registered baseline less 0.403x elsewhere (#119)) (2/2)

-- doc.go, and no rate outside the block this gate re-measures (criterion 9) --
  [32mPASS[0m  doc.go carries a package comment that `go doc` renders
  [32mPASS[0m  every GFLOP/s figure in README.md sits inside the block this gate re-measures

-- carried from P4 (criterion 10): every absolute bar this ratio stands on --
        ">= 6.0x single-thread" was a ratio whose denominator this phase is chartered
        to change: stage 1 makes the serial path faster, which made that bar harder, and a
        parallel nest that SLOWED the serial path made it easier. This gate's own carried text
        predicted that hazard before it decided any verdict, and #6's ruling of 2026-08-20
        removed it — the denominator is now a measured hardware ceiling, which stage 1 cannot
        move in either direction. The absolute bars are still carried by running the gates that
        own them: gate-p4 runs gate-p3, which carries P2's kernel audit — three phases of
        thresholds, not one of them restated here.
        full output: build/gate-p4-under-p5-d757ea9-20261004T190429Z.log (135 lines) — paste it verbatim into the umbrella issue beside this gate's own; it names gate-p3's log in turn
        63 PASS / 1 FAIL / 0 UNMEASURED / 0 BASELINE / 0 REPORTED, verdict: gate-p4: RED
  [31mFAIL[0m  gate-p4 is RED on this commit (exit 1), so nothing above that divides by a measured rate means what it says
          FAIL  gate-p3 is RED on this commit (exit 1), so nothing above that divides by Sgemm means what it says
          DESIGN.md §4's one-re-run allowance for a failing throughput sentinel applies inside the delegated gates exactly as it does when they are run directly: one immediate re-run, both outputs archived, never for a correctness criterion

-- stated assumptions (trusted, not verified; not verdicts) --
        each line below is a precondition with no read-back mechanism, so it
        carries no verdict. What the certificate asserts, it asserts ON these.
          - the configured host set is the fleet this gate is meant to measure: .keel-hosts (or $KEEL_REMOTE_HOSTS) is the only statement of that intent, so there is no second source to check it against
          - each name reaches the machine it is meant to reach: every witness of a host's identity — cpuinfo, the CPU model that enters the record, the hostname itself — is reported BY the host under test, so a name pointed at the wrong machine reports consistently about the wrong machine

gate-p5 tally: 50 PASS / 1 FAIL / 3 UNMEASURED / 2 BASELINE / 0 REPORTED
gate-p5: RED
