== gate-p3: packing + blocking -> full Sgemm ==
        rev 1add234e9f6314db3d47f50db1f9dc475982abc7 tree=clean toolchain=go1.27.1 goexperiment=none

  [32mPASS[0m  no stray git worktrees (this repo is the only registered checkout)
-- builds --
  [32mPASS[0m  make build (GOEXPERIMENT=simd)
  [32mPASS[0m  make stock (scalar path, no experiment)
  [32mPASS[0m  go vet (GOEXPERIMENT=simd)
  [32mPASS[0m  go vet (GOEXPERIMENT=simd, linux/amd64)

-- Sgemm vs the float64 oracle: size sweep x transpose x alpha x beta --
        the local run exercises this host's NEON path (go1.27 ships arm64 archsimd);
        the sweep's extent is audited below from a host that ran it with avx512 live
  [32mPASS[0m  [local darwin/arm64] all tests pass
  [32mPASS[0m  [local, stock toolchain] all tests pass without GOEXPERIMENT=simd
        assumed, unverifiable: the configured host set is the fleet this gate is meant to measure: .keel-hosts (or $KEEL_REMOTE_HOSTS) is the only statement of that intent, so there is no second source to check it against
        assumed, unverifiable: each name reaches the machine it is meant to reach: every witness of a host's identity — cpuinfo, the CPU model that enters the record, the hostname itself — is reported BY the host under test, so a name pointed at the wrong machine reports consistently about the wrong machine
        disk headroom: 68784 MiB free on /System/Volumes/Data (scratch (mktemp -d)), floor 512 MiB
        [keel-gvt4] no cpufreq interface at all, so §5 rule 5's governor instrument does not exist on this host rather than having failed on it — the usual reason is a virtualized guest, which does not own the knob. Stability is established here by its ruled substitute instead: BenchmarkPeak at the head, middle and tail of the sweep, judged after the sweep runs
          [keel-gvt4] separate from 'present and unreadable' by ruling: that is a defect on a host that has the knob, this is a host that has none
        [keel-gvt4] admission class: evidentiary (instance=c8g.48xlarge, virt=?, spawn=i-0165476ad79b4f30c:c8g.48xlarge:ondemand) — c8g.48xlarge is admitted to the evidentiary class by KEEL_EVIDENTIARY_SIZES, whose members are full-size types added one justifying read-back at a time, and the launcher independently records this host as c8g.48xlarge on-demand (i-0165476ad79b4f30c)
        [keel-gvt3] no cpufreq interface at all, so §5 rule 5's governor instrument does not exist on this host rather than having failed on it — the usual reason is a virtualized guest, which does not own the knob. Stability is established here by its ruled substitute instead: BenchmarkPeak at the head, middle and tail of the sweep, judged after the sweep runs
          [keel-gvt3] separate from 'present and unreadable' by ruling: that is a defect on a host that has the knob, this is a host that has none
        [keel-gvt3] admission class: evidentiary (instance=c7g.16xlarge, virt=?, spawn=i-0bb31cac5b62bd159:c7g.16xlarge:ondemand) — c7g.16xlarge is admitted to the evidentiary class by KEEL_EVIDENTIARY_SIZES, whose members are full-size types added one justifying read-back at a time, and the launcher independently records this host as c7g.16xlarge on-demand (i-0bb31cac5b62bd159)
  [32mPASS[0m  cross-compiled linux/amd64 test binary (root package: Sgemm vs oracle)
        builder toolchain go1.27.1-X:simd flags=[-buildmode=exe -compiler=gc -trimpath=true], read off keel.test and not off this shell's go
        [keel-gvt4] Neoverse-V2 | instance=c8g.48xlarge | virt=? | 192 cpus | 192 cores | smt=1 | 2 sockets | governor=absent | load1=0.04 load5=0.33 load15=0.70 runnable=1/2046 | tmux=yes | Linux 7.0.0-1013-aws | L2=2048K L1d=64K L3=36864K | spawn=i-0165476ad79b4f30c:c8g.48xlarge:ondemand
  [32mPASS[0m  [keel-gvt4] Sgemm sweep passes
        [keel-gvt4] backends exercised: neon scalar
  [32mPASS[0m  [keel-gvt4] KEEL_FORCE=scalar: the sweep passes with dispatch overridden
        [keel-gvt3] Neoverse-V1 | instance=c7g.16xlarge | virt=? | 64 cpus | 64 cores | smt=1 | 1 sockets | governor=absent | load1=0.09 load5=0.57 load15=0.87 runnable=1/777 | tmux=yes | Linux 7.0.0-1013-aws | L2=1024K L1d=64K L3=32768K | spawn=i-0bb31cac5b62bd159:c7g.16xlarge:ondemand
  [32mPASS[0m  [keel-gvt3] Sgemm sweep passes
        [keel-gvt3] backends exercised: neon scalar
  [32mPASS[0m  [keel-gvt3] KEEL_FORCE=scalar: the sweep passes with dispatch overridden
        avx512 Sgemm sweep: N/A on arm64 (NEON is the dispatched kernel; sweep coverage is 5b's NEON frontier, #156) — not unmeasured (#155)
  [32mPASS[0m  every host that attempted it proved the scalar fallback under KEEL_FORCE=scalar (2/2)

-- sweep extent (criteria 1 and 2: coverage is enforced, not trusted) --
        avx512 sweep extent (criteria 1 and 2): N/A on arm64 (no avx512 sweep; NEON coverage is 5b, #156) — not unmeasured (#155)

-- carried from P2 (criterion 4): the K-loop after packing and blocking --
        compile-time property, audited against the linux/amd64 object code the hosts run
        github.com/scttfrdmn/keel/internal/vec.Kernel8x8: steady-state loop [128,492] 92 insns for 16 arith (5.75 per arith): 0 vector stack refs, 16 reg copies, 8 broadcasts, 32 anchor nops, 0 calls, 0 bounds-check exits, 0 other mem refs
        github.com/scttfrdmn/keel/internal/vec.Kernel4x16: steady-state loop [132,448] 80 insns for 16 arith (5.00 per arith): 0 vector stack refs, 8 reg copies, 4 broadcasts, 30 anchor nops, 0 calls, 0 bounds-check exits, 0 other mem refs
        github.com/scttfrdmn/keel/internal/vec.Kernel3x24: steady-state loop [144,732] 148 insns for 36 arith (4.11 per arith): 0 vector stack refs, 12 reg copies, 6 broadcasts, 63 anchor nops, 0 calls, 0 bounds-check exits, 0 other mem refs
  [32mPASS[0m  0 accumulator spills in the steady-state K-loop (P2 property held)
  [32mPASS[0m  0 calls in the steady-state K-loop (P2 property held)
  [32mPASS[0m  0 surviving bounds checks in the steady-state K-loop (P2 property held)
  [32mPASS[0m  every peak kernel's steady-state loop is still register-only (the denominator is still a ceiling)

-- peak kernels: insns/FMA at or under its recorded ceiling (#145) --
        the denominator's OWN instruction count. Inflating it lowers measured peak and so RAISES every percent-of-peak figure; the chain-independence and no-memory checks cannot see that
  [32mPASS[0m  neonPeak audits 2.187500 insns/FMA, at or under its recorded ceiling 2.1875
  [32mPASS[0m  scalarPeak audits 1.300000 insns/FMA, at or under its recorded ceiling 1.30
        check_bce: 254 bounds check(s) across vec+kern+pack+block, all outside the K-loop (provenance; the criterion is the loop-body audit above)
  [32mPASS[0m  check_bce output recorded as provenance
  [32mPASS[0m  SWEEP_BEST_IPF=4.111 reconciles against shapegen -frontier: 4.111 from 3x24 u=2 broadcast, best of 107 emittable zero-spill shapes

-- throughput sentinel (criteria 5 and 5b): P2's floor re-run on the dispatched shape --
  [32mPASS[0m  roofline verdict controls (76 fixtures)
        insns/FMA sentinel: N/A on arm64 (audits amd64 avx512 tiles; its OpenBLAS-denominator consumer is REPORTED-not-judged here, #155/#162) — not unmeasured
        sentinel declaration: every fleet host and nothing else ($KEEL_SENTINEL_OUT_OF_FLEET unset)
        note: .keel-sentinel exists (mtime 2026-08-11T19:50:40Z) and is NOT read — retired as a selection input (#146)
        judged as sentinels: keel-gvt4 keel-gvt3 
  [32mPASS[0m  every shipped shape's recorded insns/FMA matches the audited object code (8x8/neon=5.750 4x16/neon=5.000 3x24/neon=4.111)
  [36mBASELINE[0m  [keel-gvt4] 3x24/neon/kc=128 reaches 62.2% of this host's measured NEON peak, net of CI — RECORDED as its candidate baseline, not judged against PEAK_FLOOR=0.55: that floor and the issue/fma frontier are amd64-derived, so this 4-lane kernel is first-sight and registers per rule 17 (#155). No row for (Neoverse-V2, peak/3x24/neon/kc=128) in era pinned8 and no witness row, so this silicon has not spent its BASELINE at this configuration (#167)
  [36mBASELINE[0m  [keel-gvt3] 3x24/neon/kc=128 reaches 85.8% of this host's measured NEON peak, net of CI — RECORDED as its candidate baseline, not judged against PEAK_FLOOR=0.55: that floor and the issue/fma frontier are amd64-derived, so this 4-lane kernel is first-sight and registers per rule 17 (#155). No row for (Neoverse-V1, peak/3x24/neon/kc=128) in era pinned8 and no witness row, so this silicon has not spent its BASELINE at this configuration (#167)

-- Sgemm at 2048^3: percent of measured peak, and >= 60% of single-thread OpenBLAS --
        -count=10 -benchtime=1s; the bar counts as cleared only net of both confidence intervals
        each host is also run once more with KEEL_KERN_CLASS pinned to the other class (criterion 5b), which is where the extra Sgemm time goes
  [32mPASS[0m  cross-compiled linux/amd64 bench binary (Sgemm + peak)
        [keel-gvt4] Sgemm 2048^3 37.61 GFLOP/s +/- 0.4% [37.43, 37.65] D=1.1 (span 0.59% / interval 0.5318%), peak 61.14 GFLOP/s +/- 0.6% [60.56, 61.59] D=1.392 (span 1.68% / interval 1.2104%)
        [keel-gvt4] = 61.5% of measured peak (60.9% net of CI) — reported, not a P3 criterion
        [keel-gvt4] KEEL_KERN_CLASS=issue selects 3x24/neon too, so both classes agree here and there is nothing to compare
        [keel-gvt3] Sgemm 2048^3 34.68 GFLOP/s +/- 0.0% [34.64, 34.7] D=3 (span 0.17% / interval 0.0577%), peak 41.42 GFLOP/s +/- 0.0% [41.38, 41.43] D=5 (span 0.12% / interval 0.0241%)
        [keel-gvt3] = 83.7% of measured peak (83.6% net of CI) — reported, not a P3 criterion
        [keel-gvt3] KEEL_KERN_CLASS=issue selects 3x24/neon too, so both classes agree here and there is nothing to compare
        [keel-gvt4] governor=none (no cpufreq interface — a virtualized guest does not own the knob)
        [keel-gvt4] distro=ubuntu go=go1.27.0 libopenblas=/usr/local/lib/libopenblas.so
        [keel-gvt4] building the openblas-tagged harness natively from git archive HEAD (1add234)
        [keel-gvt4] coretype sweep, best of 10 at -benchtime=1s:
          [keel-gvt4] OPENBLAS_CORETYPE=default -> corename=neoversev1, 63.11 GFLOP/s
          [keel-gvt4] OPENBLAS_CORETYPE=ARMV8 -> corename=armv8, 71.32 GFLOP/s
          [keel-gvt4] OPENBLAS_CORETYPE=NEOVERSEN1 -> corename=neoversen1, 70.90 GFLOP/s
          [keel-gvt4] OPENBLAS_CORETYPE=NEOVERSEV1 -> corename=neoversev1, 63.05 GFLOP/s
          [keel-gvt4] OPENBLAS_CORETYPE=NEOVERSEV2 -> corename=neoversev1, 63.02 GFLOP/s
        [keel-gvt4] reference pinned to OPENBLAS_CORETYPE=ARMV8 (corename=armv8, 71.32 GFLOP/s), +13.0% against DYNAMIC_ARCH's own choice (corename=neoversev1, 63.11 GFLOP/s): a cross-family win of 8.21 GFLOP/s against this sweep's own measured same-family drift of 0.09
        [keel-gvt4] openblas: OpenBLAS 0.3.29 DYNAMIC_ARCH NO_AFFINITY armv8 MAX_THREADS=192 corename=armv8 threads=1 procs=192 | gomaxprocs: 1
        [keel-gvt4] reference kernel family: armv8 (on the AVX2-or-better allowlist, and the sweep's winner as pinned)
        [keel-gvt4] peak series GFLOP/s: head 61.385, middle 61.595, tail 61.33 (three invocations either side of the sweep; §5 rule 5's substitute instrument, no governor on this host)
  [32mPASS[0m  [keel-gvt4] the peak series is bounded in every window and not ordered: neither of 2 adjacent steps resolves a decline above the resolution-plus-jitter floor its own intervals set (sec/op head->middle -0.3458% against a 0.8838% floor, middle->tail +0.4347% against a 0.9967% floor), so the windows are ties and a tie is not an order (#6, 2026-08-20)
        [keel-gvt4] keel 37.68 GFLOP/s +/- 0.1% [37.36, 37.7] D=8.5 (span 0.90% / interval 0.1062%) vs OpenBLAS 71.37 GFLOP/s +/- 0.0% [70.19, 71.4] D=30.25 (span 1.70% / interval 0.0560%), one invocation
        [keel-gvt4] denominator: openblas 71.37 GFLOP/s (why=fma-bound, class=fma, Sgemm ran 3x24/neon at 4.111 insns/FMA, roofline n/a (why=fma-bound) against a 61.59 GFLOP/s peak)
        [keel-gvt4] plain OpenBLAS is the denominator (why=fma-bound), so the amended and unmodified ratios are the same number
  [35mREPORTED[0m  [keel-gvt4] Sgemm at 2048^3 reads 52.8% of its swept OpenBLAS reference, 52.7% net of CI — REPORTED, not judged against OPENBLAS_FLOOR=0.60: on arm64 that reference is an SVE kernel and keel is NEON (archsimd has no SVE, #162), so the >= 60% bar (amd64/AVX-512-derived) is a foreign-reference category error here (#155). The ratio is the finding, not a keel FAIL; a bar travels with its derivation set.
        [keel-gvt3] governor=none (no cpufreq interface — a virtualized guest does not own the knob)
        [keel-gvt3] distro=ubuntu go=go1.27.0 libopenblas=/usr/local/lib/libopenblas.so
        [keel-gvt3] building the openblas-tagged harness natively from git archive HEAD (1add234)
        [keel-gvt3] coretype sweep, best of 10 at -benchtime=1s:
          [keel-gvt3] OPENBLAS_CORETYPE=default -> corename=neoversev1, 79.07 GFLOP/s
          [keel-gvt3] OPENBLAS_CORETYPE=ARMV8 -> corename=armv8, 63.21 GFLOP/s
          [keel-gvt3] OPENBLAS_CORETYPE=NEOVERSEN1 -> corename=neoversen1, 63.75 GFLOP/s
          [keel-gvt3] OPENBLAS_CORETYPE=NEOVERSEV1 -> corename=neoversev1, 79.21 GFLOP/s
          [keel-gvt3] OPENBLAS_CORETYPE=NEOVERSEV2 -> corename=neoversev1, 79.16 GFLOP/s
        [keel-gvt3] no cross-family winner beyond drift: the best family the library did not already choose is neoversen1 (OPENBLAS_CORETYPE=NEOVERSEN1) at 63.75 GFLOP/s against the default's 79.07, a difference of -15.32 GFLOP/s inside a measured same-family drift of 0.14
        [keel-gvt3] the reference therefore runs UNPINNED, the way the library runs itself (corename=neoversev1, 79.07 GFLOP/s) — the pin is an intervention justified by a measured effect, and there is none here (#35)
        [keel-gvt3] openblas: OpenBLAS 0.3.29 DYNAMIC_ARCH NO_AFFINITY neoversev1 MAX_THREADS=64 corename=neoversev1 threads=1 procs=64 | gomaxprocs: 1
        [keel-gvt3] reference kernel family: neoversev1 (on the AVX2-or-better allowlist, unpinned and matching the sweep's unpinned candidate)
        [keel-gvt3] peak series GFLOP/s: head 41.42, middle 41.43, tail 41.425 (three invocations either side of the sweep; §5 rule 5's substitute instrument, no governor on this host)
  [32mPASS[0m  [keel-gvt3] the peak series is bounded in every window and not ordered: neither of 2 adjacent steps resolves a decline above the resolution-plus-jitter floor its own intervals set (sec/op head->middle -0.0178% against a 0.0153% floor, middle->tail +0.0096% against a 0.0161% floor), so the windows are ties and a tie is not an order (#6, 2026-08-20)
        [keel-gvt3] keel 34.79 GFLOP/s +/- 0.1% [34.77, 34.82] D=1.25 (span 0.14% / interval 0.1150%) vs OpenBLAS 79.06 GFLOP/s +/- 0.0% [79.04, 79.07] D=1.5 (span 0.04% / interval 0.0253%), one invocation
        [keel-gvt3] denominator: openblas 79.06 GFLOP/s (why=fma-bound, class=fma, Sgemm ran 3x24/neon at 4.111 insns/FMA, roofline n/a (why=fma-bound) against a 41.43 GFLOP/s peak)
        [keel-gvt3] plain OpenBLAS is the denominator (why=fma-bound), so the amended and unmodified ratios are the same number
  [35mREPORTED[0m  [keel-gvt3] Sgemm at 2048^3 reads 44.0% of its swept OpenBLAS reference, 43.9% net of CI — REPORTED, not judged against OPENBLAS_FLOOR=0.60: on arm64 that reference is an SVE kernel and keel is NEON (archsimd has no SVE, #162), so the >= 60% bar (amd64/AVX-512-derived) is a foreign-reference category error here (#155). The ratio is the finding, not a keel FAIL; a bar travels with its derivation set.
  [35mREPORTED[0m  the keel/OpenBLAS ratio is REPORTED on all 2 arm64 host(s), not judged against the 60% floor: NEON vs an SVE reference (#155/#162). The per-host ratios are printed above and carry to the certificate as the finding, not scored as a keel FAIL.

-- stated assumptions (trusted, not verified; not verdicts) --
        each line below is a precondition with no read-back mechanism, so it
        carries no verdict. What the certificate asserts, it asserts ON these.
          - the configured host set is the fleet this gate is meant to measure: .keel-hosts (or $KEEL_REMOTE_HOSTS) is the only statement of that intent, so there is no second source to check it against
          - each name reaches the machine it is meant to reach: every witness of a host's identity — cpuinfo, the CPU model that enters the record, the hostname itself — is reported BY the host under test, so a name pointed at the wrong machine reports consistently about the wrong machine

gate-p3 tally: 26 PASS / 0 FAIL / 0 UNMEASURED / 2 BASELINE / 3 REPORTED
gate-p3: GREEN
